Archive member included because of file (symbol)

contiki-sky.a(serial-shell.o)
                              example-shell.co (serial_shell_init)
contiki-sky.a(shell.o)        contiki-sky.a(serial-shell.o) (shell_input)
contiki-sky.a(shell-vars.o)   example-shell.co (shell_vars_init)
contiki-sky.a(shell-ps.o)     example-shell.co (shell_ps_init)
contiki-sky.a(shell-blink.o)  example-shell.co (shell_blink_init)
contiki-sky.a(shell-text.o)   example-shell.co (shell_text_init)
contiki-sky.a(shell-time.o)   example-shell.co (shell_time_init)
contiki-sky.a(shell-file.o)   example-shell.co (shell_file_init)
contiki-sky.a(shell-run.o)    example-shell.co (shell_run_init)
contiki-sky.a(shell-power.o)  example-shell.co (shell_power_init)
contiki-sky.a(shell-base64.o)
                              example-shell.co (shell_base64_init)
contiki-sky.a(shell-rime.o)   example-shell.co (shell_rime_init)
contiki-sky.a(shell-sendtest.)
                              example-shell.co (shell_sendtest_init)
contiki-sky.a(shell-rime-ping)
                              example-shell.co (shell_rime_ping_init)
contiki-sky.a(shell-rime-snif)
                              example-shell.co (shell_rime_sniff_init)
contiki-sky.a(shell-rime-netc)
                              example-shell.co (shell_rime_netcmd_init)
contiki-sky.a(shell-rime-debu)
                              example-shell.co (shell_rime_debug_init)
contiki-sky.a(shell-rime-send)
                              example-shell.co (shell_rime_sendcmd_init)
contiki-sky.a(shell-download.)
                              example-shell.co (shell_download_init)
contiki-sky.a(shell-wget.o)   example-shell.co (shell_wget_init)
contiki-sky.a(shell-httpd.o)  example-shell.co (shell_httpd_init)
contiki-sky.a(shell-irc.o)    example-shell.co (shell_irc_init)
contiki-sky.a(shell-tcpsend.o)
                              example-shell.co (shell_tcpsend_init)
contiki-sky.a(shell-udpsend.o)
                              example-shell.co (shell_udpsend_init)
contiki-sky.a(http-strings.o)
                              contiki-sky.a(shell-wget.o) (http_http)
contiki-sky.a(httpd-cfs.o)    contiki-sky.a(shell-httpd.o) (httpd_appcall)
contiki-sky.a(urlconv.o)      contiki-sky.a(httpd-cfs.o) (urlconv_init)
contiki-sky.a(webclient.o)    contiki-sky.a(shell-wget.o) (webclient_get)
contiki-sky.a(http-user-agent)
                              contiki-sky.a(webclient.o) (http_user_agent_fields)
contiki-sky.a(ircc.o)         contiki-sky.a(shell-irc.o) (ircc_appcall)
contiki-sky.a(ircc-strings.o)
                              contiki-sky.a(ircc.o) (ircc_strings_version_string)
contiki-sky.a(telnet.o)       contiki-sky.a(shell-tcpsend.o) (telnet_send)
contiki-sky.a(contiki-sky-pla)
                              obj_sky/contiki-sky-main.o (init_platform)
contiki-sky.a(button-sensor.o)
                              contiki-sky.a(contiki-sky-pla) (button_sensor)
contiki-sky.a(ds2411.o)       obj_sky/contiki-sky-main.o (ds2411_init)
contiki-sky.a(xmem.o)         obj_sky/contiki-sky-main.o (xmem_init)
contiki-sky.a(node-id.o)      obj_sky/contiki-sky-main.o (node_id_restore)
contiki-sky.a(sensors.o)      contiki-sky.a(button-sensor.o) (sensors_changed)
contiki-sky.a(cfs-coffee.o)   contiki-sky.a(shell-file.o) (cfs_open)
contiki-sky.a(cc2420.o)       obj_sky/contiki-sky-main.o (cc2420_set_pan_addr)
contiki-sky.a(cc2420-arch.o)  contiki-sky.a(cc2420.o) (cc2420_arch_init)
contiki-sky.a(uart1.o)        obj_sky/contiki-sky-main.o (uart1_active)
contiki-sky.a(slip_uart1.o)   obj_sky/contiki-sky-main.o (putchar)
contiki-sky.a(slip.o)         obj_sky/contiki-sky-main.o (slip_set_input_callback)
contiki-sky.a(crc16.o)        contiki-sky.a(shell-rime.o) (crc16_data)
contiki-sky.a(msp430.o)       contiki-sky.a(uart1.o) (msp430_add_lpm_req)
contiki-sky.a(clock.o)        contiki-sky.a(shell-time.o) (clock_time)
contiki-sky.a(leds.o)         obj_sky/contiki-sky-main.o (leds_init)
contiki-sky.a(leds-arch.o)    contiki-sky.a(leds.o) (leds_arch_init)
contiki-sky.a(watchdog.o)     obj_sky/contiki-sky-main.o (watchdog_start)
contiki-sky.a(rtimer-arch.o)  obj_sky/contiki-sky-main.o (rtimer_arch_now)
contiki-sky.a(autostart.o)    obj_sky/contiki-sky-main.o (autostart_start)
contiki-sky.a(compower.o)     contiki-sky.a(shell-power.o) (compower_idle_activity)
contiki-sky.a(ctimer.o)       obj_sky/contiki-sky-main.o (ctimer_init)
contiki-sky.a(energest.o)     obj_sky/contiki-sky-main.o (energest_init)
contiki-sky.a(etimer.o)       contiki-sky.a(clock.o) (etimer_request_poll)
contiki-sky.a(process.o)      contiki-sky.a(shell.o) (process_current)
contiki-sky.a(rtimer.o)       obj_sky/contiki-sky-main.o (rtimer_init)
contiki-sky.a(timer.o)        obj_sky/contiki-sky-main.o (timer_set)
contiki-sky.a(serial-line.o)  contiki-sky.a(serial-shell.o) (serial_line_event_message)
contiki-sky.a(list.o)         contiki-sky.a(shell.o) (list_init)
contiki-sky.a(random.o)       obj_sky/contiki-sky-main.o (random_init)
[...]
Memory Configuration

Name             Origin             Length             Attributes
sfr              0x00000000         0x00000010
peripheral_8bit  0x00000010         0x000000f0
peripheral_16bit 0x00000100         0x00000100
ram_mirror       0x00000200         0x00000800         xw
infomem          0x00001000         0x00000100
infob            0x00001000         0x00000080
infoa            0x00001080         0x00000080
ram              0x00001100         0x00002800         xw
rom              0x00004000         0x0000bfe0         xr
vectors          0x0000ffe0         0x00000020
bsl              0x00000000         0x00000000
infoc            0x00000000         0x00000000
infod            0x00000000         0x00000000
ram2             0x00000000         0x00000000         xw
usbram           0x00000000         0x00000000         xw
far_rom          0x00000000         0x00000000
*default*        0x00000000         0xffffffff

Linker script and memory map

LOAD /usr/local/msp430/bin/../lib/gcc/msp430/4.7.0/mmpy-16/crt0ivtbl16.o
LOAD example-shell.co
LOAD obj_sky/contiki-sky-main.o
LOAD contiki-sky.a
LOAD /usr/local/msp430/bin/../lib/gcc/msp430/4.7.0/mmpy-16/libgcc.a
LOAD /usr/local/msp430/bin/../lib/gcc/msp430/4.7.0/../../../../msp430/lib/mmpy-16/libc.a
LOAD /usr/local/msp430/bin/../lib/gcc/msp430/4.7.0/mmpy-16/libgcc.a
LOAD /usr/local/msp430/bin/../lib/gcc/msp430/4.7.0/mmpy-16/libcrt0.a
                0x00000080                PROVIDE (__info_segment_size, 0x80)
                0x00001000                PROVIDE (__infob, 0x1000)
                0x00001080                PROVIDE (__infoa, 0x1080)
                0x00000000                __IE1 = 0x0
                0x00000002                __IFG1 = 0x2
                0x00000004                __ME1 = 0x4
                0x00000001                __IE2 = 0x1
                0x00000003                __IFG2 = 0x3
                0x00000005                __ME2 = 0x5
                0x00000120                __WDTCTL = 0x120
                0x00000130                __MPY = 0x130
                0x00000132                __MPYS = 0x132
                0x00000134                __MAC = 0x134
                0x00000136                __MACS = 0x136
                0x00000138                __OP2 = 0x138
                0x0000013a                __RESLO = 0x13a
                0x0000013c                __RESHI = 0x13c
                0x0000013e                __SUMEXT = 0x13e
                0x00000020                __P1IN = 0x20
                0x00000021                __P1OUT = 0x21
                0x00000022                __P1DIR = 0x22
                0x00000023                __P1IFG = 0x23
                0x00000024                __P1IES = 0x24
                0x00000025                __P1IE = 0x25
                0x00000026                __P1SEL = 0x26
                0x00000028                __P2IN = 0x28
                0x00000029                __P2OUT = 0x29
                0x0000002a                __P2DIR = 0x2a
                0x0000002b                __P2IFG = 0x2b
                0x0000002c                __P2IES = 0x2c
                0x0000002d                __P2IE = 0x2d
                0x0000002e                __P2SEL = 0x2e
                0x00000018                __P3IN = 0x18
                0x00000019                __P3OUT = 0x19
                0x0000001a                __P3DIR = 0x1a
                0x0000001b                __P3SEL = 0x1b
                0x0000001c                __P4IN = 0x1c
                0x0000001d                __P4OUT = 0x1d
                0x0000001e                __P4DIR = 0x1e
                0x0000001f                __P4SEL = 0x1f
                0x00000030                __P5IN = 0x30
                0x00000031                __P5OUT = 0x31
                0x00000032                __P5DIR = 0x32
                0x00000033                __P5SEL = 0x33
                0x00000034                __P6IN = 0x34
                0x00000035                __P6OUT = 0x35
                0x00000036                __P6DIR = 0x36
                0x00000037                __P6SEL = 0x37
                0x00000070                __U0CTL = 0x70
                0x00000071                __U0TCTL = 0x71
                0x00000072                __U0RCTL = 0x72
                0x00000073                __U0MCTL = 0x73
                0x00000074                __U0BR0 = 0x74
                0x00000075                __U0BR1 = 0x75
                0x00000076                __U0RXBUF = 0x76
                0x00000077                __U0TXBUF = 0x77
                0x00000078                __U1CTL = 0x78
                0x00000079                __U1TCTL = 0x79
                0x0000007a                __U1RCTL = 0x7a
                0x0000007b                __U1MCTL = 0x7b
                0x0000007c                __U1BR0 = 0x7c
                0x0000007d                __U1BR1 = 0x7d
                0x0000007e                __U1RXBUF = 0x7e
                0x0000007f                __U1TXBUF = 0x7f
                0x00000050                __I2CIE = 0x50
                0x00000051                __I2CIFG = 0x51
                0x00000052                __I2CNDAT = 0x52
                0x00000071                __I2CTCTL = 0x71
                0x00000072                __I2CDCTL = 0x72
                0x00000073                __I2CPSC = 0x73
                0x00000074                __I2CSCLH = 0x74
                0x00000075                __I2CSCLL = 0x75
                0x00000076                __I2CDRB = 0x76
                0x00000076                __I2CDRW = 0x76
                0x00000118                __I2COA = 0x118
                0x0000011a                __I2CSA = 0x11a
                0x0000011c                __I2CIV = 0x11c
                0x0000012e                __TAIV = 0x12e
                0x00000160                __TACTL = 0x160
                0x00000162                __TACCTL0 = 0x162
                0x00000164                __TACCTL1 = 0x164
                0x00000166                __TACCTL2 = 0x166
                0x00000170                __TAR = 0x170
                0x00000172                __TACCR0 = 0x172
                0x00000174                __TACCR1 = 0x174
                0x00000176                __TACCR2 = 0x176
                0x0000011e                __TBIV = 0x11e
                0x00000180                __TBCTL = 0x180
                0x00000182                __TBCCTL0 = 0x182
                0x00000184                __TBCCTL1 = 0x184
                0x00000186                __TBCCTL2 = 0x186
                0x00000188                __TBCCTL3 = 0x188
                0x0000018a                __TBCCTL4 = 0x18a
                0x0000018c                __TBCCTL5 = 0x18c
                0x0000018e                __TBCCTL6 = 0x18e
                0x00000190                __TBR = 0x190
                0x00000192                __TBCCR0 = 0x192
                0x00000194                __TBCCR1 = 0x194
                0x00000196                __TBCCR2 = 0x196
                0x00000198                __TBCCR3 = 0x198
                0x0000019a                __TBCCR4 = 0x19a
                0x0000019c                __TBCCR5 = 0x19c
                0x0000019e                __TBCCR6 = 0x19e
                0x00000056                __DCOCTL = 0x56
                0x00000057                __BCSCTL1 = 0x57
                0x00000058                __BCSCTL2 = 0x58
                0x00000055                __SVSCTL = 0x55
                0x00000128                __FCTL1 = 0x128
                0x0000012a                __FCTL2 = 0x12a
                0x0000012c                __FCTL3 = 0x12c
                0x00000059                __CACTL1 = 0x59
                0x0000005a                __CACTL2 = 0x5a
                0x0000005b                __CAPD = 0x5b
                0x000001a0                __ADC12CTL0 = 0x1a0
                0x000001a2                __ADC12CTL1 = 0x1a2
                0x000001a4                __ADC12IFG = 0x1a4
                0x000001a6                __ADC12IE = 0x1a6
                0x000001a8                __ADC12IV = 0x1a8
                0x00000140                __ADC12MEM0 = 0x140
                0x00000142                __ADC12MEM1 = 0x142
                0x00000144                __ADC12MEM2 = 0x144
                0x00000146                __ADC12MEM3 = 0x146
                0x00000148                __ADC12MEM4 = 0x148
                0x0000014a                __ADC12MEM5 = 0x14a
                0x0000014c                __ADC12MEM6 = 0x14c
                0x0000014e                __ADC12MEM7 = 0x14e
                0x00000150                __ADC12MEM8 = 0x150
                0x00000152                __ADC12MEM9 = 0x152
                0x00000154                __ADC12MEM10 = 0x154
                0x00000156                __ADC12MEM11 = 0x156
                0x00000158                __ADC12MEM12 = 0x158
                0x0000015a                __ADC12MEM13 = 0x15a
                0x0000015c                __ADC12MEM14 = 0x15c
                0x0000015e                __ADC12MEM15 = 0x15e
                0x00000080                __ADC12MCTL0 = 0x80
                0x00000081                __ADC12MCTL1 = 0x81
                0x00000082                __ADC12MCTL2 = 0x82
                0x00000083                __ADC12MCTL3 = 0x83
                0x00000084                __ADC12MCTL4 = 0x84
                0x00000085                __ADC12MCTL5 = 0x85
                0x00000086                __ADC12MCTL6 = 0x86
                0x00000087                __ADC12MCTL7 = 0x87
                0x00000088                __ADC12MCTL8 = 0x88
                0x00000089                __ADC12MCTL9 = 0x89
                0x0000008a                __ADC12MCTL10 = 0x8a
                0x0000008b                __ADC12MCTL11 = 0x8b
                0x0000008c                __ADC12MCTL12 = 0x8c
                0x0000008d                __ADC12MCTL13 = 0x8d
                0x0000008e                __ADC12MCTL14 = 0x8e
                0x0000008f                __ADC12MCTL15 = 0x8f
                0x000001c0                __DAC12_0CTL = 0x1c0
                0x000001c2                __DAC12_1CTL = 0x1c2
                0x000001c8                __DAC12_0DAT = 0x1c8
                0x000001ca                __DAC12_1DAT = 0x1ca
                0x00000122                __DMACTL0 = 0x122
                0x00000124                __DMACTL1 = 0x124
                0x000001e0                __DMA0CTL = 0x1e0
                0x000001e8                __DMA1CTL = 0x1e8
                0x000001f0                __DMA2CTL = 0x1f0
                0x000001e2                __DMA0SA = 0x1e2
                0x000001e4                __DMA0DA = 0x1e4
                0x000001e6                __DMA0SZ = 0x1e6
                0x000001ea                __DMA1SA = 0x1ea
                0x000001ec                __DMA1DA = 0x1ec
                0x000001ee                __DMA1SZ = 0x1ee
                0x000001f2                __DMA2SA = 0x1f2
                0x000001f4                __DMA2DA = 0x1f4
                0x000001f6                __DMA2SZ = 0x1f6

.hash
 *(.hash)

.dynsym
 *(.dynsym)

.dynstr
 *(.dynstr)

.gnu.version
 *(.gnu.version)

.gnu.version_d
 *(.gnu.version_d)

.gnu.version_r
 *(.gnu.version_r)

.rel.init
 *(.rel.init)

.rela.init
 *(.rela.init)

.rel.fini
 *(.rel.fini)

.rela.fini
 *(.rela.fini)

.rel.text
 *(.rel.text .rel.text.* .rel.gnu.linkonce.t.*)

.rela.text
 *(.rela.text .rela.text.* .rela.gnu.linkonce.t.*)

.rel.rodata
 *(.rel.rodata .rel.rodata.* .rel.gnu.linkonce.r.*)

.rela.rodata
 *(.rela.rodata .rela.rodata.* .rela.gnu.linkonce.r.*)

.rel.data
 *(.rel.data .rel.data.* .rel.gnu.linkonce.d.*)

.rela.data
 *(.rela.data .rela.data.* .rela.gnu.linkonce.d.*)

.rel.bss
 *(.rel.bss .rel.bss.* .rel.gnu.linkonce.b.*)

.rela.bss
 *(.rela.bss .rela.bss.* .rela.gnu.linkonce.b.*)

.rel.ctors
 *(.rel.ctors)

.rela.ctors
 *(.rela.ctors)

.rel.dtors
 *(.rel.dtors)

.rela.dtors
 *(.rela.dtors)

.rel.got
 *(.rel.got)

.rela.got
 *(.rela.got)

.rel.plt
 *(.rel.plt)

.rela.plt
 *(.rela.plt)

.text           0x00004000    0x108e0
                0x00004000                . = ALIGN (0x2)
 *(.init .init.*)
 *(.init0)
 .init0         0x00004000        0x0 /usr/local/msp430/bin/../lib/gcc/msp430/4.7.0/mmpy-16/libcrt0.a(_reset_vector__.o)
                0x00004000                _reset_vector__
 *(.init1)
 .init1         0x00004000        0xc /usr/local/msp430/bin/../lib/gcc/msp430/4.7.0/mmpy-16/libcrt0.a(__watchdog_support.o)
                0x00004000                __watchdog_support
 *(.init2)
 .init2         0x0000400c        0x4 /usr/local/msp430/bin/../lib/gcc/msp430/4.7.0/mmpy-16/libcrt0.a(__init_stack.o)
                0x0000400c                __init_stack
 *(.init3)
 .init3         0x00004010        0x0 /usr/local/msp430/bin/../lib/gcc/msp430/4.7.0/mmpy-16/libcrt0.a(__low_level_init.o)
                0x00004010                __low_level_init
 *(.init4)
 .init4         0x00004010       0x18 /usr/local/msp430/bin/../lib/gcc/msp430/4.7.0/mmpy-16/libcrt0.a(_copy_data.o)
                0x00004010                __do_copy_data
 .init4         0x00004028       0x16 /usr/local/msp430/bin/../lib/gcc/msp430/4.7.0/mmpy-16/libcrt0.a(_clear_bss.o)
                0x00004028                __do_clear_bss
 *(.init5)
 *(.init6)
 *(.init7)
 *(.init8)
 *(.init9)
 .init9         0x0000403e      0x386 obj_sky/contiki-sky-main.o
                0x0000403e                main
 *(.fini9)
 .fini9         0x000043c4        0x0 /usr/local/msp430/bin/../lib/gcc/msp430/4.7.0/mmpy-16/libcrt0.a(__stop_progExec__.o)
                0x000043c4                __stop_progExec__
 *(.fini8)
 *(.fini7)
 *(.fini6)
 *(.fini5)
 *(.fini4)
 *(.fini3)
 *(.fini2)
 *(.fini1)
 *(.fini0)
 .fini0         0x000043c4        0x6 /usr/local/msp430/bin/../lib/gcc/msp430/4.7.0/mmpy-16/libcrt0.a(_endless_loop__.o)
                0x000043c4                _endless_loop__
 *(.fini .fini.*)
                0x000043ca                . = ALIGN (0x2)
                0x000043ca                __ctors_start = .
 *(.ctors)
                0x000043ca                __ctors_end = .
                0x000043ca                __dtors_start = .
 *(.dtors)
                0x000043ca                __dtors_end = .
                0x000043ca                . = ALIGN (0x2)
 *(.text .text.* .gnu.linkonce.t.*)
 .text          0x000043ca        0x4 /usr/local/msp430/bin/../lib/gcc/msp430/4.7.0/mmpy-16/crt0ivtbl16.o
                0x000043ca                __isr_14
                0x000043ca                __isr_11
                0x000043ca                __isr_2
                0x000043ca                __isr_7
                0x000043ca                __isr_0
                0x000043ca                __isr_8
                0x000043ca                __isr_3
                0x000043ca                __isr_12
                0x000043ca                __isr_13
                0x000043ca                __isr_9
 .text.process_thread_example_shell_process
                0x000043ce       0x72 example-shell.co
 .text.set_gateway
                0x00004440       0x5a obj_sky/contiki-sky-main.o
 .text.start_network_layer
                0x0000449a       0x3c obj_sky/contiki-sky-main.o
 .text.process_thread_serial_shell_process
                0x000044d6       0x52 contiki-sky.a(serial-shell.o)
 .text.shell_default_output
                0x00004528       0x66 contiki-sky.a(serial-shell.o)
                0x00004528                shell_default_output
 .text.shell_prompt
                0x0000458e       0x1a contiki-sky.a(serial-shell.o)
                0x0000458e                shell_prompt
 .text.shell_exit
                0x000045a8        0x2 contiki-sky.a(serial-shell.o)
                0x000045a8                shell_exit
 .text.serial_shell_init
                0x000045aa        0xc contiki-sky.a(serial-shell.o)
                0x000045aa                serial_shell_init
 .text.process_thread_shell_null_process
                0x000045b6       0x40 contiki-sky.a(shell.o)
 .text.process_thread_shell_exit_process
                0x000045f6       0x1a contiki-sky.a(shell.o)
 .text.input_to_child_command
                0x00004610       0x4a contiki-sky.a(shell.o)
 .text.shell_output_str.part.1
                0x0000465a       0x2a contiki-sky.a(shell.o)
 .text.shell_input
                0x00004684       0x5a contiki-sky.a(shell.o)
                0x00004684                shell_input
 .text.shell_output_str
                0x000046de       0x4a contiki-sky.a(shell.o)
                0x000046de                shell_output_str
 .text.command_kill
                0x00004728       0x24 contiki-sky.a(shell.o)
 .text.killall  0x0000474c       0x30 contiki-sky.a(shell.o)
 .text.process_thread_shell_killall_process
                0x0000477c       0x1a contiki-sky.a(shell.o)
 .text.start_command
                0x00004796      0x162 contiki-sky.a(shell.o)
 .text.shell_start_command
                0x000048f8       0x4c contiki-sky.a(shell.o)
                0x000048f8                shell_start_command
 .text.process_thread_shell_process
                0x00004944       0xc2 contiki-sky.a(shell.o)
 .text.process_thread_shell_kill_process
                0x00004a06       0x88 contiki-sky.a(shell.o)
 .text.process_thread_help_command_process
                0x00004a8e       0x4c contiki-sky.a(shell.o)
 .text.shell_output
                0x00004ada       0x3a contiki-sky.a(shell.o)
                0x00004ada                shell_output
 .text.shell_register_command
                0x00004b14       0x6a contiki-sky.a(shell.o)
                0x00004b14                shell_register_command
 .text.shell_init
                0x00004b7e       0x68 contiki-sky.a(shell.o)
                0x00004b7e                shell_init
 .text.shell_strtolong
                0x00004be6       0xa2 contiki-sky.a(shell.o)
                0x00004be6                shell_strtolong
 .text.shell_time
                0x00004c88        0xe contiki-sky.a(shell.o)
                0x00004c88                shell_time
 .text.shell_set_time
                0x00004c96       0x22 contiki-sky.a(shell.o)
                0x00004c96                shell_set_time
 .text.process_thread_shell_server_process
                0x00004cb8       0xa4 contiki-sky.a(shell.o)
 .text.process_thread_shell_vars_process
                0x00004d5c       0x62 contiki-sky.a(shell-vars.o)
 .text.process_thread_shell_var_process
                0x00004dbe      0x128 contiki-sky.a(shell-vars.o)
 .text.shell_vars_init
                0x00004ee6       0x12 contiki-sky.a(shell-vars.o)
                0x00004ee6                shell_vars_init
 .text.process_thread_shell_ps_process
                0x00004ef8       0x5a contiki-sky.a(shell-ps.o)
 .text.shell_ps_init
                0x00004f52        0xa contiki-sky.a(shell-ps.o)
                0x00004f52                shell_ps_init
 .text.process_thread_shell_blink_process
                0x00004f5c      0x16c contiki-sky.a(shell-blink.o)
 .text.shell_blink_init
                0x000050c8        0xa contiki-sky.a(shell-blink.o)
                0x000050c8                shell_blink_init
 .text.process_thread_shell_size_process
                0x000050d2       0xae contiki-sky.a(shell-text.o)
 .text.process_thread_shell_hd_process
                0x00005180      0x10c contiki-sky.a(shell-text.o)
 .text.process_thread_shell_binprint_process
                0x0000528c      0x124 contiki-sky.a(shell-text.o)
 .text.process_thread_shell_echo_process
                0x000053b0       0x34 contiki-sky.a(shell-text.o)
 .text.shell_text_init
                0x000053e4       0x22 contiki-sky.a(shell-text.o)
                0x000053e4                shell_text_init
 .text.repeat_print_usage
                0x00005406       0x12 contiki-sky.a(shell-time.o)
 .text.process_thread_shell_randwait_process
                0x00005418      0x126 contiki-sky.a(shell-time.o)
 .text.process_thread_shell_repeat_server_process
                0x0000553e       0xa2 contiki-sky.a(shell-time.o)
 .text.process_thread_shell_repeat_process
                0x000055e0      0x14e contiki-sky.a(shell-time.o)
 .text.process_thread_shell_timestamp_process
                0x0000572e       0xb8 contiki-sky.a(shell-time.o)
 .text.process_thread_shell_time_process
                0x000057e6       0x84 contiki-sky.a(shell-time.o)
 .text.shell_time_init
                0x0000586a       0x22 contiki-sky.a(shell-time.o)
                0x0000586a                shell_time_init
 .text.process_thread_shell_rm_process
                0x0000588c       0x20 contiki-sky.a(shell-file.o)
 .text.process_thread_shell_read_process
                0x000058ac      0x190 contiki-sky.a(shell-file.o)
 .text.process_thread_shell_write_process
                0x00005a3c       0xe2 contiki-sky.a(shell-file.o)
 .text.process_thread_shell_append_process
                0x00005b1e       0xbe contiki-sky.a(shell-file.o)
 .text.process_thread_shell_ls_process
                0x00005bdc       0xb8 contiki-sky.a(shell-file.o)
 .text.shell_file_init
                0x00005c94       0x2a contiki-sky.a(shell-file.o)
                0x00005c94                shell_file_init
 .text.process_thread_shell_run_process
                0x00005cbe       0x48 contiki-sky.a(shell-run.o)
 .text.shell_run_init
                0x00005d06        0xa contiki-sky.a(shell-run.o)
                0x00005d06                shell_run_init
 .text.printpower
                0x00005d10      0x2a0 contiki-sky.a(shell-power.o)
 .text.process_thread_shell_powerconv_process
                0x00005fb0       0x8c contiki-sky.a(shell-power.o)
 .text.process_thread_shell_energy_process
                0x0000603c       0x94 contiki-sky.a(shell-power.o)
 .text.process_thread_shell_power_process
                0x000060d0      0x120 contiki-sky.a(shell-power.o)
 .text.shell_power_init
                0x000061f0       0x1a contiki-sky.a(shell-power.o)
                0x000061f0                shell_power_init
 .text.base64_add_char
                0x0000620a      0x10c contiki-sky.a(shell-base64.o)
 .text.process_thread_shell_dec64_process
                0x00006316       0xb6 contiki-sky.a(shell-base64.o)
 .text.shell_base64_init
                0x000063cc        0xa contiki-sky.a(shell-base64.o)
                0x000063cc                shell_base64_init
 .text.process_thread_shell_packetize_process
                0x000063d6       0xe8 contiki-sky.a(shell-rime.o)
 .text.process_thread_shell_routes_process
                0x000064be       0x90 contiki-sky.a(shell-rime.o)
 .text.process_thread_shell_collect_process
                0x0000654e       0x4c contiki-sky.a(shell-rime.o)
 .text.process_thread_shell_mac_process
                0x0000659a       0x6e contiki-sky.a(shell-rime.o)
 .text.process_thread_shell_send_process
                0x00006608       0xd0 contiki-sky.a(shell-rime.o)
 .text.recv_collect
                0x000066d8       0xb6 contiki-sky.a(shell-rime.o)
 .text.shell_rime_init
                0x0000678e       0x4a contiki-sky.a(shell-rime.o)
                0x0000678e                shell_rime_init
 .text.write_chunk
                0x000067d8        0x2 contiki-sky.a(shell-sendtest.)
 .text.print_usage
                0x000067da       0x12 contiki-sky.a(shell-sendtest.)
 .text.process_thread_shell_sendtest_process
                0x000067ec      0x3f4 contiki-sky.a(shell-sendtest.)
 .text.read_chunk
                0x00006be0       0xac contiki-sky.a(shell-sendtest.)
 .text.shell_sendtest_init
                0x00006c8c       0x1a contiki-sky.a(shell-sendtest.)
                0x00006c8c                shell_sendtest_init
 .text.timedout_mesh
                0x00006ca6        0x2 contiki-sky.a(shell-rime-ping)
 .text.sent_mesh
                0x00006ca8        0x2 contiki-sky.a(shell-rime-ping)
 .text.process_thread_shell_rime_ping_process
                0x00006caa      0x160 contiki-sky.a(shell-rime-ping)
 .text.recv_mesh
                0x00006e0a      0x158 contiki-sky.a(shell-rime-ping)
 .text.shell_rime_ping_init
                0x00006f62       0x1a contiki-sky.a(shell-rime-ping)
                0x00006f62                shell_rime_ping_init
 .text.process_thread_shell_sniff_process
                0x00006f7c       0x68 contiki-sky.a(shell-rime-snif)
 .text.sniff_attributes_output
                0x00006fe4       0x6a contiki-sky.a(shell-rime-snif)
 .text.sniff_packet_output
                0x0000704e       0x50 contiki-sky.a(shell-rime-snif)
 .text.output_sniffer
                0x0000709e       0x18 contiki-sky.a(shell-rime-snif)
 .text.input_sniffer
                0x000070b6       0x16 contiki-sky.a(shell-rime-snif)
 .text.shell_rime_sniff_init
                0x000070cc        0xa contiki-sky.a(shell-rime-snif)
                0x000070cc                shell_rime_sniff_init
 .text.process_thread_shell_netcmd_server_process
                0x000070d6       0x86 contiki-sky.a(shell-rime-netc)
 .text.process_thread_shell_netcmd_process
                0x0000715c       0xc4 contiki-sky.a(shell-rime-netc)
 .text.recv_trickle
                0x00007220       0x4e contiki-sky.a(shell-rime-netc)
 .text.shell_rime_netcmd_init
                0x0000726e       0x22 contiki-sky.a(shell-rime-netc)
                0x0000726e                shell_rime_netcmd_init
 .text.process_thread_shell_unicast_process
                0x00007290      0x126 contiki-sky.a(shell-rime-debu)
 .text.process_thread_shell_broadcast_process
                0x000073b6       0x98 contiki-sky.a(shell-rime-debu)
 .text.recv_broadcast
                0x0000744e       0x38 contiki-sky.a(shell-rime-debu)
 .text.recv_uc  0x00007486       0x38 contiki-sky.a(shell-rime-debu)
 .text.shell_rime_debug_init
                0x000074be       0x32 contiki-sky.a(shell-rime-debu)
                0x000074be                shell_rime_debug_init
 .text.process_thread_shell_sendcmd_server_process
                0x000074f0       0x74 contiki-sky.a(shell-rime-send)
 .text.process_thread_shell_sendcmd_process
                0x00007564      0x13a contiki-sky.a(shell-rime-send)
 .text.recv_uc  0x0000769e       0x4e contiki-sky.a(shell-rime-send)
 .text.shell_rime_sendcmd_init
                0x000076ec       0x1a contiki-sky.a(shell-rime-send)
                0x000076ec                shell_rime_sendcmd_init
 .text.timedout
                0x00007706        0x2 contiki-sky.a(shell-download.)
 .text.request_timedout
                0x00007708       0x1e contiki-sky.a(shell-download.)
 .text.request_sent
                0x00007726        0xa contiki-sky.a(shell-download.)
 .text.read_chunk
                0x00007730       0x58 contiki-sky.a(shell-download.)
 .text.process_thread_shell_download_process
                0x00007788      0x156 contiki-sky.a(shell-download.)
 .text.process_thread_shell_download_server_process
                0x000078de       0x50 contiki-sky.a(shell-download.)
 .text.request_recv
                0x0000792e       0x88 contiki-sky.a(shell-download.)
 .text.write_chunk
                0x000079b6       0x30 contiki-sky.a(shell-download.)
 .text.shell_download_init
                0x000079e6       0x24 contiki-sky.a(shell-download.)
                0x000079e6                shell_download_init
 .text.open_url.constprop.0
                0x00007a0a      0x17c contiki-sky.a(shell-wget.o)
 .text.process_thread_shell_wget_process
                0x00007b86       0x82 contiki-sky.a(shell-wget.o)
 .text.shell_wget_init
                0x00007c08        0xa contiki-sky.a(shell-wget.o)
                0x00007c08                shell_wget_init
 .text.webclient_datahandler
                0x00007c12       0x1e contiki-sky.a(shell-wget.o)
                0x00007c12                webclient_datahandler
 .text.webclient_connected
                0x00007c30       0x12 contiki-sky.a(shell-wget.o)
                0x00007c30                webclient_connected
 .text.webclient_timedout
                0x00007c42       0x16 contiki-sky.a(shell-wget.o)
                0x00007c42                webclient_timedout
 .text.webclient_aborted
                0x00007c58       0x16 contiki-sky.a(shell-wget.o)
                0x00007c58                webclient_aborted
 .text.webclient_closed
                0x00007c6e       0x16 contiki-sky.a(shell-wget.o)
                0x00007c6e                webclient_closed
 .text.process_thread_shell_httpd_process
                0x00007c84       0x40 contiki-sky.a(shell-httpd.o)
 .text.shell_httpd_init
                0x00007cc4        0xa contiki-sky.a(shell-httpd.o)
                0x00007cc4                shell_httpd_init
 .text.webserver_log_file
                0x00007cce       0x52 contiki-sky.a(shell-httpd.o)
                0x00007cce                webserver_log_file
 .text.webserver_log
                0x00007d20       0x10 contiki-sky.a(shell-httpd.o)
                0x00007d20                webserver_log
 .text.ircc_text_output
                0x00007d30       0x48 contiki-sky.a(shell-irc.o)
                0x00007d30                ircc_text_output
 .text.process_thread_shell_irc_process
                0x00007d78      0x19e contiki-sky.a(shell-irc.o)
 .text.ircc_sent
                0x00007f16        0x2 contiki-sky.a(shell-irc.o)
                0x00007f16                ircc_sent
 .text.ircc_closed
                0x00007f18       0x12 contiki-sky.a(shell-irc.o)
                0x00007f18                ircc_closed
 .text.ircc_connected
                0x00007f2a        0xe contiki-sky.a(shell-irc.o)
                0x00007f2a                ircc_connected
 .text.shell_irc_init
                0x00007f38        0xa contiki-sky.a(shell-irc.o)
                0x00007f38                shell_irc_init
 .text.process_thread_shell_tcpsend_process
                0x00007f42      0x10e contiki-sky.a(shell-tcpsend.o)
 .text.telnet_text_output
                0x00008050       0x48 contiki-sky.a(shell-tcpsend.o)
                0x00008050                telnet_text_output
 .text.telnet_newdata
                0x00008098       0x12 contiki-sky.a(shell-tcpsend.o)
                0x00008098                telnet_newdata
 .text.telnet_sent
                0x000080aa        0x6 contiki-sky.a(shell-tcpsend.o)
                0x000080aa                telnet_sent
 .text.telnet_closed
                0x000080b0       0x12 contiki-sky.a(shell-tcpsend.o)
                0x000080b0                telnet_closed
 .text.telnet_aborted
                0x000080c2       0x12 contiki-sky.a(shell-tcpsend.o)
                0x000080c2                telnet_aborted
 .text.telnet_timedout
                0x000080d4       0x12 contiki-sky.a(shell-tcpsend.o)
                0x000080d4                telnet_timedout
 .text.telnet_connected
                0x000080e6        0xe contiki-sky.a(shell-tcpsend.o)
                0x000080e6                telnet_connected
 .text.shell_tcpsend_init
                0x000080f4        0xa contiki-sky.a(shell-tcpsend.o)
                0x000080f4                shell_tcpsend_init
 .text.process_thread_shell_udpsend_process
                0x000080fe      0x12a contiki-sky.a(shell-udpsend.o)
 .text.shell_udpsend_init
                0x00008228        0xa contiki-sky.a(shell-udpsend.o)
                0x00008228                shell_udpsend_init
 .text.handle_input
                0x00008232      0x112 contiki-sky.a(httpd-cfs.o)
 .text.send_headers
                0x00008344       0xf6 contiki-sky.a(httpd-cfs.o)
 .text.handle_output
                0x0000843a      0x170 contiki-sky.a(httpd-cfs.o)
 .text.httpd_appcall
                0x000085aa      0x102 contiki-sky.a(httpd-cfs.o)
                0x000085aa                httpd_appcall
 .text.httpd_init
                0x000086ac       0x16 contiki-sky.a(httpd-cfs.o)
                0x000086ac                httpd_init
 .text.urlconv_init
                0x000086c2       0x32 contiki-sky.a(urlconv.o)
                0x000086c2                urlconv_init
 .text.urlconv_tofilename
                0x000086f4      0x1a2 contiki-sky.a(urlconv.o)
                0x000086f4                urlconv_tofilename
 .text.window_copy
                0x00008896       0x54 contiki-sky.a(webclient.o)
 .text.senddata.part.0
                0x000088ea       0xca contiki-sky.a(webclient.o)
 .text.casecmp.constprop.1
                0x000089b4       0x40 contiki-sky.a(webclient.o)
 .text.webclient_get
                0x000089f4       0xbe contiki-sky.a(webclient.o)
                0x000089f4                webclient_get
 .text.webclient_appcall
                0x00008ab2      0x376 contiki-sky.a(webclient.o)
                0x00008ab2                webclient_appcall
 .text.parse_whitespace
                0x00008e28       0x16 contiki-sky.a(ircc.o)
 .text.copystr  0x00008e3e       0x36 contiki-sky.a(ircc.o)
 .text.parse_word
                0x00008e74       0x16 contiki-sky.a(ircc.o)
 .text.handle_connection
                0x00008e8a      0x922 contiki-sky.a(ircc.o)
 .text.ircc_appcall
                0x000097ac       0x4c contiki-sky.a(ircc.o)
                0x000097ac                ircc_appcall
 .text.ircc_connect
                0x000097f8       0x36 contiki-sky.a(ircc.o)
                0x000097f8                ircc_connect
 .text.ircc_list
                0x0000982e        0x8 contiki-sky.a(ircc.o)
                0x0000982e                ircc_list
 .text.ircc_join
                0x00009836       0x18 contiki-sky.a(ircc.o)
                0x00009836                ircc_join
 .text.ircc_part
                0x0000984e        0x6 contiki-sky.a(ircc.o)
                0x0000984e                ircc_part
 .text.ircc_quit
                0x00009854        0x8 contiki-sky.a(ircc.o)
                0x00009854                ircc_quit
 .text.ircc_msg
                0x0000985c        0xc contiki-sky.a(ircc.o)
                0x0000985c                ircc_msg
 .text.ircc_actionmsg
                0x00009868        0xa contiki-sky.a(ircc.o)
                0x00009868                ircc_actionmsg
 .text.senddata
                0x00009872       0x34 contiki-sky.a(telnet.o)
 .text.telnet_send
                0x000098a6       0x1a contiki-sky.a(telnet.o)
                0x000098a6                telnet_send
 .text.telnet_connect
                0x000098c0       0x26 contiki-sky.a(telnet.o)
                0x000098c0                telnet_connect
 .text.telnet_app
                0x000098e6       0xae contiki-sky.a(telnet.o)
                0x000098e6                telnet_app
 .text.init_platform
                0x00009994        0xc contiki-sky.a(contiki-sky-pla)
                0x00009994                init_platform
 .text.status   0x000099a0       0x18 contiki-sky.a(button-sensor.o)
 .text.value    0x000099b8       0x20 contiki-sky.a(button-sensor.o)
 .text.configure
                0x000099d8       0x4c contiki-sky.a(button-sensor.o)
 .text.irq_p2   0x00009a24       0x88 contiki-sky.a(button-sensor.o)
                0x00009a24                irq_p2
                0x00009a24                __isr_1
 .text.owreadb  0x00009aac       0x50 contiki-sky.a(ds2411.o)
 .text.ds2411_init
                0x00009afc      0x120 contiki-sky.a(ds2411.o)
                0x00009afc                ds2411_init
 .text.write_enable
                0x00009c1c       0x28 contiki-sky.a(xmem.o)
 .text.wait_ready
                0x00009c44       0x4a contiki-sky.a(xmem.o)
 .text.xmem_init
                0x00009c8e       0x3c contiki-sky.a(xmem.o)
                0x00009c8e                xmem_init
 .text.xmem_pread
                0x00009cca       0xe0 contiki-sky.a(xmem.o)
                0x00009cca                xmem_pread
 .text.xmem_pwrite
                0x00009daa      0x13a contiki-sky.a(xmem.o)
                0x00009daa                xmem_pwrite
 .text.xmem_erase
                0x00009ee4       0xba contiki-sky.a(xmem.o)
                0x00009ee4                xmem_erase
 .text.node_id_restore
                0x00009f9e       0x38 contiki-sky.a(node-id.o)
                0x00009f9e                node_id_restore
 .text.process_thread_sensors_process
                0x00009fd6       0xc2 contiki-sky.a(sensors.o)
 .text.sensors_changed
                0x0000a098       0x2a contiki-sky.a(sensors.o)
                0x0000a098                sensors_changed
 .text.next_file
                0x0000a0c2       0x22 contiki-sky.a(cfs-coffee.o)
 .text.load_file
                0x0000a0e4       0x6c contiki-sky.a(cfs-coffee.o)
 .text.read_header
                0x0000a150       0x26 contiki-sky.a(cfs-coffee.o)
 .text.find_file
                0x0000a176       0xaa contiki-sky.a(cfs-coffee.o)
 .text.find_contiguous_pages
                0x0000a220       0x74 contiki-sky.a(cfs-coffee.o)
 .text.file_end
                0x0000a294       0xd0 contiki-sky.a(cfs-coffee.o)
 .text.write_header
                0x0000a364       0x2a contiki-sky.a(cfs-coffee.o)
 .text.remove_by_page.isra.0
                0x0000a38e       0xae contiki-sky.a(cfs-coffee.o)
 .text.reserve  0x0000a43c      0x220 contiki-sky.a(cfs-coffee.o)
 .text.read_log_page
                0x0000a65c      0x206 contiki-sky.a(cfs-coffee.o)
 .text.cfs_open
                0x0000a862       0xc2 contiki-sky.a(cfs-coffee.o)
                0x0000a862                cfs_open
 .text.cfs_close
                0x0000a924       0x2e contiki-sky.a(cfs-coffee.o)
                0x0000a924                cfs_close
 .text.cfs_seek
                0x0000a952       0xa4 contiki-sky.a(cfs-coffee.o)
                0x0000a952                cfs_seek
 .text.cfs_remove
                0x0000a9f6       0x1a contiki-sky.a(cfs-coffee.o)
                0x0000a9f6                cfs_remove
 .text.cfs_read
                0x0000aa10      0x14e contiki-sky.a(cfs-coffee.o)
                0x0000aa10                cfs_read
 .text.merge_log
                0x0000ab5e      0x1ac contiki-sky.a(cfs-coffee.o)
 .text.cfs_write
                0x0000ad0a      0x5dc contiki-sky.a(cfs-coffee.o)
                0x0000ad0a                cfs_write
 .text.cfs_opendir
                0x0000b2e6        0xc contiki-sky.a(cfs-coffee.o)
                0x0000b2e6                cfs_opendir
 .text.cfs_readdir
                0x0000b2f2       0x76 contiki-sky.a(cfs-coffee.o)
                0x0000b2f2                cfs_readdir
 .text.cfs_closedir
                0x0000b368        0x2 contiki-sky.a(cfs-coffee.o)
                0x0000b368                cfs_closedir
 .text.get_object
                0x0000b36a        0x4 contiki-sky.a(cc2420.o)
 .text.set_object
                0x0000b36e        0x4 contiki-sky.a(cc2420.o)
 .text.strobe   0x0000b372       0x1c contiki-sky.a(cc2420.o)
 .text.getreg   0x0000b38e       0x4c contiki-sky.a(cc2420.o)
 .text.setreg   0x0000b3da       0x4c contiki-sky.a(cc2420.o)
 .text.write_ram
                0x0000b426       0x7c contiki-sky.a(cc2420.o)
 .text.write_fifo_buf
                0x0000b4a2       0x3c contiki-sky.a(cc2420.o)
 .text.get_status
                0x0000b4de       0x20 contiki-sky.a(cc2420.o)
 .text.set_txpower
                0x0000b4fe       0x24 contiki-sky.a(cc2420.o)
 .text.cc2420_receiving_packet
                0x0000b522        0xc contiki-sky.a(cc2420.o)
 .text.pending_packet
                0x0000b52e        0x8 contiki-sky.a(cc2420.o)
 .text.on       0x0000b536       0x1e contiki-sky.a(cc2420.o)
 .text.wait_for_transmission
                0x0000b554       0x22 contiki-sky.a(cc2420.o)
 .text.wait_for_status
                0x0000b576       0x28 contiki-sky.a(cc2420.o)
 .text.getrxdata
                0x0000b59e       0x50 contiki-sky.a(cc2420.o)
 .text.flushrx  0x0000b5ee       0x1a contiki-sky.a(cc2420.o)
 .text.off      0x0000b608       0x56 contiki-sky.a(cc2420.o)
 .text.RELEASE_LOCK
                0x0000b65e       0x28 contiki-sky.a(cc2420.o)
 .text.set_key  0x0000b686       0x18 contiki-sky.a(cc2420.o)
 .text.cc2420_prepare
                0x0000b69e       0x3c contiki-sky.a(cc2420.o)
 .text.cc2420_on
                0x0000b6da       0x22 contiki-sky.a(cc2420.o)
                0x0000b6da                cc2420_on
 .text.cc2420_off
                0x0000b6fc       0x30 contiki-sky.a(cc2420.o)
                0x0000b6fc                cc2420_off
 .text.cc2420_cca
                0x0000b72c       0x68 contiki-sky.a(cc2420.o)
 .text.cc2420_read
                0x0000b794       0xac contiki-sky.a(cc2420.o)
 .text.process_thread_cc2420_process
                0x0000b840       0x54 contiki-sky.a(cc2420.o)
 .text.encrypt  0x0000b894       0x88 contiki-sky.a(cc2420.o)
 .text.cc2420_set_channel
                0x0000b91c       0x3c contiki-sky.a(cc2420.o)
                0x0000b91c                cc2420_set_channel
 .text.cc2420_set_pan_addr
                0x0000b958       0x4c contiki-sky.a(cc2420.o)
                0x0000b958                cc2420_set_pan_addr
 .text.cc2420_interrupt
                0x0000b9a4       0x16 contiki-sky.a(cc2420.o)
                0x0000b9a4                cc2420_interrupt
 .text.cc2420_set_txpower
                0x0000b9ba        0xe contiki-sky.a(cc2420.o)
                0x0000b9ba                cc2420_set_txpower
 .text.cc2420_get_txpower
                0x0000b9c8       0x1e contiki-sky.a(cc2420.o)
                0x0000b9c8                cc2420_get_txpower
 .text.cc2420_transmit
                0x0000b9e6      0x12c contiki-sky.a(cc2420.o)
 .text.cc2420_send
                0x0000bb12       0x12 contiki-sky.a(cc2420.o)
 .text.cc2420_rssi
                0x0000bb24       0x4c contiki-sky.a(cc2420.o)
                0x0000bb24                cc2420_rssi
 .text.get_value
                0x0000bb70       0xa8 contiki-sky.a(cc2420.o)
 .text.cc2420_set_cca_threshold
                0x0000bc18       0x16 contiki-sky.a(cc2420.o)
                0x0000bc18                cc2420_set_cca_threshold
 .text.set_value
                0x0000bc2e       0x86 contiki-sky.a(cc2420.o)
 .text.cc2420_init
                0x0000bcb4       0xd8 contiki-sky.a(cc2420.o)
                0x0000bcb4                cc2420_init
 .text.cc2420_port1_interrupt
                0x0000bd8c       0x62 contiki-sky.a(cc2420-arch.o)
                0x0000bd8c                __isr_4
                0x0000bd8c                cc2420_port1_interrupt
 .text.cc2420_arch_init
                0x0000bdee       0x1a contiki-sky.a(cc2420-arch.o)
                0x0000bdee                cc2420_arch_init
 .text.handle_rxdma_timer
                0x0000be08       0x3a contiki-sky.a(uart1.o)
 .text.uart1_active
                0x0000be42       0x18 contiki-sky.a(uart1.o)
                0x0000be42                uart1_active
 .text.uart1_set_input
                0x0000be5a       0x20 contiki-sky.a(uart1.o)
                0x0000be5a                uart1_set_input
 .text.uart1_writeb
                0x0000be7a       0x18 contiki-sky.a(uart1.o)
                0x0000be7a                uart1_writeb
 .text.uart1_init
                0x0000be92       0xf4 contiki-sky.a(uart1.o)
                0x0000be92                uart1_init
 .text.slip_arch_writeb
                0x0000bf86        0x6 contiki-sky.a(slip_uart1.o)
                0x0000bf86                slip_arch_writeb
 .text.putchar  0x0000bf8c       0x3c contiki-sky.a(slip_uart1.o)
                0x0000bf8c                putchar
 .text.slip_arch_init
                0x0000bfc8        0xa contiki-sky.a(slip_uart1.o)
                0x0000bfc8                slip_arch_init
 .text.slip_set_input_callback
                0x0000bfd2        0x6 contiki-sky.a(slip.o)
                0x0000bfd2                slip_set_input_callback
 .text.slip_send
                0x0000bfd8       0x5e contiki-sky.a(slip.o)
                0x0000bfd8                slip_send
 .text.slip_write
                0x0000c036       0x5a contiki-sky.a(slip.o)
                0x0000c036                slip_write
 .text.process_thread_slip_process
                0x0000c090      0x1fc contiki-sky.a(slip.o)
 .text.slip_input_byte
                0x0000c28c       0xbc contiki-sky.a(slip.o)
                0x0000c28c                slip_input_byte
 .text.crc16_add
                0x0000c348       0x56 contiki-sky.a(crc16.o)
                0x0000c348                crc16_add
 .text.crc16_data
                0x0000c39e       0x2a contiki-sky.a(crc16.o)
                0x0000c39e                crc16_data
 .text.msp430_init_dco
                0x0000c3c8       0x82 contiki-sky.a(msp430.o)
                0x0000c3c8                msp430_init_dco
 .text.msp430_add_lpm_req
                0x0000c44a        0xc contiki-sky.a(msp430.o)
                0x0000c44a                msp430_add_lpm_req
 .text.msp430_cpu_init
                0x0000c456       0x2a contiki-sky.a(msp430.o)
                0x0000c456                msp430_cpu_init
 .text.splhigh_
                0x0000c480        0x8 contiki-sky.a(msp430.o)
                0x0000c480                splhigh_
 .text.msp430_sync_dco
                0x0000c488       0x6c contiki-sky.a(msp430.o)
                0x0000c488                msp430_sync_dco
 .text.timera1  0x0000c4f4      0x11e contiki-sky.a(clock.o)
                0x0000c4f4                __isr_5
                0x0000c4f4                timera1
 .text.clock_time
                0x0000c612       0x1a contiki-sky.a(clock.o)
                0x0000c612                clock_time
 .text.clock_init
                0x0000c62c       0x28 contiki-sky.a(clock.o)
                0x0000c62c                clock_init
 .text.clock_delay
                0x0000c654        0xc contiki-sky.a(clock.o)
                0x0000c654                clock_delay
 .text.clock_seconds
                0x0000c660       0x1a contiki-sky.a(clock.o)
                0x0000c660                clock_seconds
 .text.show_leds
                0x0000c67a       0xf0 contiki-sky.a(leds.o)
 .text.leds_init
                0x0000c76a        0xa contiki-sky.a(leds.o)
                0x0000c76a                leds_init
 .text.leds_on  0x0000c774        0xa contiki-sky.a(leds.o)
                0x0000c774                leds_on
 .text.leds_off
                0x0000c77e        0xe contiki-sky.a(leds.o)
                0x0000c77e                leds_off
 .text.leds_toggle
                0x0000c78c        0xa contiki-sky.a(leds.o)
                0x0000c78c                leds_toggle
 .text.leds_arch_init
                0x0000c796        0xe contiki-sky.a(leds-arch.o)
                0x0000c796                leds_arch_init
 .text.leds_arch_set
                0x0000c7a4       0x38 contiki-sky.a(leds-arch.o)
                0x0000c7a4                leds_arch_set
 .text.watchdog_interrupt
                0x0000c7dc        0x6 contiki-sky.a(watchdog.o)
                0x0000c7dc                __isr_10
                0x0000c7dc                watchdog_interrupt
 .text.watchdog_start
                0x0000c7e2       0x14 contiki-sky.a(watchdog.o)
                0x0000c7e2                watchdog_start
 .text.watchdog_periodic
                0x0000c7f6       0x12 contiki-sky.a(watchdog.o)
                0x0000c7f6                watchdog_periodic
 .text.watchdog_stop
                0x0000c808       0x16 contiki-sky.a(watchdog.o)
                0x0000c808                watchdog_stop
 .text.watchdog_init
                0x0000c81e       0x12 contiki-sky.a(watchdog.o)
                0x0000c81e                watchdog_init
 .text.rtimer_arch_init
                0x0000c830        0xe contiki-sky.a(rtimer-arch.o)
                0x0000c830                rtimer_arch_init
 .text.rtimer_arch_now
                0x0000c83e        0xe contiki-sky.a(rtimer-arch.o)
                0x0000c83e                rtimer_arch_now
 .text.timera0  0x0000c84c       0x70 contiki-sky.a(rtimer-arch.o)
                0x0000c84c                __isr_6
                0x0000c84c                timera0
 .text.rtimer_arch_schedule
                0x0000c8bc        0x6 contiki-sky.a(rtimer-arch.o)
                0x0000c8bc                rtimer_arch_schedule
 .text.autostart_start
                0x0000c8c2       0x16 contiki-sky.a(autostart.o)
                0x0000c8c2                autostart_start
 .text.compower_accumulate
                0x0000c8d8       0x72 contiki-sky.a(compower.o)
                0x0000c8d8                compower_accumulate
 .text.compower_clear
                0x0000c94a       0x12 contiki-sky.a(compower.o)
                0x0000c94a                compower_clear
 .text.compower_attrconv
                0x0000c95c       0x10 contiki-sky.a(compower.o)
                0x0000c95c                compower_attrconv
 .text.process_thread_ctimer_process
                0x0000c96c       0xa8 contiki-sky.a(ctimer.o)
 .text.ctimer_init
                0x0000ca14       0x18 contiki-sky.a(ctimer.o)
                0x0000ca14                ctimer_init
 .text.ctimer_set
                0x0000ca2c       0x50 contiki-sky.a(ctimer.o)
                0x0000ca2c                ctimer_set
 .text.ctimer_reset
                0x0000ca7c       0x30 contiki-sky.a(ctimer.o)
                0x0000ca7c                ctimer_reset
 .text.ctimer_stop
                0x0000caac       0x28 contiki-sky.a(ctimer.o)
                0x0000caac                ctimer_stop
 .text.energest_init
                0x0000cad4       0x26 contiki-sky.a(energest.o)
                0x0000cad4                energest_init
 .text.energest_type_time
                0x0000cafa       0x48 contiki-sky.a(energest.o)
                0x0000cafa                energest_type_time
 .text.energest_type_set
                0x0000cb42        0xe contiki-sky.a(energest.o)
                0x0000cb42                energest_type_set
 .text.energest_flush
                0x0000cb50       0x48 contiki-sky.a(energest.o)
                0x0000cb50                energest_flush
 .text.update_time
                0x0000cb98       0x78 contiki-sky.a(etimer.o)
 .text.etimer_request_poll
                0x0000cc10        0xa contiki-sky.a(etimer.o)
                0x0000cc10                etimer_request_poll
 .text.process_thread_etimer_process
                0x0000cc1a       0xcc contiki-sky.a(etimer.o)
 .text.add_timer
                0x0000cce6       0x40 contiki-sky.a(etimer.o)
 .text.etimer_set
                0x0000cd26       0x12 contiki-sky.a(etimer.o)
                0x0000cd26                etimer_set
 .text.etimer_reset
                0x0000cd38       0x12 contiki-sky.a(etimer.o)
                0x0000cd38                etimer_reset
 .text.etimer_restart
                0x0000cd4a       0x12 contiki-sky.a(etimer.o)
                0x0000cd4a                etimer_restart
 .text.etimer_expired
                0x0000cd5c        0xe contiki-sky.a(etimer.o)
                0x0000cd5c                etimer_expired
 .text.etimer_pending
                0x0000cd6a        0xc contiki-sky.a(etimer.o)
                0x0000cd6a                etimer_pending
 .text.etimer_next_expiration_time
                0x0000cd76       0x16 contiki-sky.a(etimer.o)
                0x0000cd76                etimer_next_expiration_time
 .text.etimer_stop
                0x0000cd8c       0x3e contiki-sky.a(etimer.o)
                0x0000cd8c                etimer_stop
 .text.call_process
                0x0000cdca       0x46 contiki-sky.a(process.o)
 .text.exit_process
                0x0000ce10       0x96 contiki-sky.a(process.o)
 .text.do_poll  0x0000cea6       0x30 contiki-sky.a(process.o)
 .text.process_alloc_event
                0x0000ced6        0xe contiki-sky.a(process.o)
                0x0000ced6                process_alloc_event
 .text.process_exit
                0x0000cee4        0xa contiki-sky.a(process.o)
                0x0000cee4                process_exit
 .text.process_init
                0x0000ceee       0x1c contiki-sky.a(process.o)
                0x0000ceee                process_init
 .text.process_run
                0x0000cf0a       0xa2 contiki-sky.a(process.o)
                0x0000cf0a                process_run
 .text.process_nevents
                0x0000cfac        0xe contiki-sky.a(process.o)
                0x0000cfac                process_nevents
 .text.process_post
                0x0000cfba       0x54 contiki-sky.a(process.o)
                0x0000cfba                process_post
 .text.process_post_synch
                0x0000d00e       0x12 contiki-sky.a(process.o)
                0x0000d00e                process_post_synch
 .text.process_start
                0x0000d020       0x36 contiki-sky.a(process.o)
                0x0000d020                process_start
 .text.process_poll
                0x0000d056       0x18 contiki-sky.a(process.o)
                0x0000d056                process_poll
 .text.process_is_running
                0x0000d06e        0xe contiki-sky.a(process.o)
                0x0000d06e                process_is_running
 .text.rtimer_init
                0x0000d07c        0x6 contiki-sky.a(rtimer.o)
                0x0000d07c                rtimer_init
 .text.rtimer_set
                0x0000d082       0x24 contiki-sky.a(rtimer.o)
                0x0000d082                rtimer_set
 .text.rtimer_run_next
                0x0000d0a6       0x26 contiki-sky.a(rtimer.o)
                0x0000d0a6                rtimer_run_next
 .text.timer_set
                0x0000d0cc       0x1c contiki-sky.a(timer.o)
                0x0000d0cc                timer_set
 .text.timer_reset
                0x0000d0e8        0xe contiki-sky.a(timer.o)
                0x0000d0e8                timer_reset
 .text.timer_restart
                0x0000d0f6       0x14 contiki-sky.a(timer.o)
                0x0000d0f6                timer_restart
 .text.timer_expired
                0x0000d10a       0x2a contiki-sky.a(timer.o)
                0x0000d10a                timer_expired
 .text.list_init
                0x0000d134        0x6 contiki-sky.a(list.o)
                0x0000d134                list_init
 .text.list_head
                0x0000d13a        0x4 contiki-sky.a(list.o)
                0x0000d13a                list_head
 .text.list_tail
                0x0000d13e       0x12 contiki-sky.a(list.o)
                0x0000d13e                list_tail
 .text.list_chop
                0x0000d150       0x1a contiki-sky.a(list.o)
                0x0000d150                list_chop
 .text.list_remove
                0x0000d16a       0x34 contiki-sky.a(list.o)
                0x0000d16a                list_remove
 .text.list_push
                0x0000d19e       0x1a contiki-sky.a(list.o)
                0x0000d19e                list_push
 .text.list_add
                0x0000d1b8       0x2a contiki-sky.a(list.o)
                0x0000d1b8                list_add
 .text.list_length
                0x0000d1e2       0x10 contiki-sky.a(list.o)
                0x0000d1e2                list_length
 .text.list_insert
                0x0000d1f2       0x16 contiki-sky.a(list.o)
                0x0000d1f2                list_insert
 .text.list_item_next
                0x0000d208        0xc contiki-sky.a(list.o)
                0x0000d208                list_item_next
 .text.random_init
                0x0000d214        0x6 contiki-sky.a(random.o)
                0x0000d214                random_init
 .text.random_rand
                0x0000d21a        0x6 contiki-sky.a(random.o)
                0x0000d21a                random_rand
 .text.chksum   0x0000d220       0x32 contiki-sky.a(uip.o)
 .text.upper_layer_chksum
                0x0000d252       0x42 contiki-sky.a(uip.o)
 .text.uip_add32
                0x0000d294       0x68 contiki-sky.a(uip.o)
                0x0000d294                uip_add32
 .text.uip_add_rcv_nxt
                0x0000d2fc       0x2c contiki-sky.a(uip.o)
 .text.uip_chksum
                0x0000d328       0x18 contiki-sky.a(uip.o)
                0x0000d328                uip_chksum
 .text.uip_tcpchksum
                0x0000d340        0xa contiki-sky.a(uip.o)
                0x0000d340                uip_tcpchksum
 .text.uip_udpchksum
                0x0000d34a        0xa contiki-sky.a(uip.o)
                0x0000d34a                uip_udpchksum
 .text.uip_init
                0x0000d354       0x50 contiki-sky.a(uip.o)
                0x0000d354                uip_init
 .text.uip_connect
                0x0000d3a4      0x10a contiki-sky.a(uip.o)
                0x0000d3a4                uip_connect
 .text.uip_udp_new
                0x0000d4ae       0xba contiki-sky.a(uip.o)
                0x0000d4ae                uip_udp_new
 .text.uip_unlisten
                0x0000d568       0x2a contiki-sky.a(uip.o)
                0x0000d568                uip_unlisten
 .text.uip_listen
                0x0000d592       0x2c contiki-sky.a(uip.o)
                0x0000d592                uip_listen
 .text.uip_process
                0x0000d5be      0xc7e contiki-sky.a(uip.o)
                0x0000d5be                uip_process
 .text.uip_htons
                0x0000e23c        0xc contiki-sky.a(uip.o)
                0x0000e23c                uip_htons
 .text.uip_send
                0x0000e248       0x2c contiki-sky.a(uip.o)
                0x0000e248                uip_send
 .text.uip_fw_output
                0x0000e274       0xf4 contiki-sky.a(uip-fw.o)
                0x0000e274                uip_fw_output
 .text.uip_fw_forward
                0x0000e368      0x15e contiki-sky.a(uip-fw.o)
                0x0000e368                uip_fw_forward
 .text.uip_fw_default
                0x0000e4c6        0x6 contiki-sky.a(uip-fw.o)
                0x0000e4c6                uip_fw_default
 .text.uip_fw_periodic
                0x0000e4cc       0x1c contiki-sky.a(uip-fw.o)
                0x0000e4cc                uip_fw_periodic
 .text.process_thread_uip_fw_process
                0x0000e4e8       0x3c contiki-sky.a(uip-fw-drv.o)
 .text.timedout
                0x0000e524       0x12 contiki-sky.a(uip-over-mesh.o)
 .text.recv_data
                0x0000e536       0x72 contiki-sky.a(uip-over-mesh.o)
 .text.new_route
                0x0000e5a8       0x36 contiki-sky.a(uip-over-mesh.o)
 .text.uip_over_mesh_init
                0x0000e5de       0x54 contiki-sky.a(uip-over-mesh.o)
                0x0000e5de                uip_over_mesh_init
 .text.uip_over_mesh_send
                0x0000e632       0xe8 contiki-sky.a(uip-over-mesh.o)
                0x0000e632                uip_over_mesh_send
 .text.uip_over_mesh_set_gateway_netif
                0x0000e71a        0x6 contiki-sky.a(uip-over-mesh.o)
                0x0000e71a                uip_over_mesh_set_gateway_netif
 .text.uip_over_mesh_set_gateway
                0x0000e720        0xc contiki-sky.a(uip-over-mesh.o)
                0x0000e720                uip_over_mesh_set_gateway
 .text.gateway_announce_recv
                0x0000e72c       0x10 contiki-sky.a(uip-over-mesh.o)
 .text.uip_over_mesh_make_announced_gateway
                0x0000e73c       0x32 contiki-sky.a(uip-over-mesh.o)
                0x0000e73c                uip_over_mesh_make_announced_gateway
 .text.uip_over_mesh_set_net
                0x0000e76e       0x16 contiki-sky.a(uip-over-mesh.o)
                0x0000e76e                uip_over_mesh_set_net
 .text.dns_name_isequal
                0x0000e784       0x9c contiki-sky.a(resolv.o)
 .text.skip_name
                0x0000e820       0x1c contiki-sky.a(resolv.o)
 .text.encode_name
                0x0000e83c       0x48 contiki-sky.a(resolv.o)
 .text.mdns_write_announce_records
                0x0000e884       0x40 contiki-sky.a(resolv.o)
 .text.mdns_prep_host_announce_packet
                0x0000e8c4       0x78 contiki-sky.a(resolv.o)
 .text.remove_trailing_dots
                0x0000e93c       0x46 contiki-sky.a(resolv.o)
 .text.resolv_found
                0x0000e982      0x134 contiki-sky.a(resolv.o)
 .text.resolv_set_hostname
                0x0000eab6       0x64 contiki-sky.a(resolv.o)
                0x0000eab6                resolv_set_hostname
 .text.process_thread_resolv_process
                0x0000eb1a      0x6c8 contiki-sky.a(resolv.o)
 .text.resolv_query
                0x0000f1e2      0x182 contiki-sky.a(resolv.o)
                0x0000f1e2                resolv_query
 .text.process_thread_mdns_probe_process
                0x0000f364       0xdc contiki-sky.a(resolv.o)
 .text.resolv_lookup
                0x0000f440       0xb8 contiki-sky.a(resolv.o)
                0x0000f440                resolv_lookup
 .text.start_periodic_tcp_timer
                0x0000f4f8       0x16 contiki-sky.a(tcpip.o)
 .text.tcpip_output
                0x0000f50e       0x10 contiki-sky.a(tcpip.o)
                0x0000f50e                tcpip_output
 .text.process_thread_tcpip_process
                0x0000f51e      0x1ce contiki-sky.a(tcpip.o)
 .text.tcpip_set_outputfunc
                0x0000f6ec        0x6 contiki-sky.a(tcpip.o)
                0x0000f6ec                tcpip_set_outputfunc
 .text.tcp_listen
                0x0000f6f2       0x3a contiki-sky.a(tcpip.o)
                0x0000f6f2                tcp_listen
 .text.tcp_attach
                0x0000f72c        0xc contiki-sky.a(tcpip.o)
                0x0000f72c                tcp_attach
 .text.udp_new  0x0000f738       0x1a contiki-sky.a(tcpip.o)
                0x0000f738                udp_new
 .text.tcpip_input
                0x0000f752       0x12 contiki-sky.a(tcpip.o)
                0x0000f752                tcpip_input
 .text.tcpip_poll_udp
                0x0000f764        0xe contiki-sky.a(tcpip.o)
                0x0000f764                tcpip_poll_udp
 .text.tcpip_poll_tcp
                0x0000f772        0xe contiki-sky.a(tcpip.o)
                0x0000f772                tcpip_poll_tcp
 .text.tcp_connect
                0x0000f780       0x26 contiki-sky.a(tcpip.o)
                0x0000f780                tcp_connect
 .text.tcpip_uipcall
                0x0000f7a6       0x70 contiki-sky.a(tcpip.o)
                0x0000f7a6                tcpip_uipcall
 .text.uiplib_ip4addrconv
                0x0000f816       0x8a contiki-sky.a(uiplib.o)
                0x0000f816                uiplib_ip4addrconv
 .text.uip_nameserver_get
                0x0000f8a0        0xe contiki-sky.a(uip-nameserver.)
                0x0000f8a0                uip_nameserver_get
 .text.uip_udp_packet_send
                0x0000f8ae       0x34 contiki-sky.a(uip-udp-packet.)
                0x0000f8ae                uip_udp_packet_send
 .text.uip_udp_packet_sendto
                0x0000f8e2       0x42 contiki-sky.a(uip-udp-packet.)
                0x0000f8e2                uip_udp_packet_sendto
 .text.sent_by_abc
                0x0000f924       0x10 contiki-sky.a(broadcast.o)
 .text.recv_from_abc
                0x0000f934       0x26 contiki-sky.a(broadcast.o)
 .text.broadcast_open
                0x0000f95a       0x2a contiki-sky.a(broadcast.o)
                0x0000f95a                broadcast_open
 .text.broadcast_close
                0x0000f984        0x6 contiki-sky.a(broadcast.o)
                0x0000f984                broadcast_close
 .text.broadcast_send
                0x0000f98a       0x1a contiki-sky.a(broadcast.o)
                0x0000f98a                broadcast_send
 .text.channel_init
                0x0000f9a4        0xa contiki-sky.a(channel.o)
                0x0000f9a4                channel_init
 .text.channel_open
                0x0000f9ae       0x10 contiki-sky.a(channel.o)
                0x0000f9ae                channel_open
 .text.channel_close
                0x0000f9be        0xc contiki-sky.a(channel.o)
                0x0000f9be                channel_close
 .text.channel_lookup
                0x0000f9ca       0x20 contiki-sky.a(channel.o)
                0x0000f9ca                channel_lookup
 .text.channel_set_attributes
                0x0000f9ea       0x24 contiki-sky.a(channel.o)
                0x0000f9ea                channel_set_attributes
 .text.bump_advertisement
                0x0000fa0e        0xa contiki-sky.a(collect.o)
 .text.send_packet
                0x0000fa18       0x3a contiki-sky.a(collect.o)
 .text.send_queued_packet
                0x0000fa52       0xc8 contiki-sky.a(collect.o)
 .text.update_rtmetric
                0x0000fb1a       0xf4 contiki-sky.a(collect.o)
 .text.send_next_packet
                0x0000fc0e       0x2c contiki-sky.a(collect.o)
 .text.send_ack
                0x0000fc3a       0x78 contiki-sky.a(collect.o)
 .text.received_announcement
                0x0000fcb2       0x9c contiki-sky.a(collect.o)
 .text.set_keepalive_timer
                0x0000fd4e       0x5e contiki-sky.a(collect.o)
 .text.timedout
                0x0000fdac       0x38 contiki-sky.a(collect.o)
 .text.retransmit_callback
                0x0000fde4       0xcc contiki-sky.a(collect.o)
 .text.retransmit_not_sent_callback
                0x0000feb0        0xc contiki-sky.a(collect.o)
 .text.node_packet_sent
                0x0000febc       0x56 contiki-sky.a(collect.o)
 .text.add_packet_to_recent_packets.part.4
                0x0000ff12       0x46 contiki-sky.a(collect.o)
 .text.enqueue_dummy_packet
                0x0000ff58       0x88 contiki-sky.a(collect.o)
 .text.send_keepalive
                0x0000ffe0       0x32 contiki-sky.a(collect.o)
 .text.proactive_probing_callback
                0x00010012       0xe2 contiki-sky.a(collect.o)
 .text.node_packet_received
                0x000100f4      0x2e4 contiki-sky.a(collect.o)
 .text.collect_open
                0x000103d8       0xe6 contiki-sky.a(collect.o)
                0x000103d8                collect_open
 .text.collect_set_keepalive
                0x000104be        0xe contiki-sky.a(collect.o)
                0x000104be                collect_set_keepalive
 .text.collect_set_sink
                0x000104cc       0x62 contiki-sky.a(collect.o)
                0x000104cc                collect_set_sink
 .text.collect_send
                0x0001052e       0xea contiki-sky.a(collect.o)
                0x0001052e                collect_send
 .text.collect_link_estimate_new
                0x00010618       0x12 contiki-sky.a(collect-link-es)
                0x00010618                collect_link_estimate_new
 .text.collect_link_estimate_update_tx
                0x0001062a       0x9a contiki-sky.a(collect-link-es)
                0x0001062a                collect_link_estimate_update_tx
 .text.collect_link_estimate_update_tx_fail
                0x000106c4        0xc contiki-sky.a(collect-link-es)
                0x000106c4                collect_link_estimate_update_tx_fail
 .text.collect_link_estimate
                0x000106d0       0x18 contiki-sky.a(collect-link-es)
                0x000106d0                collect_link_estimate
 .text.collect_link_estimate_num_estimates
                0x000106e8        0xe contiki-sky.a(collect-link-es)
                0x000106e8                collect_link_estimate_num_estimates
 .text.periodic
                0x000106f6       0x8e contiki-sky.a(collect-neighbo)
 .text.collect_neighbor_init
                0x00010784       0x14 contiki-sky.a(collect-neighbo)
                0x00010784                collect_neighbor_init
 .text.collect_neighbor_list_new
                0x00010798       0x32 contiki-sky.a(collect-neighbo)
                0x00010798                collect_neighbor_list_new
 .text.collect_neighbor_list_find
                0x000107ca       0x3c contiki-sky.a(collect-neighbo)
                0x000107ca                collect_neighbor_list_find
 .text.collect_neighbor_list_add
                0x00010806       0xb0 contiki-sky.a(collect-neighbo)
                0x00010806                collect_neighbor_list_add
 .text.collect_neighbor_list
                0x000108b6        0xe contiki-sky.a(collect-neighbo)
                0x000108b6                collect_neighbor_list
 .text.collect_neighbor_update_rtmetric
                0x000108c4        0xe contiki-sky.a(collect-neighbo)
                0x000108c4                collect_neighbor_update_rtmetric
 .text.collect_neighbor_tx_fail
                0x000108d2       0x1e contiki-sky.a(collect-neighbo)
                0x000108d2                collect_neighbor_tx_fail
 .text.collect_neighbor_tx
                0x000108f0       0x1e contiki-sky.a(collect-neighbo)
                0x000108f0                collect_neighbor_tx
 .text.collect_neighbor_rtmetric_link_estimate
                0x0001090e       0x1c contiki-sky.a(collect-neighbo)
                0x0001090e                collect_neighbor_rtmetric_link_estimate
 .text.collect_neighbor_list_best
                0x0001092a       0x4a contiki-sky.a(collect-neighbo)
                0x0001092a                collect_neighbor_list_best
 .text.collect_neighbor_rtmetric
                0x00010974        0xe contiki-sky.a(collect-neighbo)
                0x00010974                collect_neighbor_rtmetric
 .text.collect_neighbor_set_congested
                0x00010982       0x14 contiki-sky.a(collect-neighbo)
                0x00010982                collect_neighbor_set_congested
 .text.route_timed_out
                0x00010996       0x32 contiki-sky.a(mesh.o)
 .text.found_route
                0x000109c8       0x70 contiki-sky.a(mesh.o)
 .text.data_packet_received
                0x00010a38       0x38 contiki-sky.a(mesh.o)
 .text.data_packet_forward
                0x00010a70       0x5c contiki-sky.a(mesh.o)
 .text.mesh_open
                0x00010acc       0x42 contiki-sky.a(mesh.o)
                0x00010acc                mesh_open
 .text.mesh_send
                0x00010b0e       0x28 contiki-sky.a(mesh.o)
                0x00010b0e                mesh_send
 .text.data_packet_received
                0x00010b36       0x8c contiki-sky.a(multihop.o)
                0x00010b36                data_packet_received
 .text.multihop_open
                0x00010bc2       0x2a contiki-sky.a(multihop.o)
                0x00010bc2                multihop_open
 .text.multihop_send
                0x00010bec       0x5e contiki-sky.a(multihop.o)
                0x00010bec                multihop_send
 .text.multihop_resend
                0x00010c4a        0x6 contiki-sky.a(multihop.o)
                0x00010c4a                multihop_resend
 .text.remove_queued_packet
                0x00010c50       0x36 contiki-sky.a(packetqueue.o)
 .text.packetqueue_enqueue_packetbuf
                0x00010c86       0x7a contiki-sky.a(packetqueue.o)
                0x00010c86                packetqueue_enqueue_packetbuf
 .text.packetqueue_first
                0x00010d00        0xa contiki-sky.a(packetqueue.o)
                0x00010d00                packetqueue_first
 .text.packetqueue_dequeue
                0x00010d0a       0x40 contiki-sky.a(packetqueue.o)
                0x00010d0a                packetqueue_dequeue
 .text.packetqueue_len
                0x00010d4a        0xa contiki-sky.a(packetqueue.o)
                0x00010d4a                packetqueue_len
 .text.packetqueue_queuebuf
                0x00010d54        0xe contiki-sky.a(packetqueue.o)
                0x00010d54                packetqueue_queuebuf
 .text.input    0x00010d62       0x3a contiki-sky.a(rime.o)
 .text.init     0x00010d9c       0x2e contiki-sky.a(rime.o)
 .text.packet_sent
                0x00010dca       0x44 contiki-sky.a(rime.o)
 .text.rime_sniffer_add
                0x00010e0e        0xc contiki-sky.a(rime.o)
                0x00010e0e                rime_sniffer_add
 .text.rime_sniffer_remove
                0x00010e1a        0xc contiki-sky.a(rime.o)
                0x00010e1a                rime_sniffer_remove
 .text.rime_output
                0x00010e26       0x24 contiki-sky.a(rime.o)
                0x00010e26                rime_output
 .text.periodic
                0x00010e4a       0x58 contiki-sky.a(route.o)
 .text.route_init
                0x00010ea2       0x28 contiki-sky.a(route.o)
                0x00010ea2                route_init
 .text.route_lookup
                0x00010eca       0x4c contiki-sky.a(route.o)
                0x00010eca                route_lookup
 .text.route_add
                0x00010f16       0x88 contiki-sky.a(route.o)
                0x00010f16                route_add
 .text.route_refresh
                0x00010f9e        0xe contiki-sky.a(route.o)
                0x00010f9e                route_refresh
 .text.route_remove
                0x00010fac       0x1c contiki-sky.a(route.o)
                0x00010fac                route_remove
 .text.route_decay
                0x00010fc8       0x22 contiki-sky.a(route.o)
                0x00010fc8                route_decay
 .text.route_set_lifetime
                0x00010fea        0x6 contiki-sky.a(route.o)
                0x00010fea                route_set_lifetime
 .text.route_num
                0x00010ff0       0x1e contiki-sky.a(route.o)
                0x00010ff0                route_num
 .text.route_get
                0x0001100e       0x26 contiki-sky.a(route.o)
                0x0001100e                route_get
 .text.timeout_handler
                0x00011034       0x14 contiki-sky.a(route-discovery)
 .text.rreq_packet_received
                0x00011048       0xca contiki-sky.a(route-discovery)
 .text.rrep_packet_received
                0x00011112       0x9a contiki-sky.a(route-discovery)
 .text.route_discovery_open
                0x000111ac       0x30 contiki-sky.a(route-discovery)
                0x000111ac                route_discovery_open
 .text.route_discovery_discover
                0x000111dc       0x6e contiki-sky.a(route-discovery)
                0x000111dc                route_discovery_discover
 .text.timedout
                0x0001124a       0x10 contiki-sky.a(rucb.o)
 .text.read_data
                0x0001125a       0x46 contiki-sky.a(rucb.o)
 .text.acked    0x000112a0       0x38 contiki-sky.a(rucb.o)
 .text.recv     0x000112d8       0xc8 contiki-sky.a(rucb.o)
 .text.rucb_open
                0x000113a0       0x38 contiki-sky.a(rucb.o)
                0x000113a0                rucb_open
 .text.rucb_close
                0x000113d8        0x6 contiki-sky.a(rucb.o)
                0x000113d8                rucb_close
 .text.rucb_send
                0x000113de       0x3c contiki-sky.a(rucb.o)
                0x000113de                rucb_send
 .text.sent_by_stunicast
                0x0001141a       0x5e contiki-sky.a(runicast.o)
 .text.recv_from_stunicast
                0x00011478       0x9e contiki-sky.a(runicast.o)
 .text.runicast_open
                0x00011516       0x36 contiki-sky.a(runicast.o)
                0x00011516                runicast_open
 .text.runicast_close
                0x0001154c        0x6 contiki-sky.a(runicast.o)
                0x0001154c                runicast_close
 .text.runicast_is_transmitting
                0x00011552        0x6 contiki-sky.a(runicast.o)
                0x00011552                runicast_is_transmitting
 .text.runicast_send
                0x00011558       0x48 contiki-sky.a(runicast.o)
                0x00011558                runicast_send
 .text.recv_from_uc
                0x000115a0        0xe contiki-sky.a(stunicast.o)
 .text.sent_by_uc
                0x000115ae       0x10 contiki-sky.a(stunicast.o)
 .text.stunicast_open
                0x000115be       0x1a contiki-sky.a(stunicast.o)
                0x000115be                stunicast_open
 .text.stunicast_receiver
                0x000115d8        0x6 contiki-sky.a(stunicast.o)
                0x000115d8                stunicast_receiver
 .text.stunicast_set_timer
                0x000115de       0x12 contiki-sky.a(stunicast.o)
                0x000115de                stunicast_set_timer
 .text.send     0x000115f0       0x2c contiki-sky.a(stunicast.o)
 .text.stunicast_send_stubborn
                0x0001161c       0x68 contiki-sky.a(stunicast.o)
                0x0001161c                stunicast_send_stubborn
 .text.stunicast_send
                0x00011684        0x6 contiki-sky.a(stunicast.o)
                0x00011684                stunicast_send
 .text.stunicast_cancel
                0x0001168a       0x20 contiki-sky.a(stunicast.o)
                0x0001168a                stunicast_cancel
 .text.stunicast_close
                0x000116aa       0x12 contiki-sky.a(stunicast.o)
                0x000116aa                stunicast_close
 .text.send     0x000116bc       0x1a contiki-sky.a(trickle.o)
 .text.run_trickle
                0x000116d6       0xc4 contiki-sky.a(trickle.o)
 .text.recv     0x0001179a       0x86 contiki-sky.a(trickle.o)
 .text.timer_callback
                0x00011820        0x6 contiki-sky.a(trickle.o)
 .text.trickle_open
                0x00011826       0x44 contiki-sky.a(trickle.o)
                0x00011826                trickle_open
 .text.trickle_send
                0x0001186a       0x3e contiki-sky.a(trickle.o)
                0x0001186a                trickle_send
 .text.sent_by_broadcast
                0x000118a8       0x10 contiki-sky.a(unicast.o)
 .text.recv_from_broadcast
                0x000118b8       0x2e contiki-sky.a(unicast.o)
 .text.unicast_open
                0x000118e6       0x2a contiki-sky.a(unicast.o)
                0x000118e6                unicast_open
 .text.unicast_close
                0x00011910        0x6 contiki-sky.a(unicast.o)
                0x00011910                unicast_close
 .text.unicast_send
                0x00011916       0x16 contiki-sky.a(unicast.o)
                0x00011916                unicast_send
 .text.input_packet
                0x0001192c        0x6 contiki-sky.a(csma.o)
 .text.on       0x00011932        0x6 contiki-sky.a(csma.o)
 .text.off      0x00011938        0x6 contiki-sky.a(csma.o)
 .text.channel_check_interval
                0x0001193e       0x10 contiki-sky.a(csma.o)
 .text.transmit_packet_list
                0x0001194e       0x24 contiki-sky.a(csma.o)
 .text.init     0x00011972       0x1a contiki-sky.a(csma.o)
 .text.send_packet
                0x0001198c      0x184 contiki-sky.a(csma.o)
 .text.free_packet
                0x00011b10       0x98 contiki-sky.a(csma.o)
 .text.packet_sent
                0x00011ba8      0x130 contiki-sky.a(csma.o)
 .text.mac_call_sent_callback
                0x00011cd8       0x14 contiki-sky.a(mac.o)
                0x00011cd8                mac_call_sent_callback
 .text.linkaddr_copy
                0x00011cec        0xc contiki-sky.a(linkaddr.o)
                0x00011cec                linkaddr_copy
 .text.linkaddr_cmp
                0x00011cf8       0x12 contiki-sky.a(linkaddr.o)
                0x00011cf8                linkaddr_cmp
 .text.linkaddr_set_node_addr
                0x00011d0a        0xc contiki-sky.a(linkaddr.o)
                0x00011d0a                linkaddr_set_node_addr
 .text.packetbuf_compact
                0x00011d16       0x2e contiki-sky.a(packetbuf.o)
                0x00011d16                packetbuf_compact
 .text.packetbuf_copyto
                0x00011d44       0x52 contiki-sky.a(packetbuf.o)
                0x00011d44                packetbuf_copyto
 .text.packetbuf_hdrreduce
                0x00011d96       0x1a contiki-sky.a(packetbuf.o)
                0x00011d96                packetbuf_hdrreduce
 .text.packetbuf_set_datalen
                0x00011db0        0x6 contiki-sky.a(packetbuf.o)
                0x00011db0                packetbuf_set_datalen
 .text.packetbuf_dataptr
                0x00011db6        0xe contiki-sky.a(packetbuf.o)
                0x00011db6                packetbuf_dataptr
 .text.packetbuf_hdrptr
                0x00011dc4        0xa contiki-sky.a(packetbuf.o)
                0x00011dc4                packetbuf_hdrptr
 .text.packetbuf_datalen
                0x00011dce        0x6 contiki-sky.a(packetbuf.o)
                0x00011dce                packetbuf_datalen
 .text.packetbuf_hdrlen
                0x00011dd4       0x10 contiki-sky.a(packetbuf.o)
                0x00011dd4                packetbuf_hdrlen
 .text.packetbuf_totlen
                0x00011de4        0xc contiki-sky.a(packetbuf.o)
                0x00011de4                packetbuf_totlen
 .text.packetbuf_hdralloc
                0x00011df0       0x2e contiki-sky.a(packetbuf.o)
                0x00011df0                packetbuf_hdralloc
 .text.packetbuf_attr_clear
                0x00011e1e       0x2c contiki-sky.a(packetbuf.o)
                0x00011e1e                packetbuf_attr_clear
 .text.packetbuf_clear
                0x00011e4a       0x1a contiki-sky.a(packetbuf.o)
                0x00011e4a                packetbuf_clear
 .text.packetbuf_copyfrom
                0x00011e64       0x2e contiki-sky.a(packetbuf.o)
                0x00011e64                packetbuf_copyfrom
 .text.packetbuf_attr_copyto
                0x00011e92       0x20 contiki-sky.a(packetbuf.o)
                0x00011e92                packetbuf_attr_copyto
 .text.packetbuf_attr_copyfrom
                0x00011eb2       0x22 contiki-sky.a(packetbuf.o)
                0x00011eb2                packetbuf_attr_copyfrom
 .text.packetbuf_holds_broadcast
                0x00011ed4        0xe contiki-sky.a(packetbuf.o)
                0x00011ed4                packetbuf_holds_broadcast
 .text.queuebuf_init
                0x00011ee2       0x12 contiki-sky.a(queuebuf.o)
                0x00011ee2                queuebuf_init
 .text.queuebuf_new_from_packetbuf
                0x00011ef4       0x52 contiki-sky.a(queuebuf.o)
                0x00011ef4                queuebuf_new_from_packetbuf
 .text.queuebuf_update_attr_from_packetbuf
                0x00011f46       0x12 contiki-sky.a(queuebuf.o)
                0x00011f46                queuebuf_update_attr_from_packetbuf
 .text.queuebuf_update_from_packetbuf
                0x00011f58       0x22 contiki-sky.a(queuebuf.o)
                0x00011f58                queuebuf_update_from_packetbuf
 .text.queuebuf_free
                0x00011f7a       0x2a contiki-sky.a(queuebuf.o)
                0x00011f7a                queuebuf_free
 .text.queuebuf_to_packetbuf
                0x00011fa4       0x32 contiki-sky.a(queuebuf.o)
                0x00011fa4                queuebuf_to_packetbuf
 .text.queuebuf_dataptr
                0x00011fd6       0x1c contiki-sky.a(queuebuf.o)
                0x00011fd6                queuebuf_dataptr
 .text.queuebuf_datalen
                0x00011ff2        0x8 contiki-sky.a(queuebuf.o)
                0x00011ff2                queuebuf_datalen
 .text.queuebuf_attr
                0x00011ffa        0xe contiki-sky.a(queuebuf.o)
                0x00011ffa                queuebuf_attr
 .text.duty_cycle
                0x00012008        0x6 contiki-sky.a(contikimac.o)
 .text.init     0x0001200e       0x2a contiki-sky.a(contikimac.o)
 .text.on       0x00012038       0x1a contiki-sky.a(contikimac.o)
 .text.off      0x00012052       0x22 contiki-sky.a(contikimac.o)
 .text.recv_burst_off
                0x00012074        0xa contiki-sky.a(contikimac.o)
 .text.turn_off
                0x0001207e       0x20 contiki-sky.a(contikimac.o)
 .text.turn_on  0x0001209e       0x30 contiki-sky.a(contikimac.o)
 .text.schedule_powercycle_fixed.part.4
                0x000120ce       0x34 contiki-sky.a(contikimac.o)
 .text.powercycle_turn_radio_off
                0x00012102       0x30 contiki-sky.a(contikimac.o)
 .text.input_packet
                0x00012132       0xb6 contiki-sky.a(contikimac.o)
 .text.send_packet.isra.7
                0x000121e8      0x20c contiki-sky.a(contikimac.o)
 .text.qsend_list
                0x000123f4       0xc4 contiki-sky.a(contikimac.o)
 .text.qsend_packet
                0x000124b8       0x28 contiki-sky.a(contikimac.o)
 .text.powercycle
                0x000124e0      0x1d6 contiki-sky.a(contikimac.o)
 .text.hdr_length
                0x000126b6        0x8 contiki-sky.a(contikimac-fram)
 .text.parse    0x000126be       0x3e contiki-sky.a(contikimac-fram)
 .text.create   0x000126fc       0x26 contiki-sky.a(contikimac-fram)
 .text.create_and_secure
                0x00012722       0x6a contiki-sky.a(contikimac-fram)
 .text.bootstrap
                0x0001278c        0x4 contiki-sky.a(nullsec.o)
 .text.send     0x00012790        0xa contiki-sky.a(nullsec.o)
 .text.on_frame_created
                0x0001279a        0x4 contiki-sky.a(nullsec.o)
 .text.input    0x0001279e        0x6 contiki-sky.a(nullsec.o)
 .text.get_overhead
                0x000127a4        0x4 contiki-sky.a(nullsec.o)
 .text.psock_send
                0x000127a8       0xae contiki-sky.a(psock.o)
                0x000127a8                psock_send
 .text.psock_datalen
                0x00012856        0xc contiki-sky.a(psock.o)
                0x00012856                psock_datalen
 .text.psock_newdata
                0x00012862       0x26 contiki-sky.a(psock.o)
                0x00012862                psock_newdata
 .text.psock_readto
                0x00012888       0xbc contiki-sky.a(psock.o)
                0x00012888                psock_readto
 .text.psock_init
                0x00012944       0x22 contiki-sky.a(psock.o)
                0x00012944                psock_init
 .text.memb_init
                0x00012966       0x36 contiki-sky.a(memb.o)
                0x00012966                memb_init
 .text.memb_alloc
                0x0001299c       0x3e contiki-sky.a(memb.o)
                0x0001299c                memb_alloc
 .text.memb_free
                0x000129da       0x3a contiki-sky.a(memb.o)
                0x000129da                memb_free
 .text.memb_inmemb
                0x00012a14       0x2a contiki-sky.a(memb.o)
                0x00012a14                memb_inmemb
 .text.spi_init
                0x00012a3e       0x30 contiki-sky.a(spi.o)
                0x00012a3e                spi_init
 .text.uip_ipchksum
                0x00012a6e       0x32 contiki-sky.a(uip-ipchksum.o)
                0x00012a6e                uip_ipchksum
 .text.abc_open
                0x00012aa0       0x26 contiki-sky.a(abc.o)
                0x00012aa0                abc_open
 .text.abc_close
                0x00012ac6        0x6 contiki-sky.a(abc.o)
                0x00012ac6                abc_close
 .text.abc_send
                0x00012acc        0x6 contiki-sky.a(abc.o)
                0x00012acc                abc_send
 .text.abc_input
                0x00012ad2        0xe contiki-sky.a(abc.o)
                0x00012ad2                abc_input
 .text.abc_sent
                0x00012ae0       0x10 contiki-sky.a(abc.o)
                0x00012ae0                abc_sent
 .text.announcement_init
                0x00012af0        0xa contiki-sky.a(announcement.o)
                0x00012af0                announcement_init
 .text.announcement_register
                0x00012afa       0x3e contiki-sky.a(announcement.o)
                0x00012afa                announcement_register
 .text.announcement_set_value
                0x00012b38       0x28 contiki-sky.a(announcement.o)
                0x00012b38                announcement_set_value
 .text.announcement_bump
                0x00012b60       0x22 contiki-sky.a(announcement.o)
                0x00012b60                announcement_bump
 .text.announcement_register_observer_callback
                0x00012b82        0x6 contiki-sky.a(announcement.o)
                0x00012b82                announcement_register_observer_callback
 .text.announcement_list
                0x00012b88        0xa contiki-sky.a(announcement.o)
                0x00012b88                announcement_list
 .text.announcement_heard
                0x00012b92       0x42 contiki-sky.a(announcement.o)
                0x00012b92                announcement_heard
 .text.adv_packet_sent
                0x00012bd4        0x2 contiki-sky.a(broadcast-annou)
 .text.adv_packet_received
                0x00012bd6       0x64 contiki-sky.a(broadcast-annou)
 .text.set_timers
                0x00012c3a       0x4a contiki-sky.a(broadcast-annou)
 .text.send_timer
                0x00012c84       0x32 contiki-sky.a(broadcast-annou)
 .text.send_adv
                0x00012cb6       0x66 contiki-sky.a(broadcast-annou)
 .text.new_announcement
                0x00012d1c       0x18 contiki-sky.a(broadcast-annou)
 .text.broadcast_announcement_init
                0x00012d34       0x48 contiki-sky.a(broadcast-annou)
                0x00012d34                broadcast_announcement_init
 .text.chameleon_init
                0x00012d7c        0x6 contiki-sky.a(chameleon.o)
                0x00012d7c                chameleon_init
 .text.chameleon_parse
                0x00012d82       0x10 contiki-sky.a(chameleon.o)
                0x00012d82                chameleon_parse
 .text.chameleon_create
                0x00012d92       0x1c contiki-sky.a(chameleon.o)
                0x00012d92                chameleon_create
 .text.chameleon_hdrsize
                0x00012dae        0x6 contiki-sky.a(chameleon.o)
                0x00012dae                chameleon_hdrsize
 .text.sent     0x00012db4       0x10 contiki-sky.a(netflood.o)
 .text.dropped  0x00012dc4       0x10 contiki-sky.a(netflood.o)
 .text.recv_from_ipolite
                0x00012dd4       0xee contiki-sky.a(netflood.o)
 .text.netflood_open
                0x00012ec2       0x2e contiki-sky.a(netflood.o)
                0x00012ec2                netflood_open
 .text.netflood_send
                0x00012ef0       0x62 contiki-sky.a(netflood.o)
                0x00012ef0                netflood_send
 .text.create_frame.isra.0
                0x00012f52      0x104 contiki-sky.a(framer-802154.o)
 .text.create   0x00013056        0x8 contiki-sky.a(framer-802154.o)
 .text.hdr_length
                0x0001305e        0x8 contiki-sky.a(framer-802154.o)
 .text.parse    0x00013066       0xa4 contiki-sky.a(framer-802154.o)
 .text.framer_canonical_create_and_secure
                0x0001310a       0x20 contiki-sky.a(framer.o)
                0x0001310a                framer_canonical_create_and_secure
 .text.mac_sequence_is_duplicate
                0x0001312a       0x3c contiki-sky.a(mac-sequence.o)
                0x0001312a                mac_sequence_is_duplicate
 .text.mac_sequence_register_seqno
                0x00013166       0x5c contiki-sky.a(mac-sequence.o)
                0x00013166                mac_sequence_register_seqno
 .text.header_size
                0x000131c2       0x16 contiki-sky.a(chameleon-bitop)
 .text.get_bits_in_byte
                0x000131d8       0x3a contiki-sky.a(chameleon-bitop)
                0x000131d8                get_bits_in_byte
 .text.get_bits
                0x00013212       0xa2 contiki-sky.a(chameleon-bitop)
                0x00013212                get_bits
 .text.unpack_header
                0x000132b4       0xd2 contiki-sky.a(chameleon-bitop)
 .text.set_bits_in_byte
                0x00013386       0x2c contiki-sky.a(chameleon-bitop)
                0x00013386                set_bits_in_byte
 .text.set_bits
                0x000133b2       0xc8 contiki-sky.a(chameleon-bitop)
                0x000133b2                set_bits
 .text.pack_header
                0x0001347a       0xbe contiki-sky.a(chameleon-bitop)
 .text.sent     0x00013538        0x2 contiki-sky.a(ipolite.o)
 .text.send     0x0001353a       0x36 contiki-sky.a(ipolite.o)
 .text.recv     0x00013570       0xa6 contiki-sky.a(ipolite.o)
 .text.ipolite_open
                0x00013616       0x24 contiki-sky.a(ipolite.o)
                0x00013616                ipolite_open
 .text.ipolite_send
                0x0001363a       0xaa contiki-sky.a(ipolite.o)
                0x0001363a                ipolite_send
 .text.field_len
                0x000136e4       0x90 contiki-sky.a(frame802154.o)
 .text.frame802154_hdrlen
                0x00013774       0x2e contiki-sky.a(frame802154.o)
                0x00013774                frame802154_hdrlen
 .text.frame802154_create
                0x000137a2      0x146 contiki-sky.a(frame802154.o)
                0x000137a2                frame802154_create
 .text.frame802154_parse
                0x000138e8      0x1ba contiki-sky.a(frame802154.o)
                0x000138e8                frame802154_parse
 .text.libgcc   0x00013aa2       0x2c /usr/local/msp430/bin/../lib/gcc/msp430/4.7.0/mmpy-16/libgcc.a(_mulsi3.o)
                0x00013aa2                __mulsi3
 .text.libgcc   0x00013ace       0x22 /usr/local/msp430/bin/../lib/gcc/msp430/4.7.0/mmpy-16/libgcc.a(_udivmod16.o)
                0x00013ace                __udivhi3
                0x00013ace                __ext_udivmod16
                0x00013ae8                __umodhi3
 .text.libgcc   0x00013af0       0x40 /usr/local/msp430/bin/../lib/gcc/msp430/4.7.0/mmpy-16/libgcc.a(_udivmod32.o)
                0x00013af0                __udivsi3
                0x00013af0                __ext_udivmod32
                0x00013b26                __umodsi3
 .text.libgcc   0x00013b30       0x4c /usr/local/msp430/bin/../lib/gcc/msp430/4.7.0/mmpy-16/libgcc.a(_divmod32.o)
                0x00013b30                __ext_divmod32
                0x00013b30                __divsi3
                0x00013b72                __modsi3
 .text.printf   0x00013b7c       0x10 /usr/local/msp430/bin/../lib/gcc/msp430/4.7.0/../../../../msp430/lib/mmpy-16/libc.a(printf.o)
                0x00013b7c                printf
 .text.append   0x00013b8c       0x22 /usr/local/msp430/bin/../lib/gcc/msp430/4.7.0/../../../../msp430/lib/mmpy-16/libc.a(sprintf.o)
 .text.call_vuprintf
                0x00013bae       0x3a /usr/local/msp430/bin/../lib/gcc/msp430/4.7.0/../../../../msp430/lib/mmpy-16/libc.a(sprintf.o)
 .text.sprintf  0x00013be8       0x1c /usr/local/msp430/bin/../lib/gcc/msp430/4.7.0/../../../../msp430/lib/mmpy-16/libc.a(sprintf.o)
                0x00013be8                sprintf
 .text.snprintf
                0x00013c04       0x1a /usr/local/msp430/bin/../lib/gcc/msp430/4.7.0/../../../../msp430/lib/mmpy-16/libc.a(sprintf.o)
                0x00013c04                snprintf
 .text.print_field
                0x00013c1e      0x194 /usr/local/msp430/bin/../lib/gcc/msp430/4.7.0/../../../../msp430/lib/mmpy-16/libc.a(vuprintf.o)
 .text.vuprintf
                0x00013db2      0x63c /usr/local/msp430/bin/../lib/gcc/msp430/4.7.0/../../../../msp430/lib/mmpy-16/libc.a(vuprintf.o)
                0x00013db2                vuprintf