Archive member included to satisfy reference by file (symbol)

contiki-native.a(contiki-main.o)
                              /usr/lib/gcc/i686-linux-gnu/4.8/../../../i386-linux-gnu/crt1.o (main)
contiki-native.a(button-sensor.o)
                              contiki-native.a(contiki-main.o) (button_sensor)
contiki-native.a(pir-sensor.o)
                              contiki-native.a(contiki-main.o) (pir_sensor)
contiki-native.a(vib-sensor.o)
                              contiki-native.a(contiki-main.o) (vib_sensor)
contiki-native.a(sensors.o)   contiki-native.a(button-sensor.o) (sensors_changed)
contiki-native.a(autostart.o)
                              contiki-native.a(contiki-main.o) (autostart_start)
contiki-native.a(ctimer.o)    contiki-native.a(contiki-main.o) (ctimer_init)
contiki-native.a(etimer.o)    contiki-native.a(contiki-main.o) (etimer_request_poll)
contiki-native.a(process.o)   contiki-native.a(ctimer.o) (process_current)
contiki-native.a(rtimer.o)    contiki-native.a(contiki-main.o) (rtimer_init)
contiki-native.a(timer.o)     contiki-native.a(etimer.o) (timer_set)
contiki-native.a(serial-line.o)
                              contiki-native.a(contiki-main.o) (serial_line_input_byte)
contiki-native.a(list.o)      contiki-native.a(ctimer.o) (list_init)
contiki-native.a(ringbuf.o)   contiki-native.a(serial-line.o) (ringbuf_init)
contiki-native.a(sicslowpan.o)
                              contiki-native.a(contiki-main.o) (sicslowpan_driver)
contiki-native.a(uip6.o)      contiki-native.a(sicslowpan.o) (uip_aligned_buf)
contiki-native.a(uip-ds6.o)   contiki-native.a(uip6.o) (uip_ds6_is_addr_onlink)
contiki-native.a(uip-ds6-nbr.o)
                              contiki-native.a(uip-ds6.o) (uip_ds6_neighbors_init)
contiki-native.a(uip-ds6-route.o)
                              contiki-native.a(uip-ds6.o) (uip_ds6_route_init)
contiki-native.a(uip-icmp6.o)
                              contiki-native.a(uip6.o) (uip_icmp6_input)
contiki-native.a(uip-nd6.o)   contiki-native.a(uip-ds6-nbr.o) (uip_nd6_ns_output)
contiki-native.a(tcpip.o)     contiki-native.a(sicslowpan.o) (tcpip_set_outputfunc)
contiki-native.a(uip-debug.o)
                              contiki-native.a(uip6.o) (uip_debug_ipaddr_print)
contiki-native.a(uip-packetqueue)
                              contiki-native.a(uip-ds6-nbr.o) (uip_packetqueue_new)
contiki-native.a(rpl.o)       contiki-native.a(uip-ds6-nbr.o) (rpl_link_neighbor_callback)
contiki-native.a(rpl-dag.o)   contiki-native.a(rpl.o) (default_instance)
contiki-native.a(rpl-ext-header.)
                              contiki-native.a(uip6.o) (rpl_verify_header)
contiki-native.a(rpl-icmp6.o)
                              contiki-native.a(rpl.o) (dao_output_target)
contiki-native.a(rpl-mrhof.o)
                              contiki-native.a(rpl.o) (rpl_mrhof)
contiki-native.a(rpl-timers.o)
                              contiki-native.a(rpl.o) (rpl_reset_periodic_timer)
contiki-native.a(linkaddr.o)  contiki-native.a(sicslowpan.o) (linkaddr_copy)
contiki-native.a(nbr-table.o)
                              contiki-native.a(uip-ds6-nbr.o) (nbr_table_register)
contiki-native.a(netstack.o)  contiki-native.a(contiki-main.o) (netstack_init)
contiki-native.a(packetbuf.o)
                              contiki-native.a(sicslowpan.o) (packetbuf_set_datalen)
contiki-native.a(queuebuf.o)  contiki-native.a(contiki-main.o) (queuebuf_init)
contiki-native.a(framer-802154.o)
                              contiki-native.a(sicslowpan.o) (framer_802154)
contiki-native.a(framer.o)    contiki-native.a(framer-802154.o) (framer_canonical_create_and_secure)
contiki-native.a(nullmac.o)   contiki-native.a(contiki-main.o) (nullmac_driver)
contiki-native.a(nullrdc.o)   contiki-native.a(contiki-main.o) (nullrdc_driver)
contiki-native.a(nullsec.o)   contiki-native.a(sicslowpan.o) (nullsec_driver)
contiki-native.a(clock.o)     contiki-native.a(etimer.o) (clock_time)
contiki-native.a(rtimer-arch.o)
                              contiki-native.a(rtimer.o) (rtimer_arch_init)
contiki-native.a(watchdog.o)  contiki-native.a(sicslowpan.o) (watchdog_periodic)
contiki-native.a(stimer.o)    contiki-native.a(uip-ds6.o) (stimer_set)
contiki-native.a(nullradio.o)
                              contiki-native.a(netstack.o) (nullradio_driver)
contiki-native.a(memb.o)      contiki-native.a(uip-ds6-route.o) (memb_init)
contiki-native.a(random.o)    contiki-native.a(uip-ds6.o) (random_rand)
contiki-native.a(frame802154.o)
                              contiki-native.a(framer-802154.o) (frame802154_hdrlen)
contiki-native.a(mac.o)       contiki-native.a(nullrdc.o) (mac_call_sent_callback)
/usr/lib/i386-linux-gnu/libc_nonshared.a(elf-init.oS)
                              /usr/lib/gcc/i686-linux-gnu/4.8/../../../i386-linux-gnu/crt1.o (__libc_csu_init)

Allocating common symbols
Common symbol       size              file

default_instance    0x4               contiki-native.a(rpl-dag.o)
[...]
Memory Configuration

Name             Origin             Length             Attributes
*default*        0x0000000000000000 0xffffffffffffffff

Linker script and memory map

LOAD /usr/lib/gcc/i686-linux-gnu/4.8/../../../i386-linux-gnu/crt1.o
LOAD /usr/lib/gcc/i686-linux-gnu/4.8/../../../i386-linux-gnu/crti.o
LOAD /usr/lib/gcc/i686-linux-gnu/4.8/crtbegin.o
LOAD hello-world.co
LOAD contiki-native.a
LOAD /usr/lib/gcc/i686-linux-gnu/4.8/../../../i386-linux-gnu/libncurses.so
LOAD /lib/i386-linux-gnu/libncurses.so.5
LOAD /usr/lib/gcc/i686-linux-gnu/4.8/../../../i386-linux-gnu/libtinfo.so
LOAD /usr/lib/gcc/i686-linux-gnu/4.8/libgcc.a
LOAD /usr/lib/gcc/i686-linux-gnu/4.8/libgcc_s.so
LOAD /usr/lib/gcc/i686-linux-gnu/4.8/../../../i386-linux-gnu/libc.so
START GROUP
LOAD /lib/i386-linux-gnu/libc.so.6
LOAD /usr/lib/i386-linux-gnu/libc_nonshared.a
LOAD /lib/i386-linux-gnu/ld-linux.so.2
END GROUP
LOAD /usr/lib/gcc/i686-linux-gnu/4.8/libgcc.a
LOAD /usr/lib/gcc/i686-linux-gnu/4.8/libgcc_s.so
LOAD /usr/lib/gcc/i686-linux-gnu/4.8/crtend.o
LOAD /usr/lib/gcc/i686-linux-gnu/4.8/../../../i386-linux-gnu/crtn.o
                0x0000000008048000                PROVIDE (__executable_start, 0x8048000)
                0x0000000008048154                . = (0x8048000 + SIZEOF_HEADERS)

.interp         0x0000000008048154       0x13
 *(.interp)
 .interp        0x0000000008048154       0x13 /usr/lib/gcc/i686-linux-gnu/4.8/../../../i386-linux-gnu/crt1.o

.note.ABI-tag   0x0000000008048168       0x20
 .note.ABI-tag  0x0000000008048168       0x20 /usr/lib/gcc/i686-linux-gnu/4.8/../../../i386-linux-gnu/crt1.o

.note.gnu.build-id
                0x0000000008048188       0x24
 *(.note.gnu.build-id)
 .note.gnu.build-id
                0x0000000008048188       0x24 /usr/lib/gcc/i686-linux-gnu/4.8/../../../i386-linux-gnu/crt1.o

.hash
 *(.hash)

.gnu.hash       0x00000000080481ac      0xc40
 *(.gnu.hash)
 .gnu.hash      0x00000000080481ac      0xc40 /usr/lib/gcc/i686-linux-gnu/4.8/../../../i386-linux-gnu/crt1.o

.dynsym         0x0000000008048dec     0x1a20
 *(.dynsym)
 .dynsym        0x0000000008048dec     0x1a20 /usr/lib/gcc/i686-linux-gnu/4.8/../../../i386-linux-gnu/crt1.o

.dynstr         0x000000000804a80c     0x1a0d
 *(.dynstr)
 .dynstr        0x000000000804a80c     0x1a0d /usr/lib/gcc/i686-linux-gnu/4.8/../../../i386-linux-gnu/crt1.o

.gnu.version    0x000000000804c21a      0x344
 *(.gnu.version)
 .gnu.version   0x000000000804c21a      0x344 /usr/lib/gcc/i686-linux-gnu/4.8/../../../i386-linux-gnu/crt1.o

.gnu.version_d  0x000000000804c560        0x0
 *(.gnu.version_d)
 .gnu.version_d
                0x0000000000000000        0x0 /usr/lib/gcc/i686-linux-gnu/4.8/../../../i386-linux-gnu/crt1.o

.gnu.version_r  0x000000000804c560       0x40
 *(.gnu.version_r)
 .gnu.version_r
                0x000000000804c560       0x40 /usr/lib/gcc/i686-linux-gnu/4.8/../../../i386-linux-gnu/crt1.o

.rel.dyn        0x000000000804c5a0       0x18
 *(.rel.init)
 *(.rel.text .rel.text.* .rel.gnu.linkonce.t.*)
 .rel.text      0x0000000000000000        0x0 /usr/lib/gcc/i686-linux-gnu/4.8/../../../i386-linux-gnu/crt1.o
 *(.rel.fini)
 *(.rel.rodata .rel.rodata.* .rel.gnu.linkonce.r.*)
 .rel.rodata    0x0000000000000000        0x0 /usr/lib/gcc/i686-linux-gnu/4.8/../../../i386-linux-gnu/crt1.o
 *(.rel.data.rel.ro .rel.data.rel.ro.* .rel.gnu.linkonce.d.rel.ro.*)
 *(.rel.data .rel.data.* .rel.gnu.linkonce.d.*)
 .rel.data      0x0000000000000000        0x0 /usr/lib/gcc/i686-linux-gnu/4.8/../../../i386-linux-gnu/crt1.o
 *(.rel.tdata .rel.tdata.* .rel.gnu.linkonce.td.*)
 *(.rel.tbss .rel.tbss.* .rel.gnu.linkonce.tb.*)
 *(.rel.ctors)
 *(.rel.dtors)
 *(.rel.got)
 .rel.got       0x000000000804c5a0        0x8 /usr/lib/gcc/i686-linux-gnu/4.8/../../../i386-linux-gnu/crt1.o
 *(.rel.bss .rel.bss.* .rel.gnu.linkonce.b.*)
 .rel.bss       0x000000000804c5a8       0x10 /usr/lib/gcc/i686-linux-gnu/4.8/../../../i386-linux-gnu/crt1.o
 *(.rel.ifunc)

.rel.plt        0x000000000804c5b8       0xc8
 *(.rel.plt)
 .rel.plt       0x000000000804c5b8       0xc8 /usr/lib/gcc/i686-linux-gnu/4.8/../../../i386-linux-gnu/crt1.o
                0x000000000804c680                PROVIDE (__rel_iplt_start, .)
 *(.rel.iplt)
 .rel.iplt      0x0000000000000000        0x0 /usr/lib/gcc/i686-linux-gnu/4.8/../../../i386-linux-gnu/crt1.o
                0x000000000804c680                PROVIDE (__rel_iplt_end, .)

.init           0x000000000804c680       0x23
 *(SORT(.init))
 .init          0x000000000804c680       0x1e /usr/lib/gcc/i686-linux-gnu/4.8/../../../i386-linux-gnu/crti.o
                0x000000000804c680                _init
 .init          0x000000000804c69e        0x5 /usr/lib/gcc/i686-linux-gnu/4.8/../../../i386-linux-gnu/crtn.o

.plt            0x000000000804c6b0      0x1a0
 *(.plt)
 .plt           0x000000000804c6b0      0x1a0 /usr/lib/gcc/i686-linux-gnu/4.8/../../../i386-linux-gnu/crt1.o
                0x000000000804c6c0                setitimer@@GLIBC_2.0
                0x000000000804c6d0                read@@GLIBC_2.0
                0x000000000804c6e0                memmove@@GLIBC_2.0
                0x000000000804c6f0                memcpy@@GLIBC_2.0
                0x000000000804c700                signal@@GLIBC_2.0
                0x000000000804c710                memcmp@@GLIBC_2.0
                0x000000000804c720                gettimeofday@@GLIBC_2.0
                0x000000000804c730                select@@GLIBC_2.0
                0x000000000804c740                __stack_chk_fail@@GLIBC_2.4
                0x000000000804c750                perror@@GLIBC_2.0
                0x000000000804c760                puts@@GLIBC_2.0
                0x000000000804c770                __memmove_chk@@GLIBC_2.3.4
                0x000000000804c780                __memcpy_chk@@GLIBC_2.3.4
                0x000000000804c7a0                exit@@GLIBC_2.0
                0x000000000804c7b0                srand@@GLIBC_2.0
                0x000000000804c7c0                __libc_start_main@@GLIBC_2.0
                0x000000000804c7d0                setvbuf@@GLIBC_2.0
                0x000000000804c7e0                memset@@GLIBC_2.0
                0x000000000804c7f0                putchar@@GLIBC_2.0
                0x000000000804c800                __errno_location@@GLIBC_2.0
                0x000000000804c810                rand@@GLIBC_2.0
                0x000000000804c820                __printf_chk@@GLIBC_2.3.4
                0x000000000804c830                __fprintf_chk@@GLIBC_2.3.4
                0x000000000804c840                strncmp@@GLIBC_2.0
 *(.iplt)
 .iplt          0x0000000000000000        0x0 /usr/lib/gcc/i686-linux-gnu/4.8/../../../i386-linux-gnu/crt1.o

.text           0x000000000804c850     0xdd02
 *(.text.unlikely .text.*_unlikely .text.unlikely.*)
 *(.text.exit .text.exit.*)
 *(.text.startup .text.startup.*)
 *(.text.hot .text.hot.*)
 *(.text .stub .text.* .gnu.linkonce.t.*)
 .text          0x000000000804c850       0x22 /usr/lib/gcc/i686-linux-gnu/4.8/../../../i386-linux-gnu/crt1.o
                0x000000000804c850                _start
 .text          0x000000000804c872        0x0 /usr/lib/gcc/i686-linux-gnu/4.8/../../../i386-linux-gnu/crti.o
 *fill*         0x000000000804c872        0xe 
 .gnu.linkonce.t.__x86.get_pc_thunk.bx
                0x000000000804c880        0x4 /usr/lib/gcc/i686-linux-gnu/4.8/../../../i386-linux-gnu/crti.o
                0x000000000804c880                __x86.get_pc_thunk.bx
 *fill*         0x000000000804c884        0xc 
 .text          0x000000000804c890       0xbd /usr/lib/gcc/i686-linux-gnu/4.8/crtbegin.o
 .text          0x000000000804c94d       0x63 hello-world.co
 .text          0x000000000804c9b0      0x465 contiki-native.a(contiki-main.o)
                0x000000000804c9fa                select_set_callback
                0x000000000804ca99                main
                0x000000000804cdb5                log_message
                0x000000000804cde9                uip_log
 .text          0x000000000804ce15       0x25 contiki-native.a(button-sensor.o)
                0x000000000804ce27                button_press
 .text          0x000000000804ce3a       0x2f contiki-native.a(pir-sensor.o)
                0x000000000804ce4c                pir_sensor_changed
 .text          0x000000000804ce69       0x2c contiki-native.a(vib-sensor.o)
                0x000000000804ce7b                vib_sensor_changed
 *fill*         0x000000000804ce95        0xb 
 .text          0x000000000804cea0      0x258 contiki-native.a(sensors.o)
                0x000000000804cfe4                sensors_first
                0x000000000804cfea                sensors_next
                0x000000000804d02e                sensors_changed
                0x000000000804d084                sensors_find
 .text          0x000000000804d0f8       0x58 contiki-native.a(autostart.o)
                0x000000000804d0f8                autostart_start
                0x000000000804d128                autostart_exit
 .text          0x000000000804d150      0x2aa contiki-native.a(ctimer.o)
                0x000000000804d22c                ctimer_init
                0x000000000804d25a                ctimer_set
                0x000000000804d2c5                ctimer_reset
                0x000000000804d30e                ctimer_restart
                0x000000000804d357                ctimer_stop
                0x000000000804d398                ctimer_expired
 *fill*         0x000000000804d3fa        0x6 
 .text          0x000000000804d400      0x2e3 contiki-native.a(etimer.o)
                0x000000000804d451                etimer_request_poll
                0x000000000804d5cd                etimer_set
                0x000000000804d5f1                etimer_reset
                0x000000000804d60d                etimer_restart
                0x000000000804d629                etimer_adjust
                0x000000000804d63f                etimer_expired
                0x000000000804d64e                etimer_expiration_time
                0x000000000804d658                etimer_start_time
                0x000000000804d65f                etimer_pending
                0x000000000804d66d                etimer_next_expiration_time
                0x000000000804d681                etimer_stop
 *fill*         0x000000000804d6e3        0xd 
 .text          0x000000000804d6f0      0x3c0 contiki-native.a(process.o)
                0x000000000804d858                process_alloc_event
                0x000000000804d869                process_exit
                0x000000000804d87f                process_init
                0x000000000804d8a9                process_run
                0x000000000804d988                process_nevents
                0x000000000804d99c                process_post
                0x000000000804da02                process_post_synch
                0x000000000804da29                process_start
                0x000000000804da80                process_poll
                0x000000000804daa1                process_is_running
 .text          0x000000000804dab0       0x89 contiki-native.a(rtimer.o)
                0x000000000804dab0                rtimer_init
                0x000000000804dabc                rtimer_set
                0x000000000804dafd                rtimer_run_next
 .text          0x000000000804db39       0x72 contiki-native.a(timer.o)
                0x000000000804db39                timer_set
                0x000000000804db54                timer_reset
                0x000000000804db5e                timer_restart
                0x000000000804db70                timer_expired
                0x000000000804db90                timer_remaining
 .text          0x000000000804dbab      0x1b0 contiki-native.a(serial-line.o)
                0x000000000804dcb1                serial_line_input_byte
                0x000000000804dd24                serial_line_init
 *fill*         0x000000000804dd5b        0x5 
 .text          0x000000000804dd60      0x171 contiki-native.a(list.o)
                0x000000000804dd60                list_init
                0x000000000804dd6b                list_head
                0x000000000804dd72                list_copy
                0x000000000804dd7f                list_tail
                0x000000000804dd9a                list_chop
                0x000000000804ddca                list_pop
                0x000000000804ddda                list_remove
                0x000000000804de19                list_add
                0x000000000804de50                list_push
                0x000000000804de75                list_length
                0x000000000804de95                list_insert
                0x000000000804dec0                list_item_next
 .text          0x000000000804ded1       0xc4 contiki-native.a(ringbuf.o)
                0x000000000804ded1                ringbuf_init
                0x000000000804deef                ringbuf_put
                0x000000000804df38                ringbuf_get
                0x000000000804df74                ringbuf_size
                0x000000000804df80                ringbuf_elements
 *fill*         0x000000000804df95        0xb 
 .text          0x000000000804dfa0     0x1628 contiki-native.a(sicslowpan.o)
                0x000000000804dfa0                sicslowpan_init
                0x000000000804f5ad                rime_sniffer_add
                0x000000000804f5b7                rime_sniffer_remove
                0x000000000804f5c2                sicslowpan_get_last_rssi
 *fill*         0x000000000804f5c8        0x8 
 .text          0x000000000804f5d0     0x2128 contiki-native.a(uip6.o)
                0x000000000804f862                uip_add32
                0x000000000804f944                uip_chksum
                0x000000000804f95c                uip_icmp6chksum
                0x000000000804f96d                uip_tcpchksum
                0x000000000804f97e                uip_udpchksum
                0x000000000804f98f                uip_init
                0x000000000804f9f5                uip_connect
                0x000000000804fb58                remove_ext_hdr
                0x000000000804fc24                uip_udp_new
                0x000000000804fd49                uip_unlisten
                0x000000000804fda8                uip_listen
                0x000000000804fe03                uip_process
                0x0000000008051657                uip_htons
                0x0000000008051661                uip_htonl
                0x000000000805167b                uip_send
 *fill*         0x00000000080516f8        0x8 
 .text          0x0000000008051700      0x996 contiki-native.a(uip-ds6.o)
                0x0000000008051700                uip_ds6_list_loop
                0x000000000805178b                uip_ds6_prefix_add
                0x000000000805182b                uip_ds6_prefix_rm
                0x0000000008051838                uip_ds6_prefix_lookup
                0x0000000008051882                uip_ds6_is_addr_onlink
                0x00000000080518e5                uip_ds6_addr_lookup
                0x000000000805192e                uip_ds6_get_link_local
                0x0000000008051976                uip_ds6_get_global
                0x00000000080519be                uip_ds6_maddr_add
                0x0000000008051a30                uip_ds6_addr_add
                0x0000000008051b48                uip_ds6_maddr_rm
                0x0000000008051b55                uip_ds6_maddr_lookup
                0x0000000008051b9e                uip_ds6_addr_rm
                0x0000000008051c29                uip_ds6_periodic
                0x0000000008051c90                uip_ds6_aaddr_add
                0x0000000008051d02                uip_ds6_aaddr_rm
                0x0000000008051d0f                uip_ds6_aaddr_lookup
                0x0000000008051d58                uip_ds6_set_addr_iid
                0x0000000008051d70                get_match_length
                0x0000000008051dd2                uip_ds6_select_src
                0x0000000008051eab                uip_ds6_compute_reachable_time
                0x0000000008051edd                uip_ds6_init
 *fill*         0x0000000008052096        0xa 
 .text          0x00000000080520a0      0x46b contiki-native.a(uip-ds6-nbr.o)
                0x00000000080520a0                uip_ds6_nbr_rm
                0x00000000080520d5                uip_ds6_neighbors_init
                0x00000000080520f1                uip_ds6_nbr_add
                0x0000000008052186                uip_ds6_nbr_get_ipaddr
                0x000000000805218b                uip_ds6_nbr_get_ll
                0x00000000080521a7                uip_ds6_nbr_num
                0x00000000080521e7                uip_ds6_nbr_lookup
                0x0000000008052255                uip_ds6_nbr_ll_lookup
                0x0000000008052271                uip_ds6_nbr_ipaddr_from_lladdr
                0x0000000008052284                uip_ds6_nbr_lladdr_from_ipaddr
                0x00000000080522ab                uip_ds6_link_neighbor_callback
                0x00000000080522ee                uip_ds6_neighbor_periodic
                0x00000000080524aa                uip_ds6_get_least_lifetime_neighbor
 *fill*         0x000000000805250b        0x5 
 .text          0x0000000008052510      0x713 contiki-native.a(uip-ds6-route.o)
                0x000000000805256d                uip_ds6_notification_add
                0x000000000805259a                uip_ds6_notification_rm
                0x00000000080525b5                uip_ds6_route_init
                0x000000000805260c                uip_ds6_route_nexthop
                0x000000000805263d                uip_ds6_route_head
                0x0000000008052650                uip_ds6_route_next
                0x000000000805266e                uip_ds6_route_num_routes
                0x0000000008052674                uip_ds6_route_lookup
                0x000000000805272e                uip_ds6_route_rm
                0x0000000008052877                uip_ds6_route_add
                0x0000000008052a09                uip_ds6_route_rm_by_nexthop
                0x0000000008052a31                uip_ds6_defrt_rm
                0x0000000008052a98                uip_ds6_defrt_lookup
                0x0000000008052af4                uip_ds6_defrt_add
                0x0000000008052b84                uip_ds6_defrt_choose
                0x0000000008052bcd                uip_ds6_defrt_periodic
 *fill*         0x0000000008052c23        0xd 
 .text          0x0000000008052c30      0x7ca contiki-native.a(uip-icmp6.o)
                0x0000000008052ffb                uip_icmp6_input
                0x0000000008053069                uip_icmp6_register_input_handler
                0x0000000008053084                uip_icmp6_error_output
                0x00000000080532cc                uip_icmp6_send
                0x0000000008053393                uip_icmp6_echo_reply_callback_add
                0x00000000080533c0                uip_icmp6_echo_reply_callback_rm
                0x00000000080533db                uip_icmp6_init
 *fill*         0x00000000080533fa        0x6 
 .text          0x0000000008053400      0x9aa contiki-native.a(uip-nd6.o)
                0x0000000008053b35                uip_nd6_ns_output
                0x0000000008053d8b                uip_nd6_init
 *fill*         0x0000000008053daa        0x6 
 .text          0x0000000008053db0      0x98b contiki-native.a(tcpip.o)
                0x0000000008053dd3                tcpip_output
                0x0000000008053df3                tcpip_set_outputfunc
                0x0000000008053dfd                tcp_unlisten
                0x0000000008053e64                tcp_listen
                0x0000000008053eda                tcp_attach
                0x0000000008053eef                udp_attach
                0x0000000008053f04                udp_new
                0x0000000008053f34                udp_broadcast_new
                0x0000000008053fba                icmp6_new
                0x0000000008053fe2                tcpip_icmp6_call
                0x0000000008054015                tcpip_input
                0x0000000008054048                tcpip_ipv6_output
                0x000000000805461c                tcpip_poll_udp
                0x000000000805463f                tcpip_poll_tcp
                0x0000000008054662                tcp_connect
                0x000000000805469f                tcpip_uipcall
 *fill*         0x000000000805473b        0x5 
 .text          0x0000000008054740      0x13c contiki-native.a(uip-debug.o)
                0x0000000008054740                uip_debug_ipaddr_print
                0x00000000080547f7                uip_debug_lladdr_print
 .text          0x000000000805487c       0xf7 contiki-native.a(uip-packetqueue)
                0x00000000080548a1                uip_packetqueue_new
                0x00000000080548ac                uip_packetqueue_alloc
                0x00000000080548f8                uip_packetqueue_free
                0x0000000008054930                uip_packetqueue_buf
                0x0000000008054944                uip_packetqueue_buflen
                0x000000000805495c                uip_packetqueue_set_buflen
 *fill*         0x0000000008054973        0xd 
 .text          0x0000000008054980      0x5c3 contiki-native.a(rpl.o)
                0x0000000008054980                rpl_get_mode
                0x0000000008054986                rpl_set_mode
                0x00000000080549fc                rpl_purge_routes
                0x0000000008054b0c                rpl_remove_routes
                0x0000000008054b43                rpl_remove_routes_by_nexthop
                0x0000000008054bc3                rpl_add_route
                0x0000000008054c78                rpl_link_neighbor_callback
                0x0000000008054d47                rpl_ipv6_neighbor_callback
                0x0000000008054dc9                rpl_init
                0x0000000008054e96                rpl_print_stats
 *fill*         0x0000000008054f43        0xd 
 .text          0x0000000008054f50     0x21b2 contiki-native.a(rpl-dag.o)
                0x0000000008055143                rpl_get_nbr
                0x000000000805517b                rpl_print_neighbor_list
                0x00000000080552dd                rpl_dag_init
                0x00000000080552f9                rpl_get_parent
                0x0000000008055315                rpl_get_parent_rank
                0x0000000008055340                rpl_get_parent_link_metric
                0x000000000805536b                rpl_get_parent_ipaddr
                0x0000000008055462                rpl_set_prefix
                0x00000000080555ac                rpl_set_default_route
                0x00000000080556a0                rpl_alloc_instance
                0x00000000080556e2                rpl_set_default_instance
                0x00000000080556ec                rpl_get_default_instance
                0x00000000080556f2                rpl_add_parent
                0x000000000805579e                rpl_find_parent
                0x00000000080557ca                rpl_find_parent_any_dag
                0x0000000008055804                rpl_select_parent
                0x000000000805589f                rpl_select_dag
                0x0000000008055b7d                rpl_nullify_parent
                0x0000000008055c57                rpl_remove_parent
                0x0000000008055d2a                rpl_free_dag
                0x0000000008055d94                rpl_free_instance
                0x0000000008055e47                rpl_move_parent
                0x0000000008055f3c                rpl_get_any_dag
                0x0000000008055f5d                rpl_get_instance
                0x0000000008055f7f                rpl_repair_root
                0x0000000008056030                rpl_alloc_dag
                0x0000000008056106                rpl_set_root
                0x0000000008056310                rpl_find_of
                0x0000000008056329                rpl_join_instance
                0x00000000080565b9                rpl_local_repair
                0x0000000008056678                rpl_process_parent_event
                0x000000000805683e                rpl_add_dag
                0x0000000008056a7f                rpl_recalculate_ranks
                0x0000000008056afb                rpl_process_dio
                0x00000000080570e6                rpl_lock_parent
 *fill*         0x0000000008057102        0xe 
 .text          0x0000000008057110      0x578 contiki-native.a(rpl-ext-header.)
                0x0000000008057110                rpl_verify_header
                0x000000000805722b                rpl_update_header_empty
                0x0000000008057467                rpl_update_header_final
                0x0000000008057540                rpl_remove_header
                0x00000000080575c6                rpl_invert_header
                0x0000000008057669                rpl_insert_header
 *fill*         0x0000000008057688        0x8 
 .text          0x0000000008057690      0xf39 contiki-native.a(rpl-icmp6.o)
                0x0000000008057b26                dis_output
                0x0000000008057bc5                dio_output
                0x0000000008057efe                dao_output_target
                0x000000000805803b                dao_output
                0x00000000080580e3                dao_ack_output
                0x0000000008058592                rpl_icmp6_register_handlers
 .text          0x00000000080585c9      0x1a0 contiki-native.a(rpl-mrhof.o)
 *fill*         0x0000000008058769        0x7 
 .text          0x0000000008058770      0x591 contiki-native.a(rpl-timers.o)
                0x0000000008058aa1                rpl_reset_periodic_timer
                0x0000000008058aed                rpl_reset_dio_timer
                0x0000000008058b21                rpl_schedule_dao
                0x0000000008058b36                rpl_schedule_dao_immediately
                0x0000000008058b4b                rpl_cancel_dao
                0x0000000008058b74                rpl_schedule_probing
 .text          0x0000000008058d01       0x59 contiki-native.a(linkaddr.o)
                0x0000000008058d01                linkaddr_copy
                0x0000000008058d14                linkaddr_cmp
                0x0000000008058d3f                linkaddr_set_node_addr
 *fill*         0x0000000008058d5a        0x6 
 .text          0x0000000008058d60      0x4db contiki-native.a(nbr-table.o)
                0x0000000008058e8d                nbr_table_register
                0x0000000008058ec0                nbr_table_next
                0x0000000008058f23                nbr_table_head
                0x0000000008058f70                nbr_table_add_lladdr
                0x000000000805914c                nbr_table_get_from_lladdr
                0x0000000008059187                nbr_table_remove
                0x00000000080591ca                nbr_table_lock
                0x00000000080591ea                nbr_table_unlock
                0x000000000805920a                nbr_table_get_lladdr
 *fill*         0x000000000805923b        0x5 
 .text          0x0000000008059240       0x21 contiki-native.a(netstack.o)
                0x0000000008059240                netstack_init
 .text          0x0000000008059261      0x3df contiki-native.a(packetbuf.o)
                0x0000000008059261                packetbuf_clear_hdr
                0x0000000008059269                packetbuf_compact
                0x00000000080592ae                packetbuf_copyto_hdr
                0x00000000080592e0                packetbuf_copyto
                0x0000000008059360                packetbuf_hdr_remove
                0x000000000805936b                packetbuf_hdrreduce
                0x0000000008059397                packetbuf_set_datalen
                0x00000000080593a2                packetbuf_dataptr
                0x00000000080593af                packetbuf_hdrptr
                0x00000000080593bc                packetbuf_datalen
                0x00000000080593c4                packetbuf_hdrlen
                0x00000000080593dc                packetbuf_totlen
                0x00000000080593ec                packetbuf_hdralloc
                0x000000000805942f                packetbuf_attr_clear
                0x0000000008059475                packetbuf_clear
                0x00000000080594a4                packetbuf_copyfrom
                0x00000000080594ea                packetbuf_attr_copyto
                0x000000000805955b                packetbuf_attr_copyfrom
                0x00000000080595cb                packetbuf_set_attr
                0x00000000080595e2                packetbuf_attr
                0x00000000080595f0                packetbuf_set_addr
                0x0000000008059618                packetbuf_addr
                0x0000000008059625                packetbuf_holds_broadcast
 .text          0x0000000008059640      0x1ec contiki-native.a(queuebuf.o)
                0x0000000008059640                queuebuf_init
                0x000000000805965f                queuebuf_numfree
                0x0000000008059672                queuebuf_new_from_packetbuf
                0x00000000080596e3                queuebuf_update_attr_from_packetbuf
                0x0000000008059707                queuebuf_update_from_packetbuf
                0x000000000805973d                queuebuf_free
                0x0000000008059780                queuebuf_to_packetbuf
                0x00000000080597ce                queuebuf_dataptr
                0x00000000080597f8                queuebuf_datalen
                0x0000000008059806                queuebuf_addr
                0x0000000008059816                queuebuf_attr
                0x000000000805982a                queuebuf_debug_print
 *fill*         0x000000000805982c        0x4 
 .text          0x0000000008059830      0x2fb contiki-native.a(framer-802154.o)
 .text          0x0000000008059b2b       0x2a contiki-native.a(framer.o)
                0x0000000008059b2b                framer_canonical_create_and_secure
 .text          0x0000000008059b55       0x52 contiki-native.a(nullmac.o)
 *fill*         0x0000000008059ba7        0x9 
 .text          0x0000000008059bb0      0x15d contiki-native.a(nullrdc.o)
 .text          0x0000000008059d0d       0x54 contiki-native.a(nullsec.o)
 .text          0x0000000008059d61       0x5e contiki-native.a(clock.o)
                0x0000000008059d61                clock_time
                0x0000000008059d9e                clock_seconds
                0x0000000008059dbd                clock_delay
 .text          0x0000000008059dbf       0xac contiki-native.a(rtimer-arch.o)
                0x0000000008059ddf                rtimer_arch_init
                0x0000000008059dfa                rtimer_arch_schedule
 .text          0x0000000008059e6b       0x17 contiki-native.a(watchdog.o)
                0x0000000008059e6b                watchdog_init
                0x0000000008059e6d                watchdog_start
                0x0000000008059e6f                watchdog_periodic
                0x0000000008059e71                watchdog_stop
                0x0000000008059e73                watchdog_reboot
 .text          0x0000000008059e82       0x86 contiki-native.a(stimer.o)
                0x0000000008059e82                stimer_set
                0x0000000008059e9d                stimer_reset
                0x0000000008059ea7                stimer_restart
                0x0000000008059eb9                stimer_expired
                0x0000000008059edb                stimer_remaining
                0x0000000008059ef6                stimer_elapsed
 .text          0x0000000008059f08       0x54 contiki-native.a(nullradio.o)
 *fill*         0x0000000008059f5c        0x4 
 .text          0x0000000008059f60      0x172 contiki-native.a(memb.o)
                0x0000000008059f60                memb_init
                0x0000000008059fa9                memb_alloc
                0x000000000805a007                memb_free
                0x000000000805a074                memb_inmemb
                0x000000000805a0a1                memb_numfree
 .text          0x000000000805a0d2       0x20 contiki-native.a(random.o)
                0x000000000805a0d2                random_init
                0x000000000805a0e6                random_rand
 .text          0x000000000805a0f2      0x3bb contiki-native.a(frame802154.o)
                0x000000000805a170                frame802154_hdrlen
                0x000000000805a1a7                frame802154_create
                0x000000000805a2cf                frame802154_parse
 .text          0x000000000805a4ad       0x28 contiki-native.a(mac.o)
                0x000000000805a4ad                mac_call_sent_callback
 *fill*         0x000000000805a4d5        0xb 
 .text          0x000000000805a4e0       0x72 /usr/lib/i386-linux-gnu/libc_nonshared.a(elf-init.oS)
                0x000000000805a4e0                __libc_csu_init
                0x000000000805a550                __libc_csu_fini
 .text          0x000000000805a552        0x0 /usr/lib/gcc/i686-linux-gnu/4.8/crtend.o
 .text          0x000000000805a552        0x0 /usr/lib/gcc/i686-linux-gnu/4.8/../../../i386-linux-gnu/crtn.o
 *(.gnu.warning)

.fini           0x000000000805a554       0x14
 *(SORT(.fini))
 .fini          0x000000000805a554        0xf /usr/lib/gcc/i686-linux-gnu/4.8/../../../i386-linux-gnu/crti.o
                0x000000000805a554                _fini
 .fini          0x000000000805a563        0x5 /usr/lib/gcc/i686-linux-gnu/4.8/../../../i386-linux-gnu/crtn.o
                0x000000000805a568                PROVIDE (__etext, .)
                0x000000000805a568                PROVIDE (_etext, .)
                0x000000000805a568                PROVIDE (etext, .)

.rodata         0x000000000805a580     0x1518
 *(.rodata .rodata.* .gnu.linkonce.r.*)
 .rodata        0x000000000805a580        0x4 /usr/lib/gcc/i686-linux-gnu/4.8/../../../i386-linux-gnu/crt1.o
                0x000000000805a580                _fp_hw
 .rodata.cst4   0x000000000805a584        0x4 /usr/lib/gcc/i686-linux-gnu/4.8/../../../i386-linux-gnu/crt1.o
                0x000000000805a584                _IO_stdin_used
 .rodata.str1.1
                0x000000000805a588       0x21 hello-world.co
 *fill*         0x000000000805a5a9        0x3 
 .rodata        0x000000000805a5ac        0x8 hello-world.co
                0x000000000805a5ac                autostart_processes
 .rodata.str1.4
                0x000000000805a5b4       0x57 contiki-native.a(contiki-main.o)
 .rodata.str1.1
                0x000000000805a60b       0x5e contiki-native.a(contiki-main.o)
                                         0x62 (size before relaxing)
 *fill*         0x000000000805a669        0x3 
 .rodata        0x000000000805a66c       0x10 contiki-native.a(contiki-main.o)
 .rodata.str1.1
                0x000000000805a67c        0x7 contiki-native.a(button-sensor.o)
 *fill*         0x000000000805a683        0x1 
 .rodata        0x000000000805a684       0x10 contiki-native.a(button-sensor.o)
                0x000000000805a684                button_sensor
 .rodata.str1.1
                0x000000000805a694        0x4 contiki-native.a(pir-sensor.o)
 .rodata        0x000000000805a698       0x10 contiki-native.a(pir-sensor.o)
                0x000000000805a698                pir_sensor
 .rodata.str1.1
                0x000000000805a6a8        0xa contiki-native.a(vib-sensor.o)
 *fill*         0x000000000805a6b2        0x2 
 .rodata        0x000000000805a6b4       0x10 contiki-native.a(vib-sensor.o)
                0x000000000805a6b4                vib_sensor
 .rodata.str1.1
                0x000000000805a6c4        0x8 contiki-native.a(sensors.o)
 .rodata.str1.1
                0x000000000805a6cc        0xf contiki-native.a(ctimer.o)
 .rodata.str1.1
                0x000000000805a6db        0xc contiki-native.a(etimer.o)
 .rodata.str1.1
                0x000000000805a6e7        0xe contiki-native.a(serial-line.o)
 .rodata.str1.1
                0x000000000805a6f5        0xb contiki-native.a(sicslowpan.o)
 .rodata        0x000000000805a700       0x1e contiki-native.a(sicslowpan.o)
                0x000000000805a700                sicslowpan_driver
                0x000000000805a710                llprefix
                0x000000000805a712                unc_mxconf
                0x000000000805a716                unc_ctxconf
                0x000000000805a71a                unc_llconf
 .rodata.str1.1
                0x000000000805a71e      0x1ba contiki-native.a(uip6.o)
                                        0x1c6 (size before relaxing)
 .rodata.str1.4
                0x000000000805a8d8      0x274 contiki-native.a(uip6.o)
 .rodata        0x000000000805ab4c      0x138 contiki-native.a(uip6.o)
 .rodata.str1.1
                0x000000000805ac84        0xd contiki-native.a(tcpip.o)
 .rodata.str1.1
                0x000000000805ac91       0x29 contiki-native.a(uip-debug.o)
 .rodata.str1.1
                0x000000000805acba       0xb6 contiki-native.a(rpl.o)
 .rodata.str1.4
                0x000000000805ad70      0x17c contiki-native.a(rpl.o)
 .rodata.str1.4
                0x000000000805aeec      0x844 contiki-native.a(rpl-dag.o)
                                        0x843 (size before relaxing)
 .rodata.str1.1
                0x000000000805b730      0x2a5 contiki-native.a(rpl-dag.o)
                                        0x2ac (size before relaxing)
 .rodata        0x000000000805b9d5        0x8 contiki-native.a(linkaddr.o)
                0x000000000805b9d5                linkaddr_null
 *fill*         0x000000000805b9dd        0x3 
 .rodata        0x000000000805b9e0       0x10 contiki-native.a(framer-802154.o)
                0x000000000805b9e0                framer_802154
 .rodata.str1.1
                0x000000000805b9f0        0x8 contiki-native.a(nullmac.o)
 .rodata        0x000000000805b9f8       0x1c contiki-native.a(nullmac.o)
                0x000000000805b9f8                nullmac_driver
 .rodata.str1.1
                0x000000000805ba14        0x8 contiki-native.a(nullrdc.o)
 *fill*         0x000000000805ba1c        0x4 
 .rodata        0x000000000805ba20       0x20 contiki-native.a(nullrdc.o)
                0x000000000805ba20                nullrdc_driver
 .rodata.str1.1
                0x000000000805ba40        0x8 contiki-native.a(nullsec.o)
 .rodata        0x000000000805ba48       0x18 contiki-native.a(nullsec.o)
                0x000000000805ba48                nullsec_driver
 .rodata        0x000000000805ba60       0x38 contiki-native.a(nullradio.o)
                0x000000000805ba60                nullradio_driver

.rodata1
 *(.rodata1)

.eh_frame_hdr   0x000000000805ba98      0xd7c
 *(.eh_frame_hdr)
 .eh_frame_hdr  0x000000000805ba98      0xd7c hello-world.co

.eh_frame       0x000000000805c814     0x3668
 *(.eh_frame)
 .eh_frame      0x000000000805c814       0x3c /usr/lib/gcc/i686-linux-gnu/4.8/../../../i386-linux-gnu/crt1.o
                                         0x40 (size before relaxing)
 .eh_frame      0x000000000805c850       0x24 hello-world.co
                                         0x3c (size before relaxing)
 .eh_frame      0x000000000805c874       0x90 contiki-native.a(contiki-main.o)
                                         0xa8 (size before relaxing)
 .eh_frame      0x000000000805c904       0x54 contiki-native.a(button-sensor.o)
                                         0x6c (size before relaxing)
 .eh_frame      0x000000000805c958       0x54 contiki-native.a(pir-sensor.o)
                                         0x6c (size before relaxing)
 .eh_frame      0x000000000805c9ac       0x54 contiki-native.a(vib-sensor.o)
                                         0x6c (size before relaxing)
 .eh_frame      0x000000000805ca00       0xa0 contiki-native.a(sensors.o)
                                         0xb8 (size before relaxing)
 .eh_frame      0x000000000805caa0       0x40 contiki-native.a(autostart.o)
                                         0x58 (size before relaxing)
 .eh_frame      0x000000000805cae0      0x114 contiki-native.a(ctimer.o)
                                        0x12c (size before relaxing)
 .eh_frame      0x000000000805cbf4      0x190 contiki-native.a(etimer.o)
                                        0x1a8 (size before relaxing)
 .eh_frame      0x000000000805cd84      0x19c contiki-native.a(process.o)
                                        0x1b4 (size before relaxing)
 .eh_frame      0x000000000805cf20       0x50 contiki-native.a(rtimer.o)
                                         0x68 (size before relaxing)
 .eh_frame      0x000000000805cf70       0x8c contiki-native.a(timer.o)
                                         0xa4 (size before relaxing)
 .eh_frame      0x000000000805cffc       0x54 contiki-native.a(serial-line.o)
                                         0x6c (size before relaxing)
 .eh_frame      0x000000000805d050      0x12c contiki-native.a(list.o)
                                        0x144 (size before relaxing)
 .eh_frame      0x000000000805d17c       0x90 contiki-native.a(ringbuf.o)
                                         0xa8 (size before relaxing)
 .eh_frame      0x000000000805d20c      0x1a0 contiki-native.a(sicslowpan.o)
                                        0x1b8 (size before relaxing)
 .eh_frame      0x000000000805d3ac      0x2b0 contiki-native.a(uip6.o)
                                        0x2c8 (size before relaxing)
 .eh_frame      0x000000000805d65c      0x2f4 contiki-native.a(uip-ds6.o)
                                        0x30c (size before relaxing)
 .eh_frame      0x000000000805d950      0x1c4 contiki-native.a(uip-ds6-nbr.o)
                                        0x1dc (size before relaxing)
 .eh_frame      0x000000000805db14      0x2b0 contiki-native.a(uip-ds6-route.o)
                                        0x2c8 (size before relaxing)
 .eh_frame      0x000000000805ddc4      0x158 contiki-native.a(uip-icmp6.o)
                                        0x170 (size before relaxing)
 .eh_frame      0x000000000805df1c       0xc4 contiki-native.a(uip-nd6.o)
                                         0xdc (size before relaxing)
 .eh_frame      0x000000000805dfe0      0x238 contiki-native.a(tcpip.o)
                                        0x250 (size before relaxing)
 .eh_frame      0x000000000805e218       0x68 contiki-native.a(uip-debug.o)
                                         0x80 (size before relaxing)
 .eh_frame      0x000000000805e280       0xb4 contiki-native.a(uip-packetqueue)
                                         0xcc (size before relaxing)
 .eh_frame      0x000000000805e334      0x174 contiki-native.a(rpl.o)
                                        0x18c (size before relaxing)
 .eh_frame      0x000000000805e4a8      0x6a4 contiki-native.a(rpl-dag.o)
                                        0x6bc (size before relaxing)
 .eh_frame      0x000000000805eb4c       0xf0 contiki-native.a(rpl-ext-header.)
                                        0x108 (size before relaxing)
 .eh_frame      0x000000000805ec3c      0x210 contiki-native.a(rpl-icmp6.o)
                                        0x228 (size before relaxing)
 .eh_frame      0x000000000805ee4c      0x110 contiki-native.a(rpl-mrhof.o)
                                        0x128 (size before relaxing)
 .eh_frame      0x000000000805ef5c      0x1cc contiki-native.a(rpl-timers.o)
                                        0x1e4 (size before relaxing)
 .eh_frame      0x000000000805f128       0x44 contiki-native.a(linkaddr.o)
                                         0x5c (size before relaxing)
 .eh_frame      0x000000000805f16c      0x200 contiki-native.a(nbr-table.o)
                                        0x218 (size before relaxing)
 .eh_frame      0x000000000805f36c       0x18 contiki-native.a(netstack.o)
                                         0x30 (size before relaxing)
 .eh_frame      0x000000000805f384      0x240 contiki-native.a(packetbuf.o)
                                        0x258 (size before relaxing)
 .eh_frame      0x000000000805f5c4      0x148 contiki-native.a(queuebuf.o)
                                        0x160 (size before relaxing)
 .eh_frame      0x000000000805f70c       0x88 contiki-native.a(framer-802154.o)
                                         0xa0 (size before relaxing)
 .eh_frame      0x000000000805f794       0x20 contiki-native.a(framer.o)
                                         0x38 (size before relaxing)
 .eh_frame      0x000000000805f7b4       0x88 contiki-native.a(nullmac.o)
                                         0xa0 (size before relaxing)
 .eh_frame      0x000000000805f83c       0xf4 contiki-native.a(nullrdc.o)
                                        0x10c (size before relaxing)
 .eh_frame      0x000000000805f930       0x70 contiki-native.a(nullsec.o)
                                         0x88 (size before relaxing)
 .eh_frame      0x000000000805f9a0       0x4c contiki-native.a(clock.o)
                                         0x64 (size before relaxing)
 .eh_frame      0x000000000805f9ec       0x54 contiki-native.a(rtimer-arch.o)
                                         0x6c (size before relaxing)
 .eh_frame      0x000000000805fa40       0x64 contiki-native.a(watchdog.o)
                                         0x7c (size before relaxing)
 .eh_frame      0x000000000805faa4       0xa4 contiki-native.a(stimer.o)
                                         0xbc (size before relaxing)
 .eh_frame      0x000000000805fb48      0x118 contiki-native.a(nullradio.o)
                                        0x130 (size before relaxing)
 .eh_frame      0x000000000805fc60       0xcc contiki-native.a(memb.o)
                                         0xe4 (size before relaxing)
 .eh_frame      0x000000000805fd2c       0x30 contiki-native.a(random.o)
                                         0x48 (size before relaxing)
 .eh_frame      0x000000000805fd5c       0xb4 contiki-native.a(frame802154.o)
                                         0xcc (size before relaxing)
 .eh_frame      0x000000000805fe10       0x18 contiki-native.a(mac.o)
                                         0x30 (size before relaxing)
 .eh_frame      0x000000000805fe28       0x50 /usr/lib/i386-linux-gnu/libc_nonshared.a(elf-init.oS)
                                         0x7c (size before relaxing)
 .eh_frame      0x000000000805fe78        0x4 /usr/lib/gcc/i686-linux-gnu/4.8/crtend.o

.gcc_except_table
 *(.gcc_except_table .gcc_except_table.*)

.exception_ranges
 *(.exception_ranges .exception_ranges*)
                0x000000000805fe7c                . = (ALIGN (0x1000) - ((0x1000 - .) & 0xfff))
                0x0000000008060f08                . = DATA_SEGMENT_ALIGN (0x1000, 0x1000)

.eh_frame
 *(.eh_frame)

.gcc_except_table
 *(.gcc_except_table .gcc_except_table.*)

.exception_ranges
 *(.exception_ranges .exception_ranges*)

.tdata
 *(.tdata .tdata.* .gnu.linkonce.td.*)

.tbss
 *(.tbss .tbss.* .gnu.linkonce.tb.*)
 *(.tcommon)

.preinit_array  0x0000000008060f08        0x0
                0x0000000008060f08                PROVIDE (__preinit_array_start, .)
 *(.preinit_array)
                0x0000000008060f08                PROVIDE (__preinit_array_end, .)

.init_array     0x0000000008060f08        0x4
                0x0000000008060f08                PROVIDE (__init_array_start, .)
 *(SORT(.init_array.*) SORT(.ctors.*))
 *(.init_array EXCLUDE_FILE(*crtend?.o *crtend.o *crtbegin?.o *crtbegin.o) .ctors)
 .init_array    0x0000000008060f08        0x4 /usr/lib/gcc/i686-linux-gnu/4.8/crtbegin.o
                0x0000000008060f0c                PROVIDE (__init_array_end, .)

.fini_array     0x0000000008060f0c        0x4
                0x0000000008060f0c                PROVIDE (__fini_array_start, .)
 *(SORT(.fini_array.*) SORT(.dtors.*))
 *(.fini_array EXCLUDE_FILE(*crtend?.o *crtend.o *crtbegin?.o *crtbegin.o) .dtors)
 .fini_array    0x0000000008060f0c        0x4 /usr/lib/gcc/i686-linux-gnu/4.8/crtbegin.o
                0x0000000008060f10                PROVIDE (__fini_array_end, .)

.ctors
 *crtbegin.o(.ctors)
 *crtbegin?.o(.ctors)
 *(EXCLUDE_FILE(*crtend?.o *crtend.o) .ctors)
 *(SORT(.ctors.*))
 *(.ctors)

.dtors
 *crtbegin.o(.dtors)
 *crtbegin?.o(.dtors)
 *(EXCLUDE_FILE(*crtend?.o *crtend.o) .dtors)
 *(SORT(.dtors.*))
 *(.dtors)

.jcr            0x0000000008060f10        0x4
 *(.jcr)
 .jcr           0x0000000008060f10        0x0 /usr/lib/gcc/i686-linux-gnu/4.8/crtbegin.o
 .jcr           0x0000000008060f10        0x4 /usr/lib/gcc/i686-linux-gnu/4.8/crtend.o

.data.rel.ro
 *(.data.rel.ro.local* .gnu.linkonce.d.rel.ro.local.*)
 *(.data.rel.ro .data.rel.ro.* .gnu.linkonce.d.rel.ro.*)

.dynamic        0x0000000008060f14       0xe8
 *(.dynamic)
 .dynamic       0x0000000008060f14       0xe8 /usr/lib/gcc/i686-linux-gnu/4.8/../../../i386-linux-gnu/crt1.o
                0x0000000008060f14                _DYNAMIC

.got            0x0000000008060ffc        0x4
 *(.got)
 .got           0x0000000008060ffc        0x4 /usr/lib/gcc/i686-linux-gnu/4.8/../../../i386-linux-gnu/crt1.o
 *(.igot)
                0x0000000008061ff4                . = DATA_SEGMENT_RELRO_END (., (SIZEOF (.got.plt) >= 0xc)?0xc:0x0)

.got.plt        0x0000000008061000       0x70
 *(.got.plt)
 .got.plt       0x0000000008061000       0x70 /usr/lib/gcc/i686-linux-gnu/4.8/../../../i386-linux-gnu/crt1.o
                0x0000000008061000                _GLOBAL_OFFSET_TABLE_
 *(.igot.plt)
 .igot.plt      0x0000000000000000        0x0 /usr/lib/gcc/i686-linux-gnu/4.8/../../../i386-linux-gnu/crt1.o

.data           0x0000000008061070      0x184
 *(.data .data.* .gnu.linkonce.d.*)
 .data          0x0000000008061070        0x4 /usr/lib/gcc/i686-linux-gnu/4.8/../../../i386-linux-gnu/crt1.o
                0x0000000008061070                data_start
                0x0000000008061070                __data_start
 .data          0x0000000008061074        0x0 /usr/lib/gcc/i686-linux-gnu/4.8/../../../i386-linux-gnu/crti.o
 .data          0x0000000008061074        0x4 /usr/lib/gcc/i686-linux-gnu/4.8/crtbegin.o
                0x0000000008061074                __dso_handle
 .data          0x0000000008061078       0x10 hello-world.co
                0x0000000008061078                hello_world_process
 .data          0x0000000008061088       0x10 contiki-native.a(contiki-main.o)
                0x0000000008061088                sensors
 .data          0x0000000008061098        0x0 contiki-native.a(button-sensor.o)
 .data          0x0000000008061098        0x0 contiki-native.a(pir-sensor.o)
 .data          0x0000000008061098        0x0 contiki-native.a(vib-sensor.o)
 .data          0x0000000008061098       0x10 contiki-native.a(sensors.o)
                0x0000000008061098                sensors_process
 .data          0x00000000080610a8        0x0 contiki-native.a(autostart.o)
 .data          0x00000000080610a8       0x10 contiki-native.a(ctimer.o)
                0x00000000080610a8                ctimer_process
 .data          0x00000000080610b8       0x10 contiki-native.a(etimer.o)
                0x00000000080610b8                etimer_process
 .data          0x00000000080610c8        0x0 contiki-native.a(process.o)
 .data          0x00000000080610c8        0x0 contiki-native.a(rtimer.o)
 .data          0x00000000080610c8        0x0 contiki-native.a(timer.o)
 .data          0x00000000080610c8       0x10 contiki-native.a(serial-line.o)
                0x00000000080610c8                serial_line_process
 .data          0x00000000080610d8        0x0 contiki-native.a(list.o)
 .data          0x00000000080610d8        0x0 contiki-native.a(ringbuf.o)
 .data          0x00000000080610d8        0x0 contiki-native.a(sicslowpan.o)
 .data          0x00000000080610d8        0x0 contiki-native.a(uip6.o)
 .data          0x00000000080610d8        0x0 contiki-native.a(uip-ds6.o)
 .data          0x00000000080610d8       0x14 contiki-native.a(uip-ds6-nbr.o)
                0x00000000080610d8                ds6_neighbors
 .data          0x00000000080610ec       0x34 contiki-native.a(uip-ds6-route.o)
 .data          0x0000000008061120       0x18 contiki-native.a(uip-icmp6.o)
 .data          0x0000000008061138       0x18 contiki-native.a(uip-nd6.o)
 .data          0x0000000008061150       0x10 contiki-native.a(tcpip.o)
                0x0000000008061150                tcpip_process
 .data          0x0000000008061160        0x0 contiki-native.a(uip-debug.o)
 .data          0x0000000008061160        0xc contiki-native.a(uip-packetqueue)
 .data          0x000000000806116c        0x0 contiki-native.a(rpl.o)
 .data          0x000000000806116c       0x14 contiki-native.a(rpl-dag.o)
                0x000000000806116c                rpl_parents
 .data          0x0000000008061180        0x0 contiki-native.a(rpl-ext-header.)
 .data          0x0000000008061180       0x31 contiki-native.a(rpl-icmp6.o)
 *fill*         0x00000000080611b1        0x3 
 .data          0x00000000080611b4       0x1c contiki-native.a(rpl-mrhof.o)
                0x00000000080611b4                rpl_mrhof
 .data          0x00000000080611d0        0x0 contiki-native.a(rpl-timers.o)
 .data          0x00000000080611d0        0x0 contiki-native.a(linkaddr.o)
 .data          0x00000000080611d0        0xc contiki-native.a(nbr-table.o)
 .data          0x00000000080611dc        0x0 contiki-native.a(netstack.o)
 .data          0x00000000080611dc        0x0 contiki-native.a(packetbuf.o)
 .data          0x00000000080611dc       0x18 contiki-native.a(queuebuf.o)
 .data          0x00000000080611f4        0x0 contiki-native.a(framer-802154.o)
 .data          0x00000000080611f4        0x0 contiki-native.a(framer.o)
 .data          0x00000000080611f4        0x0 contiki-native.a(nullmac.o)
 .data          0x00000000080611f4        0x0 contiki-native.a(nullrdc.o)
 .data          0x00000000080611f4        0x0 contiki-native.a(nullsec.o)
 .data          0x00000000080611f4        0x0 contiki-native.a(clock.o)
 .data          0x00000000080611f4        0x0 contiki-native.a(rtimer-arch.o)
 .data          0x00000000080611f4        0x0 contiki-native.a(watchdog.o)
 .data          0x00000000080611f4        0x0 contiki-native.a(stimer.o)
 .data          0x00000000080611f4        0x0 contiki-native.a(nullradio.o)
 .data          0x00000000080611f4        0x0 contiki-native.a(memb.o)
 .data          0x00000000080611f4        0x0 contiki-native.a(random.o)
 .data          0x00000000080611f4        0x0 contiki-native.a(frame802154.o)
 .data          0x00000000080611f4        0x0 contiki-native.a(mac.o)
 .data          0x00000000080611f4        0x0 /usr/lib/i386-linux-gnu/libc_nonshared.a(elf-init.oS)
 .data          0x00000000080611f4        0x0 /usr/lib/gcc/i686-linux-gnu/4.8/crtend.o
 .data          0x00000000080611f4        0x0 /usr/lib/gcc/i686-linux-gnu/4.8/../../../i386-linux-gnu/crtn.o

.tm_clone_table
                0x00000000080611f4        0x0
 .tm_clone_table
                0x00000000080611f4        0x0 /usr/lib/gcc/i686-linux-gnu/4.8/crtbegin.o
 .tm_clone_table
                0x00000000080611f4        0x0 /usr/lib/gcc/i686-linux-gnu/4.8/crtend.o

.data1
 *(.data1)
                0x00000000080611f4                _edata = .
                0x00000000080611f4                PROVIDE (edata, .)
                0x00000000080611f4                . = .
                0x00000000080611f4                __bss_start = .

.bss            0x0000000008061200     0x32a0
 *(.dynbss)
 .dynbss        0x0000000008061200       0x24 /usr/lib/gcc/i686-linux-gnu/4.8/../../../i386-linux-gnu/crt1.o
                0x0000000008061200                stderr@@GLIBC_2.0
                0x0000000008061220                stdout@@GLIBC_2.0
 *(.bss .bss.* .gnu.linkonce.b.*)
 .bss           0x0000000008061224        0x0 /usr/lib/gcc/i686-linux-gnu/4.8/../../../i386-linux-gnu/crt1.o
 .bss           0x0000000008061224        0x0 /usr/lib/gcc/i686-linux-gnu/4.8/../../../i386-linux-gnu/crti.o
 .bss           0x0000000008061224        0x1 /usr/lib/gcc/i686-linux-gnu/4.8/crtbegin.o
 *fill*         0x0000000008061225        0x3 
 .bss           0x0000000008061228       0x10 hello-world.co
 *fill*         0x0000000008061238        0x8 
 .bss           0x0000000008061240       0x40 contiki-native.a(contiki-main.o)
                0x0000000008061240                contiki_argc
 .bss           0x0000000008061280        0x0 contiki-native.a(button-sensor.o)
 .bss           0x0000000008061280        0x4 contiki-native.a(pir-sensor.o)
 .bss           0x0000000008061284        0x4 contiki-native.a(vib-sensor.o)
 .bss           0x0000000008061288        0x9 contiki-native.a(sensors.o)
 .bss           0x0000000008061291        0x0 contiki-native.a(autostart.o)
 *fill*         0x0000000008061291        0x3 
 .bss           0x0000000008061294        0x8 contiki-native.a(ctimer.o)
 .bss           0x000000000806129c        0x8 contiki-native.a(etimer.o)
 *fill*         0x00000000080612a4       0x1c 
 .bss           0x00000000080612c0      0x1a3 contiki-native.a(process.o)
                0x00000000080612c0                process_current
                0x00000000080612c4                process_list
 *fill*         0x0000000008061463        0x1 
 .bss           0x0000000008061464        0x4 contiki-native.a(rtimer.o)
 .bss           0x0000000008061468        0x0 contiki-native.a(timer.o)
 *fill*         0x0000000008061468       0x18 
 .bss           0x0000000008061480      0x148 contiki-native.a(serial-line.o)
 .bss           0x00000000080615c8        0x0 contiki-native.a(list.o)
 .bss           0x00000000080615c8        0x0 contiki-native.a(ringbuf.o)
 *fill*         0x00000000080615c8       0x18 
 .bss           0x00000000080615e0      0x1fc contiki-native.a(sicslowpan.o)
 .bss           0x00000000080617dc        0xf contiki-native.a(uip6.o)
                0x00000000080617dc                uip_ext_opt_offset
                0x00000000080617dd                uip_ext_len
                0x00000000080617de                uip_ext_bitmap
 *fill*         0x00000000080617eb        0x1 
 .bss           0x00000000080617ec       0x20 contiki-native.a(uip-ds6.o)
 *fill*         0x000000000806180c       0x14 
 .bss           0x0000000008061820      0x528 contiki-native.a(uip-ds6-nbr.o)
 *fill*         0x0000000008061d48       0x18 
 .bss           0x0000000008061d60      0x770 contiki-native.a(uip-ds6-route.o)
 .bss           0x00000000080624d0       0x18 contiki-native.a(uip-icmp6.o)
 .bss           0x00000000080624e8       0x11 contiki-native.a(uip-nd6.o)
 *fill*         0x00000000080624f9        0x7 
 .bss           0x0000000008062500      0x174 contiki-native.a(tcpip.o)
 .bss           0x0000000008062674        0x0 contiki-native.a(uip-debug.o)
 *fill*         0x0000000008062674        0xc 
 .bss           0x0000000008062680      0x3a2 contiki-native.a(uip-packetqueue)
 *fill*         0x0000000008062a22        0x2 
 .bss           0x0000000008062a24        0x4 contiki-native.a(rpl.o)
 *fill*         0x0000000008062a28       0x18 
 .bss           0x0000000008062a40      0x258 contiki-native.a(rpl-dag.o)
 .bss           0x0000000008062c98        0x0 contiki-native.a(rpl-ext-header.)
 .bss           0x0000000008062c98        0x0 contiki-native.a(rpl-icmp6.o)
 .bss           0x0000000008062c98        0x0 contiki-native.a(rpl-mrhof.o)
 *fill*         0x0000000008062c98        0x8 
 .bss           0x0000000008062ca0       0x40 contiki-native.a(rpl-timers.o)
 .bss           0x0000000008062ce0        0x0 contiki-native.a(linkaddr.o)
 .bss           0x0000000008062ce0      0x21c contiki-native.a(nbr-table.o)
 .bss           0x0000000008062efc        0x0 contiki-native.a(netstack.o)
 *fill*         0x0000000008062efc        0x4 
 .bss           0x0000000008062f00       0xd6 contiki-native.a(packetbuf.o)
 *fill*         0x0000000008062fd6        0xa 
 .bss           0x0000000008062fe0      0x5c8 contiki-native.a(queuebuf.o)
 .bss           0x00000000080635a8        0x2 contiki-native.a(framer-802154.o)
 .bss           0x00000000080635aa        0x0 contiki-native.a(framer.o)
 .bss           0x00000000080635aa        0x0 contiki-native.a(nullmac.o)
 .bss           0x00000000080635aa        0x0 contiki-native.a(nullrdc.o)
 .bss           0x00000000080635aa        0x0 contiki-native.a(nullsec.o)
 .bss           0x00000000080635aa        0x0 contiki-native.a(clock.o)
 .bss           0x00000000080635aa        0x0 contiki-native.a(rtimer-arch.o)
 .bss           0x00000000080635aa        0x0 contiki-native.a(watchdog.o)
 .bss           0x00000000080635aa        0x0 contiki-native.a(stimer.o)
 .bss           0x00000000080635aa        0x0 contiki-native.a(nullradio.o)
 .bss           0x00000000080635aa        0x0 contiki-native.a(memb.o)
 .bss           0x00000000080635aa        0x0 contiki-native.a(random.o)
 .bss           0x00000000080635aa        0x0 contiki-native.a(frame802154.o)
 .bss           0x00000000080635aa        0x0 contiki-native.a(mac.o)
 .bss           0x00000000080635aa        0x0 /usr/lib/i386-linux-gnu/libc_nonshared.a(elf-init.oS)
 .bss           0x00000000080635aa        0x0 /usr/lib/gcc/i686-linux-gnu/4.8/crtend.o
 .bss           0x00000000080635aa        0x0 /usr/lib/gcc/i686-linux-gnu/4.8/../../../i386-linux-gnu/crtn.o
 *(COMMON)
 *fill*         0x00000000080635aa        0x2 
 COMMON         0x00000000080635ac        0x8 contiki-native.a(contiki-main.o)
                0x00000000080635ac                contiki_argv
                0x00000000080635b0                sensors_flags
 COMMON         0x00000000080635b4        0x1 contiki-native.a(sensors.o)
                0x00000000080635b4                sensors_event
 COMMON         0x00000000080635b5        0x1 contiki-native.a(serial-line.o)
                0x00000000080635b5                serial_line_event_message
 COMMON         0x00000000080635b6        0x8 contiki-native.a(sicslowpan.o)
                0x00000000080635b6                frag_sender
 *fill*         0x00000000080635be        0x2 
 COMMON         0x00000000080635c0      0xbbe contiki-native.a(uip6.o)
                0x00000000080635c0                uip_slen
                0x00000000080635c2                uip_acc32
                0x00000000080635e0                uip_conns
                0x0000000008063d60                uip_icmp6_conns
                0x0000000008063d68                uip_lladdr
                0x0000000008063d70                uip_appdata
                0x0000000008063d74                uip_flags
                0x0000000008063d80                uip_aligned_buf
                0x0000000008063f40                uip_listenports
                0x0000000008063f90                uip_len
                0x0000000008063f94                uip_sappdata
                0x0000000008063fa0                uip_udp_conns
                0x0000000008064120                uip_udp_conn
                0x0000000008064124                uip_next_hdr
                0x0000000008064128                uip_conn
                0x0000000008064140                uip_stat
 *fill*         0x000000000806417e        0x2 
 COMMON         0x0000000008064180      0x181 contiki-native.a(uip-ds6.o)
                0x0000000008064180                uip_ds6_prefix_list
                0x00000000080641e0                uip_ds6_timer_periodic
                0x00000000080641f0                uip_ds6_netif_addr_list_offset
                0x0000000008064200                uip_ds6_if
                0x00000000080642f8                uip_ds6_timer_ra
                0x0000000008064300                uip_ds6_addr_size
 COMMON         0x0000000008064301        0x2 contiki-native.a(tcpip.o)
                0x0000000008064301                tcpip_icmp6_event
                0x0000000008064302                tcpip_event
 *fill*         0x0000000008064303        0x1 
 COMMON         0x0000000008064304       0x14 contiki-native.a(rpl.o)
                0x0000000008064304                rpl_stats
 *fill*         0x0000000008064318        0x8 
 COMMON         0x0000000008064320      0x148 contiki-native.a(rpl-dag.o)
                0x0000000008064320                default_instance
                0x0000000008064340                instance_table
 COMMON         0x0000000008064468        0x8 contiki-native.a(linkaddr.o)
                0x0000000008064468                linkaddr_node_addr
 COMMON         0x0000000008064470       0x2e contiki-native.a(packetbuf.o)
                0x0000000008064470                packetbuf_attrs
                0x000000000806448e                packetbuf_addrs
                0x00000000080644a0                . = ALIGN ((. != 0x0)?0x4:0x1)
 *fill*         0x000000000806449e        0x2 
                0x00000000080644a0                . = ALIGN (0x4)
                0x00000000080644a0                . = SEGMENT_START ("ldata-segment", .)
                0x00000000080644a0                . = ALIGN (0x4)
                0x00000000080644a0                _end = .
                0x00000000080644a0                PROVIDE (end, .)
                0x00000000080644a0                . = DATA_SEGMENT_END (.)

.stab
 *(.stab)

.stabstr
 *(.stabstr)

.stab.excl
 *(.stab.excl)

.stab.exclstr
 *(.stab.exclstr)

.stab.index
 *(.stab.index)

.stab.indexstr
 *(.stab.indexstr)

.comment        0x0000000000000000       0x54
 *(.comment)
 .comment       0x0000000000000000       0x2b /usr/lib/gcc/i686-linux-gnu/4.8/crtbegin.o
                                         0x2c (size before relaxing)
 .comment       0x0000000000000000       0x2c hello-world.co
 .comment       0x0000000000000000       0x2c contiki-native.a(contiki-main.o)
 .comment       0x000000000000002b       0x29 contiki-native.a(button-sensor.o)
                                         0x2a (size before relaxing)
 .comment       0x0000000000000000       0x2a contiki-native.a(pir-sensor.o)
 .comment       0x0000000000000000       0x2a contiki-native.a(vib-sensor.o)
 .comment       0x0000000000000000       0x2a contiki-native.a(sensors.o)
 .comment       0x0000000000000000       0x2a contiki-native.a(autostart.o)
 .comment       0x0000000000000000       0x2a contiki-native.a(ctimer.o)
 .comment       0x0000000000000000       0x2a contiki-native.a(etimer.o)
 .comment       0x0000000000000000       0x2a contiki-native.a(process.o)
 .comment       0x0000000000000000       0x2a contiki-native.a(rtimer.o)
 .comment       0x0000000000000000       0x2a contiki-native.a(timer.o)
 .comment       0x0000000000000000       0x2a contiki-native.a(serial-line.o)
 .comment       0x0000000000000000       0x2a contiki-native.a(list.o)
 .comment       0x0000000000000000       0x2a contiki-native.a(ringbuf.o)
 .comment       0x0000000000000000       0x2c contiki-native.a(sicslowpan.o)
 .comment       0x0000000000000000       0x2c contiki-native.a(uip6.o)
 .comment       0x0000000000000000       0x2c contiki-native.a(uip-ds6.o)
 .comment       0x0000000000000000       0x2c contiki-native.a(uip-ds6-nbr.o)
 .comment       0x0000000000000000       0x2c contiki-native.a(uip-ds6-route.o)
 .comment       0x0000000000000000       0x2c contiki-native.a(uip-icmp6.o)
 .comment       0x0000000000000000       0x2c contiki-native.a(uip-nd6.o)
 .comment       0x0000000000000000       0x2c contiki-native.a(tcpip.o)
 .comment       0x0000000000000000       0x2c contiki-native.a(uip-debug.o)
 .comment       0x0000000000000000       0x2c contiki-native.a(uip-packetqueue)
 .comment       0x0000000000000000       0x2c contiki-native.a(rpl.o)
 .comment       0x0000000000000000       0x2c contiki-native.a(rpl-dag.o)
 .comment       0x0000000000000000       0x2c contiki-native.a(rpl-ext-header.)
 .comment       0x0000000000000000       0x2c contiki-native.a(rpl-icmp6.o)
 .comment       0x0000000000000000       0x2c contiki-native.a(rpl-mrhof.o)
 .comment       0x0000000000000000       0x2c contiki-native.a(rpl-timers.o)
 .comment       0x0000000000000000       0x2a contiki-native.a(linkaddr.o)
 .comment       0x0000000000000000       0x2a contiki-native.a(nbr-table.o)
 .comment       0x0000000000000000       0x2a contiki-native.a(netstack.o)
 .comment       0x0000000000000000       0x2c contiki-native.a(packetbuf.o)
 .comment       0x0000000000000000       0x2c contiki-native.a(queuebuf.o)
 .comment       0x0000000000000000       0x2c contiki-native.a(framer-802154.o)
 .comment       0x0000000000000000       0x2c contiki-native.a(framer.o)
 .comment       0x0000000000000000       0x2c contiki-native.a(nullmac.o)
 .comment       0x0000000000000000       0x2c contiki-native.a(nullrdc.o)
 .comment       0x0000000000000000       0x2c contiki-native.a(nullsec.o)
 .comment       0x0000000000000000       0x2a contiki-native.a(clock.o)
 .comment       0x0000000000000000       0x2a contiki-native.a(rtimer-arch.o)
 .comment       0x0000000000000000       0x2a contiki-native.a(watchdog.o)
 .comment       0x0000000000000000       0x2a contiki-native.a(stimer.o)
 .comment       0x0000000000000000       0x2a contiki-native.a(nullradio.o)
 .comment       0x0000000000000000       0x2a contiki-native.a(memb.o)
 .comment       0x0000000000000000       0x2a contiki-native.a(random.o)
 .comment       0x0000000000000000       0x2c contiki-native.a(frame802154.o)
 .comment       0x0000000000000000       0x2a contiki-native.a(mac.o)
 .comment       0x0000000000000000       0x2c /usr/lib/i386-linux-gnu/libc_nonshared.a(elf-init.oS)
 .comment       0x0000000000000000       0x2c /usr/lib/gcc/i686-linux-gnu/4.8/crtend.o

.debug
 *(.debug)

.line
 *(.line)

.debug_srcinfo
 *(.debug_srcinfo)

.debug_sfnames
 *(.debug_sfnames)

.debug_aranges  0x0000000000000000      0x640
 *(.debug_aranges)
 .debug_aranges
                0x0000000000000000       0x20 hello-world.co
 .debug_aranges
                0x0000000000000020       0x20 contiki-native.a(contiki-main.o)
 .debug_aranges
                0x0000000000000040       0x20 contiki-native.a(button-sensor.o)
 .debug_aranges
                0x0000000000000060       0x20 contiki-native.a(pir-sensor.o)
 .debug_aranges
                0x0000000000000080       0x20 contiki-native.a(vib-sensor.o)
 .debug_aranges
                0x00000000000000a0       0x20 contiki-native.a(sensors.o)
 .debug_aranges
                0x00000000000000c0       0x20 contiki-native.a(autostart.o)
 .debug_aranges
                0x00000000000000e0       0x20 contiki-native.a(ctimer.o)
 .debug_aranges
                0x0000000000000100       0x20 contiki-native.a(etimer.o)
 .debug_aranges
                0x0000000000000120       0x20 contiki-native.a(process.o)
 .debug_aranges
                0x0000000000000140       0x20 contiki-native.a(rtimer.o)
 .debug_aranges
                0x0000000000000160       0x20 contiki-native.a(timer.o)
 .debug_aranges
                0x0000000000000180       0x20 contiki-native.a(serial-line.o)
 .debug_aranges
                0x00000000000001a0       0x20 contiki-native.a(list.o)
 .debug_aranges
                0x00000000000001c0       0x20 contiki-native.a(ringbuf.o)
 .debug_aranges
                0x00000000000001e0       0x20 contiki-native.a(sicslowpan.o)
 .debug_aranges
                0x0000000000000200       0x20 contiki-native.a(uip6.o)
 .debug_aranges
                0x0000000000000220       0x20 contiki-native.a(uip-ds6.o)
 .debug_aranges
                0x0000000000000240       0x20 contiki-native.a(uip-ds6-nbr.o)
 .debug_aranges
                0x0000000000000260       0x20 contiki-native.a(uip-ds6-route.o)
 .debug_aranges
                0x0000000000000280       0x20 contiki-native.a(uip-icmp6.o)
 .debug_aranges
                0x00000000000002a0       0x20 contiki-native.a(uip-nd6.o)
 .debug_aranges
                0x00000000000002c0       0x20 contiki-native.a(tcpip.o)
 .debug_aranges
                0x00000000000002e0       0x20 contiki-native.a(uip-debug.o)
 .debug_aranges
                0x0000000000000300       0x20 contiki-native.a(uip-packetqueue)
 .debug_aranges
                0x0000000000000320       0x20 contiki-native.a(rpl.o)
 .debug_aranges
                0x0000000000000340       0x20 contiki-native.a(rpl-dag.o)
 .debug_aranges
                0x0000000000000360       0x20 contiki-native.a(rpl-ext-header.)
 .debug_aranges
                0x0000000000000380       0x20 contiki-native.a(rpl-icmp6.o)
 .debug_aranges
                0x00000000000003a0       0x20 contiki-native.a(rpl-mrhof.o)
 .debug_aranges
                0x00000000000003c0       0x20 contiki-native.a(rpl-timers.o)
 .debug_aranges
                0x00000000000003e0       0x20 contiki-native.a(linkaddr.o)
 .debug_aranges
                0x0000000000000400       0x20 contiki-native.a(nbr-table.o)
 .debug_aranges
                0x0000000000000420       0x20 contiki-native.a(netstack.o)
 .debug_aranges
                0x0000000000000440       0x20 contiki-native.a(packetbuf.o)
 .debug_aranges
                0x0000000000000460       0x20 contiki-native.a(queuebuf.o)
 .debug_aranges
                0x0000000000000480       0x20 contiki-native.a(framer-802154.o)
 .debug_aranges
                0x00000000000004a0       0x20 contiki-native.a(framer.o)
 .debug_aranges
                0x00000000000004c0       0x20 contiki-native.a(nullmac.o)
 .debug_aranges
                0x00000000000004e0       0x20 contiki-native.a(nullrdc.o)
 .debug_aranges
                0x0000000000000500       0x20 contiki-native.a(nullsec.o)
 .debug_aranges
                0x0000000000000520       0x20 contiki-native.a(clock.o)
 .debug_aranges
                0x0000000000000540       0x20 contiki-native.a(rtimer-arch.o)
 .debug_aranges
                0x0000000000000560       0x20 contiki-native.a(watchdog.o)
 .debug_aranges
                0x0000000000000580       0x20 contiki-native.a(stimer.o)
 .debug_aranges
                0x00000000000005a0       0x20 contiki-native.a(nullradio.o)
 .debug_aranges
                0x00000000000005c0       0x20 contiki-native.a(memb.o)
 .debug_aranges
                0x00000000000005e0       0x20 contiki-native.a(random.o)
 .debug_aranges
                0x0000000000000600       0x20 contiki-native.a(frame802154.o)
 .debug_aranges
                0x0000000000000620       0x20 contiki-native.a(mac.o)

.debug_pubnames
 *(.debug_pubnames)

.debug_info     0x0000000000000000    0x21bbc
 *(.debug_info .gnu.linkonce.wi.*)
 .debug_info    0x0000000000000000      0x511 hello-world.co
 .debug_info    0x0000000000000511     0x12ef contiki-native.a(contiki-main.o)
 .debug_info    0x0000000000001800      0x1c9 contiki-native.a(button-sensor.o)
 .debug_info    0x00000000000019c9      0x1e6 contiki-native.a(pir-sensor.o)
 .debug_info    0x0000000000001baf      0x1d8 contiki-native.a(vib-sensor.o)
 .debug_info    0x0000000000001d87      0x47f contiki-native.a(sensors.o)
 .debug_info    0x0000000000002206      0x1f0 contiki-native.a(autostart.o)
 .debug_info    0x00000000000023f6      0x67b contiki-native.a(ctimer.o)
 .debug_info    0x0000000000002a71      0x5fe contiki-native.a(etimer.o)
 .debug_info    0x000000000000306f      0x846 contiki-native.a(process.o)
 .debug_info    0x00000000000038b5      0x1e8 contiki-native.a(rtimer.o)
 .debug_info    0x0000000000003a9d      0x1ae contiki-native.a(timer.o)
 .debug_info    0x0000000000003c4b      0x479 contiki-native.a(serial-line.o)
 .debug_info    0x00000000000040c4      0x354 contiki-native.a(list.o)
 .debug_info    0x0000000000004418      0x1ba contiki-native.a(ringbuf.o)
 .debug_info    0x00000000000045d2     0x1eb2 contiki-native.a(sicslowpan.o)
 .debug_info    0x0000000000006484     0x2322 contiki-native.a(uip6.o)
 .debug_info    0x00000000000087a6     0x11bf contiki-native.a(uip-ds6.o)
 .debug_info    0x0000000000009965     0x11a4 contiki-native.a(uip-ds6-nbr.o)
 .debug_info    0x000000000000ab09     0x18c0 contiki-native.a(uip-ds6-route.o)
 .debug_info    0x000000000000c3c9      0xe25 contiki-native.a(uip-icmp6.o)
 .debug_info    0x000000000000d1ee     0x130a contiki-native.a(uip-nd6.o)
 .debug_info    0x000000000000e4f8     0x20c3 contiki-native.a(tcpip.o)
 .debug_info    0x00000000000105bb      0x5ca contiki-native.a(uip-debug.o)
 .debug_info    0x0000000000010b85      0x76b contiki-native.a(uip-packetqueue)
 .debug_info    0x00000000000112f0     0x17cf contiki-native.a(rpl.o)
 .debug_info    0x0000000000012abf     0x455d contiki-native.a(rpl-dag.o)
 .debug_info    0x000000000001701c     0x11c4 contiki-native.a(rpl-ext-header.)
 .debug_info    0x00000000000181e0     0x21ae contiki-native.a(rpl-icmp6.o)
 .debug_info    0x000000000001a38e      0xd70 contiki-native.a(rpl-mrhof.o)
 .debug_info    0x000000000001b0fe     0x13a1 contiki-native.a(rpl-timers.o)
 .debug_info    0x000000000001c49f      0x228 contiki-native.a(linkaddr.o)
 .debug_info    0x000000000001c6c7      0xe44 contiki-native.a(nbr-table.o)
 .debug_info    0x000000000001d50b      0x468 contiki-native.a(netstack.o)
 .debug_info    0x000000000001d973      0x8e5 contiki-native.a(packetbuf.o)
 .debug_info    0x000000000001e258      0x82a contiki-native.a(queuebuf.o)
 .debug_info    0x000000000001ea82      0x905 contiki-native.a(framer-802154.o)
 .debug_info    0x000000000001f387      0x1ed contiki-native.a(framer.o)
 .debug_info    0x000000000001f574      0x39f contiki-native.a(nullmac.o)
 .debug_info    0x000000000001f913      0x872 contiki-native.a(nullrdc.o)
 .debug_info    0x0000000000020185      0x3ac contiki-native.a(nullsec.o)
 .debug_info    0x0000000000020531      0x1a9 contiki-native.a(clock.o)
 .debug_info    0x00000000000206da      0x272 contiki-native.a(rtimer-arch.o)
 .debug_info    0x000000000002094c       0xf3 contiki-native.a(watchdog.o)
 .debug_info    0x0000000000020a3f      0x1c3 contiki-native.a(stimer.o)
 .debug_info    0x0000000000020c02      0x49e contiki-native.a(nullradio.o)
 .debug_info    0x00000000000210a0      0x2ae contiki-native.a(memb.o)
 .debug_info    0x000000000002134e       0xf6 contiki-native.a(random.o)
 .debug_info    0x0000000000021444      0x63d contiki-native.a(frame802154.o)
 .debug_info    0x0000000000021a81      0x13b contiki-native.a(mac.o)

.debug_abbrev   0x0000000000000000     0x7736
 *(.debug_abbrev)
 .debug_abbrev  0x0000000000000000      0x1e7 hello-world.co
 .debug_abbrev  0x00000000000001e7      0x456 contiki-native.a(contiki-main.o)
 .debug_abbrev  0x000000000000063d       0xe8 contiki-native.a(button-sensor.o)
 .debug_abbrev  0x0000000000000725      0x106 contiki-native.a(pir-sensor.o)
 .debug_abbrev  0x000000000000082b      0x106 contiki-native.a(vib-sensor.o)
 .debug_abbrev  0x0000000000000931      0x2be contiki-native.a(sensors.o)
 .debug_abbrev  0x0000000000000bef      0x129 contiki-native.a(autostart.o)
 .debug_abbrev  0x0000000000000d18      0x215 contiki-native.a(ctimer.o)
 .debug_abbrev  0x0000000000000f2d      0x2da contiki-native.a(etimer.o)
 .debug_abbrev  0x0000000000001207      0x336 contiki-native.a(process.o)
 .debug_abbrev  0x000000000000153d      0x162 contiki-native.a(rtimer.o)
 .debug_abbrev  0x000000000000169f       0xdf contiki-native.a(timer.o)
 .debug_abbrev  0x000000000000177e      0x25e contiki-native.a(serial-line.o)
 .debug_abbrev  0x00000000000019dc      0x18b contiki-native.a(list.o)
 .debug_abbrev  0x0000000000001b67       0xea contiki-native.a(ringbuf.o)
 .debug_abbrev  0x0000000000001c51      0x4c6 contiki-native.a(sicslowpan.o)
 .debug_abbrev  0x0000000000002117      0x440 contiki-native.a(uip6.o)
 .debug_abbrev  0x0000000000002557      0x30f contiki-native.a(uip-ds6.o)
 .debug_abbrev  0x0000000000002866      0x306 contiki-native.a(uip-ds6-nbr.o)
 .debug_abbrev  0x0000000000002b6c      0x3c3 contiki-native.a(uip-ds6-route.o)
 .debug_abbrev  0x0000000000002f2f      0x408 contiki-native.a(uip-icmp6.o)
 .debug_abbrev  0x0000000000003337      0x3c0 contiki-native.a(uip-nd6.o)
 .debug_abbrev  0x00000000000036f7      0x525 contiki-native.a(tcpip.o)
 .debug_abbrev  0x0000000000003c1c      0x1ba contiki-native.a(uip-debug.o)
 .debug_abbrev  0x0000000000003dd6      0x222 contiki-native.a(uip-packetqueue)
 .debug_abbrev  0x0000000000003ff8      0x410 contiki-native.a(rpl.o)
 .debug_abbrev  0x0000000000004408      0x5bf contiki-native.a(rpl-dag.o)
 .debug_abbrev  0x00000000000049c7      0x3d9 contiki-native.a(rpl-ext-header.)
 .debug_abbrev  0x0000000000004da0      0x4a1 contiki-native.a(rpl-icmp6.o)
 .debug_abbrev  0x0000000000005241      0x25f contiki-native.a(rpl-mrhof.o)
 .debug_abbrev  0x00000000000054a0      0x3a1 contiki-native.a(rpl-timers.o)
 .debug_abbrev  0x0000000000005841      0x15a contiki-native.a(linkaddr.o)
 .debug_abbrev  0x000000000000599b      0x33d contiki-native.a(nbr-table.o)
 .debug_abbrev  0x0000000000005cd8      0x102 contiki-native.a(netstack.o)
 .debug_abbrev  0x0000000000005dda      0x316 contiki-native.a(packetbuf.o)
 .debug_abbrev  0x00000000000060f0      0x26b contiki-native.a(queuebuf.o)
 .debug_abbrev  0x000000000000635b      0x28c contiki-native.a(framer-802154.o)
 .debug_abbrev  0x00000000000065e7       0xe4 contiki-native.a(framer.o)
 .debug_abbrev  0x00000000000066cb      0x192 contiki-native.a(nullmac.o)
 .debug_abbrev  0x000000000000685d      0x318 contiki-native.a(nullrdc.o)
 .debug_abbrev  0x0000000000006b75      0x19e contiki-native.a(nullsec.o)
 .debug_abbrev  0x0000000000006d13       0xe5 contiki-native.a(clock.o)
 .debug_abbrev  0x0000000000006df8      0x154 contiki-native.a(rtimer-arch.o)
 .debug_abbrev  0x0000000000006f4c       0x8b contiki-native.a(watchdog.o)
 .debug_abbrev  0x0000000000006fd7       0xc3 contiki-native.a(stimer.o)
 .debug_abbrev  0x000000000000709a      0x174 contiki-native.a(nullradio.o)
 .debug_abbrev  0x000000000000720e      0x16b contiki-native.a(memb.o)
 .debug_abbrev  0x0000000000007379       0xbe contiki-native.a(random.o)
 .debug_abbrev  0x0000000000007437      0x244 contiki-native.a(frame802154.o)
 .debug_abbrev  0x000000000000767b       0xbb contiki-native.a(mac.o)

.debug_line     0x0000000000000000     0x6c9b
 *(.debug_line .debug_line.* .debug_line_end)
 .debug_line    0x0000000000000000      0x166 hello-world.co
 .debug_line    0x0000000000000166      0x44f contiki-native.a(contiki-main.o)
 .debug_line    0x00000000000005b5       0x81 contiki-native.a(button-sensor.o)
 .debug_line    0x0000000000000636       0x7f contiki-native.a(pir-sensor.o)
 .debug_line    0x00000000000006b5       0x7f contiki-native.a(vib-sensor.o)
 .debug_line    0x0000000000000734      0x14e contiki-native.a(sensors.o)
 .debug_line    0x0000000000000882       0x99 contiki-native.a(autostart.o)
 .debug_line    0x000000000000091b      0x13d contiki-native.a(ctimer.o)
 .debug_line    0x0000000000000a58      0x157 contiki-native.a(etimer.o)
 .debug_line    0x0000000000000baf      0x1c1 contiki-native.a(process.o)
 .debug_line    0x0000000000000d70       0x77 contiki-native.a(rtimer.o)
 .debug_line    0x0000000000000de7       0xaf contiki-native.a(timer.o)
 .debug_line    0x0000000000000e96       0xf9 contiki-native.a(serial-line.o)
 .debug_line    0x0000000000000f8f       0xe8 contiki-native.a(list.o)
 .debug_line    0x0000000000001077       0x9d contiki-native.a(ringbuf.o)
 .debug_line    0x0000000000001114      0x6f8 contiki-native.a(sicslowpan.o)
 .debug_line    0x000000000000180c      0x92b contiki-native.a(uip6.o)
 .debug_line    0x0000000000002137      0x3a3 contiki-native.a(uip-ds6.o)
 .debug_line    0x00000000000024da      0x2f2 contiki-native.a(uip-ds6-nbr.o)
 .debug_line    0x00000000000027cc      0x3b3 contiki-native.a(uip-ds6-route.o)
 .debug_line    0x0000000000002b7f      0x32c contiki-native.a(uip-icmp6.o)
 .debug_line    0x0000000000002eab      0x3c0 contiki-native.a(uip-nd6.o)
 .debug_line    0x000000000000326b      0x3f6 contiki-native.a(tcpip.o)
 .debug_line    0x0000000000003661      0x176 contiki-native.a(uip-debug.o)
 .debug_line    0x00000000000037d7      0x1d7 contiki-native.a(uip-packetqueue)
 .debug_line    0x00000000000039ae      0x3f7 contiki-native.a(rpl.o)
 .debug_line    0x0000000000003da5      0xc15 contiki-native.a(rpl-dag.o)
 .debug_line    0x00000000000049ba      0x355 contiki-native.a(rpl-ext-header.)
 .debug_line    0x0000000000004d0f      0x58f contiki-native.a(rpl-icmp6.o)
 .debug_line    0x000000000000529e      0x27b contiki-native.a(rpl-mrhof.o)
 .debug_line    0x0000000000005519      0x329 contiki-native.a(rpl-timers.o)
 .debug_line    0x0000000000005842       0xf5 contiki-native.a(linkaddr.o)
 .debug_line    0x0000000000005937      0x236 contiki-native.a(nbr-table.o)
 .debug_line    0x0000000000005b6d       0xe4 contiki-native.a(netstack.o)
 .debug_line    0x0000000000005c51      0x1df contiki-native.a(packetbuf.o)
 .debug_line    0x0000000000005e30      0x104 contiki-native.a(queuebuf.o)
 .debug_line    0x0000000000005f34      0x1c4 contiki-native.a(framer-802154.o)
 .debug_line    0x00000000000060f8       0xe4 contiki-native.a(framer.o)
 .debug_line    0x00000000000061dc       0xdc contiki-native.a(nullmac.o)
 .debug_line    0x00000000000062b8      0x184 contiki-native.a(nullrdc.o)
 .debug_line    0x000000000000643c       0xe8 contiki-native.a(nullsec.o)
 .debug_line    0x0000000000006524       0xcb contiki-native.a(clock.o)
 .debug_line    0x00000000000065ef      0x12d contiki-native.a(rtimer-arch.o)
 .debug_line    0x000000000000671c       0x6c contiki-native.a(watchdog.o)
 .debug_line    0x0000000000006788       0x8c contiki-native.a(stimer.o)
 .debug_line    0x0000000000006814       0xb7 contiki-native.a(nullradio.o)
 .debug_line    0x00000000000068cb      0x116 contiki-native.a(memb.o)
 .debug_line    0x00000000000069e1       0x65 contiki-native.a(random.o)
 .debug_line    0x0000000000006a46      0x1e9 contiki-native.a(frame802154.o)
 .debug_line    0x0000000000006c2f       0x6c contiki-native.a(mac.o)

.debug_frame
 *(.debug_frame)

.debug_str      0x0000000000000000     0x45e6
 *(.debug_str)
 .debug_str     0x0000000000000000      0x2eb hello-world.co
                                        0x3a0 (size before relaxing)
 .debug_str     0x00000000000002eb      0x42c contiki-native.a(contiki-main.o)
                                        0x7f1 (size before relaxing)
 .debug_str     0x0000000000000717       0x47 contiki-native.a(button-sensor.o)
                                        0x179 (size before relaxing)
 .debug_str     0x000000000000075e       0x4d contiki-native.a(pir-sensor.o)
                                        0x18c (size before relaxing)
 .debug_str     0x00000000000007ab       0x3a contiki-native.a(vib-sensor.o)
                                        0x179 (size before relaxing)
 .debug_str     0x00000000000007e5       0xc1 contiki-native.a(sensors.o)
                                        0x29b (size before relaxing)
 .debug_str     0x00000000000008a6       0x37 contiki-native.a(autostart.o)
                                        0x1a5 (size before relaxing)
 .debug_str     0x00000000000008dd      0x12b contiki-native.a(ctimer.o)
                                        0x2ec (size before relaxing)
 .debug_str     0x0000000000000a08       0xdd contiki-native.a(etimer.o)
                                        0x32b (size before relaxing)
 .debug_str     0x0000000000000ae5       0xf4 contiki-native.a(process.o)
                                        0x44e (size before relaxing)
 .debug_str     0x0000000000000bd9       0xd6 contiki-native.a(rtimer.o)
                                        0x1f2 (size before relaxing)
 .debug_str     0x0000000000000caf       0x22 contiki-native.a(timer.o)
                                        0x184 (size before relaxing)
 .debug_str     0x0000000000000cd1       0xb1 contiki-native.a(serial-line.o)
                                        0x2aa (size before relaxing)
 .debug_str     0x0000000000000d82       0x7f contiki-native.a(list.o)
                                        0x12a (size before relaxing)
 .debug_str     0x0000000000000e01       0x37 contiki-native.a(ringbuf.o)
                                        0x18c (size before relaxing)
 .debug_str     0x0000000000000e38      0x87c contiki-native.a(sicslowpan.o)
                                        0xcf2 (size before relaxing)
 .debug_str     0x00000000000016b4      0x636 contiki-native.a(uip6.o)
                                        0xbcb (size before relaxing)
 .debug_str     0x0000000000001cea      0x2fe contiki-native.a(uip-ds6.o)
                                        0x893 (size before relaxing)
 .debug_str     0x0000000000001fe8      0x392 contiki-native.a(uip-ds6-nbr.o)
                                        0xae4 (size before relaxing)
 .debug_str     0x000000000000237a      0x3db contiki-native.a(uip-ds6-route.o)
                                        0xb0c (size before relaxing)
 .debug_str     0x0000000000002755      0x234 contiki-native.a(uip-icmp6.o)
                                        0x6da (size before relaxing)
 .debug_str     0x0000000000002989      0x124 contiki-native.a(uip-nd6.o)
                                        0x954 (size before relaxing)
 .debug_str     0x0000000000002aad      0x421 contiki-native.a(tcpip.o)
                                        0xf5b (size before relaxing)
 .debug_str     0x0000000000002ece       0x35 contiki-native.a(uip-debug.o)
                                        0x359 (size before relaxing)
 .debug_str     0x0000000000002f03       0x6f contiki-native.a(uip-packetqueue)
                                        0x4c2 (size before relaxing)
 .debug_str     0x0000000000002f72      0x238 contiki-native.a(rpl.o)
                                        0xc09 (size before relaxing)
 .debug_str     0x00000000000031aa      0x4d7 contiki-native.a(rpl-dag.o)
                                       0x102b (size before relaxing)
 .debug_str     0x0000000000003681       0xa7 contiki-native.a(rpl-ext-header.)
                                        0xc26 (size before relaxing)
 .debug_str     0x0000000000003728      0x124 contiki-native.a(rpl-icmp6.o)
                                        0xfdf (size before relaxing)
 .debug_str     0x000000000000384c       0xa5 contiki-native.a(rpl-mrhof.o)
                                        0x858 (size before relaxing)
 .debug_str     0x00000000000038f1       0xf2 contiki-native.a(rpl-timers.o)
                                        0xa9e (size before relaxing)
 .debug_str     0x00000000000039e3       0x39 contiki-native.a(linkaddr.o)
                                        0x1aa (size before relaxing)
 .debug_str     0x0000000000003a1c      0x1a6 contiki-native.a(nbr-table.o)
                                        0x47d (size before relaxing)
 .debug_str     0x0000000000003bc2      0x118 contiki-native.a(netstack.o)
                                        0x2ed (size before relaxing)
 .debug_str     0x0000000000003cda      0x185 contiki-native.a(packetbuf.o)
                                        0x5a2 (size before relaxing)
 .debug_str     0x0000000000003e5f      0x159 contiki-native.a(queuebuf.o)
                                        0x571 (size before relaxing)
 .debug_str     0x0000000000003fb8      0x228 contiki-native.a(framer-802154.o)
                                        0x6c0 (size before relaxing)
 .debug_str     0x00000000000041e0       0x3f contiki-native.a(framer.o)
                                        0x210 (size before relaxing)
 .debug_str     0x000000000000421f       0x2b contiki-native.a(nullmac.o)
                                        0x23a (size before relaxing)
 .debug_str     0x000000000000424a       0x96 contiki-native.a(nullrdc.o)
                                        0x67e (size before relaxing)
 .debug_str     0x00000000000042e0       0x2f contiki-native.a(nullsec.o)
                                        0x404 (size before relaxing)
 .debug_str     0x000000000000430f       0x6a contiki-native.a(clock.o)
                                        0x1a9 (size before relaxing)
 .debug_str     0x0000000000004379       0xb1 contiki-native.a(rtimer-arch.o)
                                        0x235 (size before relaxing)
 .debug_str     0x000000000000442a       0x59 contiki-native.a(watchdog.o)
                                        0x169 (size before relaxing)
 .debug_str     0x0000000000004483       0x43 contiki-native.a(stimer.o)
                                        0x18b (size before relaxing)
 .debug_str     0x00000000000044c6       0x33 contiki-native.a(nullradio.o)
                                        0x251 (size before relaxing)
 .debug_str     0x00000000000044f9       0x24 contiki-native.a(memb.o)
                                        0x185 (size before relaxing)
 .debug_str     0x000000000000451d       0x2f contiki-native.a(random.o)
                                        0x139 (size before relaxing)
 .debug_str     0x000000000000454c       0x7a contiki-native.a(frame802154.o)
                                        0x3ba (size before relaxing)
 .debug_str     0x00000000000045c6       0x20 contiki-native.a(mac.o)
                                        0x19f (size before relaxing)

.debug_loc      0x0000000000000000     0x7c2d
 *(.debug_loc)
 .debug_loc     0x0000000000000000       0x38 hello-world.co
 .debug_loc     0x0000000000000038      0x28e contiki-native.a(contiki-main.o)
 .debug_loc     0x00000000000002c6      0x181 contiki-native.a(sensors.o)
 .debug_loc     0x0000000000000447       0x28 contiki-native.a(autostart.o)
 .debug_loc     0x000000000000046f       0xec contiki-native.a(ctimer.o)
 .debug_loc     0x000000000000055b      0x11f contiki-native.a(etimer.o)
 .debug_loc     0x000000000000067a      0x20f contiki-native.a(process.o)
 .debug_loc     0x0000000000000889       0x39 contiki-native.a(rtimer.o)
 .debug_loc     0x00000000000008c2       0x26 contiki-native.a(timer.o)
 .debug_loc     0x00000000000008e8       0x6e contiki-native.a(serial-line.o)
 .debug_loc     0x0000000000000956      0x1e7 contiki-native.a(list.o)
 .debug_loc     0x0000000000000b3d       0x3e contiki-native.a(ringbuf.o)
 .debug_loc     0x0000000000000b7b     0x161b contiki-native.a(sicslowpan.o)
 .debug_loc     0x0000000000002196      0x5fc contiki-native.a(uip6.o)
 .debug_loc     0x0000000000002792      0x221 contiki-native.a(uip-ds6.o)
 .debug_loc     0x00000000000029b3      0x1dd contiki-native.a(uip-ds6-nbr.o)
 .debug_loc     0x0000000000002b90      0x54d contiki-native.a(uip-ds6-route.o)