Archive member included to satisfy reference by file (symbol)

obj_cooja/mtype637.a(servreg-hack.o)
                              unicast-sender.co (servreg_hack_init)
obj_cooja/mtype637.a(simEnvChange.o)
                              obj_cooja/mtype637.o (simDontFallAsleep)
obj_cooja/mtype637.a(cooja_mt.o)
                              obj_cooja/mtype637.o (cooja_mt_start)
obj_cooja/mtype637.a(cooja_mtarch.o)
                              obj_cooja/mtype637.a(cooja_mt.o) (cooja_mtarch_init)
obj_cooja/mtype637.a(rtimer-arch.o)
                              obj_cooja/mtype637.o (rtimer_arch_next)
obj_cooja/mtype637.a(beep.o)  obj_cooja/mtype637.o (beep_interface)
obj_cooja/mtype637.a(button-sensor.o)
                              obj_cooja/mtype637.o (button_interface)
obj_cooja/mtype637.a(leds-arch.o)
                              obj_cooja/mtype637.o (leds_interface)
obj_cooja/mtype637.a(moteid.o)
                              obj_cooja/mtype637.o (moteid_interface)
obj_cooja/mtype637.a(pir-sensor.o)
                              obj_cooja/mtype637.o (pir_interface)
obj_cooja/mtype637.a(rs232.o)
                              obj_cooja/mtype637.o (rs232_interface)
obj_cooja/mtype637.a(vib-sensor.o)
                              obj_cooja/mtype637.o (vib_interface)
obj_cooja/mtype637.a(clock.o)
                              obj_cooja/mtype637.o (clock_interface)
obj_cooja/mtype637.a(log.o)   obj_cooja/mtype637.o (simlog_interface)
obj_cooja/mtype637.a(cfs-cooja.o)
                              obj_cooja/mtype637.o (cfs_interface)
obj_cooja/mtype637.a(cooja-radio.o)
                              obj_cooja/mtype637.o (radio_interface)
obj_cooja/mtype637.a(eeprom.o)
                              obj_cooja/mtype637.o (eeprom_interface)
obj_cooja/mtype637.a(random.o)
                              obj_cooja/mtype637.a(moteid.o) (random_init)
obj_cooja/mtype637.a(sensors.o)
                              obj_cooja/mtype637.o (sensors_process)
obj_cooja/mtype637.a(autostart.o)
                              obj_cooja/mtype637.o (autostart_start)
obj_cooja/mtype637.a(ctimer.o)
                              obj_cooja/mtype637.o (ctimer_init)
obj_cooja/mtype637.a(etimer.o)
                              obj_cooja/mtype637.o (etimer_process)
obj_cooja/mtype637.a(process.o)
                              obj_cooja/mtype637.a(servreg-hack.o) (process_current)
obj_cooja/mtype637.a(rtimer.o)
                              obj_cooja/mtype637.a(rtimer-arch.o) (rtimer_run_next)
obj_cooja/mtype637.a(timer.o)
                              obj_cooja/mtype637.a(servreg-hack.o) (timer_set)
obj_cooja/mtype637.a(serial-line.o)
                              obj_cooja/mtype637.a(rs232.o) (serial_line_input_byte)
obj_cooja/mtype637.a(list.o)  obj_cooja/mtype637.a(servreg-hack.o) (list_init)
obj_cooja/mtype637.a(memb.o)  obj_cooja/mtype637.a(servreg-hack.o) (memb_init)
obj_cooja/mtype637.a(ringbuf.o)
                              obj_cooja/mtype637.a(serial-line.o) (ringbuf_init)
obj_cooja/mtype637.a(sicslowpan.o)
                              obj_cooja/mtype637.o (sicslowpan_driver)
obj_cooja/mtype637.a(uip-ds6-nbr.o)
                              obj_cooja/mtype637.a(sicslowpan.o) (uip_ds6_link_neighbor_callback)
obj_cooja/mtype637.a(uip-ds6-route.o)
                              obj_cooja/mtype637.a(uip-ds6-nbr.o) (uip_ds6_defrt_lookup)
obj_cooja/mtype637.a(uip-ds6.o)
                              unicast-sender.co (uip_ds6_if)
obj_cooja/mtype637.a(uip-nd6.o)
                              obj_cooja/mtype637.a(uip-ds6-nbr.o) (uip_nd6_ns_output)
obj_cooja/mtype637.a(uip6.o)  unicast-sender.co (uip_lladdr)
obj_cooja/mtype637.a(simple-udp.o)
                              unicast-sender.co (simple_udp_sendto)
obj_cooja/mtype637.a(tcpip.o)
                              obj_cooja/mtype637.a(servreg-hack.o) (tcpip_event)
obj_cooja/mtype637.a(uip-debug.o)
                              unicast-sender.co (uip_debug_ipaddr_print)
obj_cooja/mtype637.a(uip-packetqueue)
                              obj_cooja/mtype637.a(uip-ds6-nbr.o) (uip_packetqueue_new)
obj_cooja/mtype637.a(uip-udp-packet.)
                              obj_cooja/mtype637.a(servreg-hack.o) (uip_udp_packet_send)
obj_cooja/mtype637.a(rpl-dag.o)
                              obj_cooja/mtype637.a(tcpip.o) (rpl_repair_root)
obj_cooja/mtype637.a(rpl-ext-header.)
                              obj_cooja/mtype637.a(uip6.o) (rpl_verify_header)
obj_cooja/mtype637.a(rpl-icmp6.o)
                              obj_cooja/mtype637.a(rpl-dag.o) (dao_output)
obj_cooja/mtype637.a(rpl-mrhof.o)
                              obj_cooja/mtype637.a(rpl-dag.o) (rpl_mrhof)
obj_cooja/mtype637.a(rpl-timers.o)
                              obj_cooja/mtype637.a(rpl-dag.o) (rpl_reset_dio_timer)
obj_cooja/mtype637.a(rpl.o)   obj_cooja/mtype637.a(rpl-icmp6.o) (rpl_get_mode)
obj_cooja/mtype637.a(linkaddr.o)
                              obj_cooja/mtype637.o (linkaddr_node_addr)
obj_cooja/mtype637.a(nbr-table.o)
[...]
Memory Configuration

Name             Origin             Length             Attributes
*default*        0x0000000000000000 0xffffffffffffffff

Linker script and memory map

LOAD /usr/lib/gcc/i686-linux-gnu/4.8/../../../i386-linux-gnu/crti.o
LOAD /usr/lib/gcc/i686-linux-gnu/4.8/crtbeginS.o
LOAD unicast-sender.co
LOAD obj_cooja/mtype637.o
LOAD obj_cooja/mtype637.a
LOAD /usr/lib/gcc/i686-linux-gnu/4.8/libgcc.a
LOAD /usr/lib/gcc/i686-linux-gnu/4.8/libgcc_s.so
LOAD /usr/lib/gcc/i686-linux-gnu/4.8/../../../i386-linux-gnu/libc.so
START GROUP
LOAD /lib/i386-linux-gnu/libc.so.6
LOAD /usr/lib/i386-linux-gnu/libc_nonshared.a
LOAD /lib/i386-linux-gnu/ld-linux.so.2
END GROUP
LOAD /usr/lib/gcc/i686-linux-gnu/4.8/libgcc.a
LOAD /usr/lib/gcc/i686-linux-gnu/4.8/libgcc_s.so
LOAD /usr/lib/gcc/i686-linux-gnu/4.8/crtendS.o
LOAD /usr/lib/gcc/i686-linux-gnu/4.8/../../../i386-linux-gnu/crtn.o
                0x0000000000000114                . = (0x0 + SIZEOF_HEADERS)

.note.gnu.build-id
                0x0000000000000114       0x24
 *(.note.gnu.build-id)
 .note.gnu.build-id
                0x0000000000000114       0x24 /usr/lib/gcc/i686-linux-gnu/4.8/../../../i386-linux-gnu/crti.o

.hash
 *(.hash)

.gnu.hash       0x0000000000000138      0xe14
 *(.gnu.hash)
 .gnu.hash      0x0000000000000138      0xe14 /usr/lib/gcc/i686-linux-gnu/4.8/../../../i386-linux-gnu/crti.o

.dynsym         0x0000000000000f4c     0x20b0
 *(.dynsym)
 .dynsym        0x0000000000000f4c     0x20b0 /usr/lib/gcc/i686-linux-gnu/4.8/../../../i386-linux-gnu/crti.o

.dynstr         0x0000000000002ffc     0x21a3
 *(.dynstr)
 .dynstr        0x0000000000002ffc     0x21a3 /usr/lib/gcc/i686-linux-gnu/4.8/../../../i386-linux-gnu/crti.o

.gnu.version    0x00000000000051a0      0x416
 *(.gnu.version)
 .gnu.version   0x00000000000051a0      0x416 /usr/lib/gcc/i686-linux-gnu/4.8/../../../i386-linux-gnu/crti.o

.gnu.version_d  0x00000000000055b8        0x0
 *(.gnu.version_d)
 .gnu.version_d
                0x0000000000000000        0x0 /usr/lib/gcc/i686-linux-gnu/4.8/../../../i386-linux-gnu/crti.o

.gnu.version_r  0x00000000000055b8       0x40
 *(.gnu.version_r)
 .gnu.version_r
                0x00000000000055b8       0x40 /usr/lib/gcc/i686-linux-gnu/4.8/../../../i386-linux-gnu/crti.o

.rel.dyn        0x00000000000055f8     0x8ae8
 *(.rel.init)
 .rel.init      0x0000000000000000        0x0 /usr/lib/gcc/i686-linux-gnu/4.8/../../../i386-linux-gnu/crti.o
 *(.rel.text .rel.text.* .rel.gnu.linkonce.t.*)
 .rel.text      0x00000000000055f8     0x8300 /usr/lib/gcc/i686-linux-gnu/4.8/../../../i386-linux-gnu/crti.o
 *(.rel.fini)
 .rel.fini      0x0000000000000000        0x0 /usr/lib/gcc/i686-linux-gnu/4.8/../../../i386-linux-gnu/crti.o
 *(.rel.rodata .rel.rodata.* .rel.gnu.linkonce.r.*)
 .rel.rodata    0x000000000000d8f8      0x4f8 /usr/lib/gcc/i686-linux-gnu/4.8/../../../i386-linux-gnu/crti.o
 *(.rel.data.rel.ro .rel.data.rel.ro.* .rel.gnu.linkonce.d.rel.ro.*)
 *(.rel.data .rel.data.* .rel.gnu.linkonce.d.*)
 .rel.data.rel  0x000000000000ddf0        0x8 /usr/lib/gcc/i686-linux-gnu/4.8/../../../i386-linux-gnu/crti.o
 .rel.data      0x000000000000ddf8      0x2b0 /usr/lib/gcc/i686-linux-gnu/4.8/../../../i386-linux-gnu/crti.o
 *(.rel.tdata .rel.tdata.* .rel.gnu.linkonce.td.*)
 *(.rel.tbss .rel.tbss.* .rel.gnu.linkonce.tb.*)
 *(.rel.ctors)
 *(.rel.dtors)
 *(.rel.got)
 .rel.got       0x000000000000e0a8       0x28 /usr/lib/gcc/i686-linux-gnu/4.8/../../../i386-linux-gnu/crti.o
 *(.rel.bss .rel.bss.* .rel.gnu.linkonce.b.*)
 *(.rel.ifunc)
 .rel.ifunc     0x0000000000000000        0x0 /usr/lib/gcc/i686-linux-gnu/4.8/../../../i386-linux-gnu/crti.o
 .rel.fini_array
                0x000000000000e0d0        0x8 /usr/lib/gcc/i686-linux-gnu/4.8/../../../i386-linux-gnu/crti.o
 .rel.init_array
                0x000000000000e0d8        0x8 /usr/lib/gcc/i686-linux-gnu/4.8/../../../i386-linux-gnu/crti.o

.rel.plt        0x000000000000e0e0       0x10
 *(.rel.plt)
 .rel.plt       0x000000000000e0e0       0x10 /usr/lib/gcc/i686-linux-gnu/4.8/../../../i386-linux-gnu/crti.o
 *(.rel.iplt)

.init           0x000000000000e0f0       0x23
 *(SORT(.init))
 .init          0x000000000000e0f0       0x1e /usr/lib/gcc/i686-linux-gnu/4.8/../../../i386-linux-gnu/crti.o
                0x000000000000e0f0                _init
 .init          0x000000000000e10e        0x5 /usr/lib/gcc/i686-linux-gnu/4.8/../../../i386-linux-gnu/crtn.o

.plt            0x000000000000e120       0x30
 *(.plt)
 .plt           0x000000000000e120       0x30 /usr/lib/gcc/i686-linux-gnu/4.8/../../../i386-linux-gnu/crti.o
 *(.iplt)

.text           0x000000000000e150    0x147e1
 *(.text.unlikely .text.*_unlikely .text.unlikely.*)
 *(.text.exit .text.exit.*)
 *(.text.startup .text.startup.*)
 *(.text.hot .text.hot.*)
 *(.text .stub .text.* .gnu.linkonce.t.*)
 .text          0x000000000000e150        0x0 /usr/lib/gcc/i686-linux-gnu/4.8/../../../i386-linux-gnu/crti.o
 .gnu.linkonce.t.__x86.get_pc_thunk.bx
                0x000000000000e150        0x4 /usr/lib/gcc/i686-linux-gnu/4.8/../../../i386-linux-gnu/crti.o
                0x000000000000e150                __x86.get_pc_thunk.bx
 *fill*         0x000000000000e154        0xc 
 .text          0x000000000000e160      0x11b /usr/lib/gcc/i686-linux-gnu/4.8/crtbeginS.o
 .text          0x000000000000e27b      0x333 unicast-sender.co
 .text          0x000000000000e5ae      0x70e obj_cooja/mtype637.o
                0x000000000000e6e4                contiki_init
                0x000000000000ead3                Java_org_contikios_cooja_corecomm_Lib25_init
                0x000000000000eb13                Java_org_contikios_cooja_corecomm_Lib25_getMemory
                0x000000000000eb53                Java_org_contikios_cooja_corecomm_Lib25_setMemory
                0x000000000000ebca                Java_org_contikios_cooja_corecomm_Lib25_tick
                0x000000000000ecaa                Java_org_contikios_cooja_corecomm_Lib25_setReferenceAddress
 .text          0x000000000000ecbc      0x7cb obj_cooja/mtype637.a(servreg-hack.o)
                0x000000000000ed91                servreg_hack_init
                0x000000000000ede5                servreg_hack_register
                0x000000000000ef04                servreg_hack_list_head
                0x000000000000ef1e                servreg_hack_item_id
                0x000000000000ef2a                servreg_hack_item_address
                0x000000000000ef35                servreg_hack_lookup
 .text          0x000000000000f487       0x63 obj_cooja/mtype637.a(simEnvChange.o)
                0x000000000000f487                doActionsBeforeTick
                0x000000000000f4b8                doActionsAfterTick
 .text          0x000000000000f4ea       0xbc obj_cooja/mtype637.a(cooja_mt.o)
                0x000000000000f4ea                cooja_mt_init
                0x000000000000f4f7                cooja_mt_remove
                0x000000000000f504                cooja_mt_start
                0x000000000000f531                cooja_mt_exec
                0x000000000000f562                cooja_mt_exit
                0x000000000000f584                cooja_mt_yield
 .text          0x000000000000f5a6      0x115 obj_cooja/mtype637.a(cooja_mtarch.o)
                0x000000000000f5a6                cooja_mtarch_init
                0x000000000000f5ab                cooja_mtarch_start
                0x000000000000f626                cooja_sw
                0x000000000000f648                cooja_mtarch_exec
                0x000000000000f664                cooja_mtarch_remove
                0x000000000000f669                cooja_mtarch_yield
                0x000000000000f673                cooja_mtarch_pstop
                0x000000000000f678                cooja_mtarch_pstart
                0x000000000000f67d                cooja_mtarch_stack_usage
 .text          0x000000000000f6bb       0xc2 obj_cooja/mtype637.a(rtimer-arch.o)
                0x000000000000f6bb                rtimer_arch_init
                0x000000000000f6de                rtimer_arch_schedule
                0x000000000000f6f5                rtimer_arch_next
                0x000000000000f6ff                rtimer_arch_pending
                0x000000000000f709                rtimer_arch_check
                0x000000000000f73b                rtimer_arch_now
 .text          0x000000000000f77d       0x76 obj_cooja/mtype637.a(beep.o)
                0x000000000000f77d                beep_alarm
                0x000000000000f789                beep_beep
                0x000000000000f795                beep
                0x000000000000f7a1                beep_down
                0x000000000000f7ad                beep_on
                0x000000000000f7b9                beep_off
                0x000000000000f7c5                beep_spinup
                0x000000000000f7d1                beep_quick
                0x000000000000f7dd                beep_long
 .text          0x000000000000f7f3      0x103 obj_cooja/mtype637.a(button-sensor.o)
 .text          0x000000000000f8f6       0x45 obj_cooja/mtype637.a(leds-arch.o)
                0x000000000000f8f6                leds_arch_init
                0x000000000000f902                leds_arch_get
                0x000000000000f90e                leds_arch_set
 .text          0x000000000000f93b       0x2f obj_cooja/mtype637.a(moteid.o)
 .text          0x000000000000f96a       0xb1 obj_cooja/mtype637.a(pir-sensor.o)
 .text          0x000000000000fa1b      0x12e obj_cooja/mtype637.a(rs232.o)
                0x000000000000fa1b                rs232_init
                0x000000000000fa20                rs232_set_speed
                0x000000000000fa2e                rs232_set_input
                0x000000000000fa3b                rs232_send
                0x000000000000fa5d                rs232_print
                0x000000000000fa78                slip_arch_writeb
 .text          0x000000000000fb49       0xb1 obj_cooja/mtype637.a(vib-sensor.o)
 .text          0x000000000000fbfa       0x34 obj_cooja/mtype637.a(clock.o)
                0x000000000000fbfa                clock_init
                0x000000000000fbff                clock_time
                0x000000000000fc09                clock_seconds
                0x000000000000fc1f                clock_delay
 .text          0x000000000000fc2e      0x1ed obj_cooja/mtype637.a(log.o)
                0x000000000000fc2e                simlog_char
                0x000000000000fc70                simlog
                0x000000000000fcdd                log_message
                0x000000000000fd05                log_set_putchar_with_slip
                0x000000000000fd12                log_putchar
                0x000000000000fd96                log_puts
                0x000000000000fdba                log_printf
 .text          0x000000000000fe1b      0x28d obj_cooja/mtype637.a(cfs-cooja.o)
                0x000000000000fe1b                cfs_open
                0x000000000000fe66                cfs_close
                0x000000000000fe72                cfs_read
                0x000000000000ff10                cfs_write
                0x000000000000ffd4                cfs_seek
                0x000000000001005c                cfs_remove
                0x0000000000010085                cfs_opendir
                0x000000000001008f                cfs_readdir
                0x0000000000010099                cfs_closedir
 .text          0x00000000000100a8      0x3df obj_cooja/mtype637.a(cooja-radio.o)
                0x00000000000100d2                radio_set_channel
                0x00000000000100df                radio_set_txpower
                0x00000000000100f6                radio_signal_strength_last
                0x0000000000010100                radio_signal_strength_current
                0x000000000001010a                radio_LQI
 .text          0x0000000000010487       0xef obj_cooja/mtype637.a(eeprom.o)
                0x0000000000010487                eeprom_init
                0x000000000001048c                eeprom_read
                0x00000000000104fc                eeprom_write
 .text          0x0000000000010576       0x28 obj_cooja/mtype637.a(random.o)
                0x0000000000010576                random_init
                0x0000000000010591                random_rand
 .text          0x000000000001059e      0x2a1 obj_cooja/mtype637.a(sensors.o)
                0x00000000000105d9                sensors_first
                0x00000000000105e3                sensors_next
                0x0000000000010600                sensors_changed
                0x000000000001062f                sensors_find
 .text          0x000000000001083f       0x8e obj_cooja/mtype637.a(autostart.o)
                0x000000000001083f                autostart_start
                0x000000000001088a                autostart_exit
 .text          0x00000000000108cd      0x306 obj_cooja/mtype637.a(ctimer.o)
                0x00000000000109e4                ctimer_init
                0x0000000000010a14                ctimer_set
                0x0000000000010a93                ctimer_reset
                0x0000000000010ae2                ctimer_restart
                0x0000000000010b31                ctimer_stop
                0x0000000000010b7c                ctimer_expired
 .text          0x0000000000010bd3      0x3e4 obj_cooja/mtype637.a(etimer.o)
                0x0000000000010de6                etimer_request_poll
                0x0000000000010e6a                etimer_set
                0x0000000000010e8f                etimer_reset
                0x0000000000010ead                etimer_restart
                0x0000000000010ecb                etimer_adjust
                0x0000000000010ee7                etimer_expired
                0x0000000000010efa                etimer_expiration_time
                0x0000000000010f0c                etimer_start_time
                0x0000000000010f16                etimer_pending
                0x0000000000010f28                etimer_next_expiration_time
                0x0000000000010f42                etimer_stop
 .text          0x0000000000010fb7      0x560 obj_cooja/mtype637.a(process.o)
                0x0000000000010fb7                process_alloc_event
                0x0000000000010fcc                process_start
                0x00000000000111b5                process_exit
                0x00000000000111d1                process_init
                0x00000000000113a2                process_run
                0x00000000000113d5                process_nevents
                0x00000000000113f0                process_post
                0x000000000001149c                process_post_synch
                0x00000000000114d4                process_poll
                0x0000000000011503                process_is_running
 .text          0x0000000000011517       0xba obj_cooja/mtype637.a(rtimer.o)
                0x0000000000011517                rtimer_init
                0x0000000000011524                rtimer_set
                0x000000000001157b                rtimer_run_next
 .text          0x00000000000115d1       0x91 obj_cooja/mtype637.a(timer.o)
                0x00000000000115d1                timer_set
                0x00000000000115ec                timer_reset
                0x0000000000011603                timer_restart
                0x0000000000011615                timer_expired
                0x000000000001163e                timer_remaining
 .text          0x0000000000011662      0x1fb obj_cooja/mtype637.a(serial-line.o)
                0x0000000000011662                serial_line_input_byte
                0x0000000000011825                serial_line_init
 .text          0x000000000001185d      0x244 obj_cooja/mtype637.a(list.o)
                0x000000000001185d                list_init
                0x000000000001186b                list_head
                0x0000000000011875                list_copy
                0x0000000000011884                list_tail
                0x00000000000118ba                list_add
                0x0000000000011903                list_push
                0x000000000001192f                list_chop
                0x0000000000011999                list_pop
                0x00000000000119c1                list_remove
                0x0000000000011a28                list_length
                0x0000000000011a56                list_insert
                0x0000000000011a8a                list_item_next
 .text          0x0000000000011aa1      0x1c1 obj_cooja/mtype637.a(memb.o)
                0x0000000000011aa1                memb_init
                0x0000000000011aff                memb_alloc
                0x0000000000011b64                memb_free
                0x0000000000011bdf                memb_inmemb
                0x0000000000011c1e                memb_numfree
 .text          0x0000000000011c62      0x155 obj_cooja/mtype637.a(ringbuf.o)
                0x0000000000011c62                ringbuf_init
                0x0000000000011c93                ringbuf_put
                0x0000000000011d11                ringbuf_get
                0x0000000000011d7e                ringbuf_size
                0x0000000000011d90                ringbuf_elements
 .text          0x0000000000011db7     0x218c obj_cooja/mtype637.a(sicslowpan.o)
                0x0000000000011e4a                rime_sniffer_add
                0x0000000000011e57                rime_sniffer_remove
                0x0000000000013ee2                sicslowpan_init
                0x0000000000013f39                sicslowpan_get_last_rssi
 .text          0x0000000000013f43      0x584 obj_cooja/mtype637.a(uip-ds6-nbr.o)
                0x0000000000013f60                uip_ds6_neighbors_init
                0x0000000000013f7d                uip_ds6_nbr_add
                0x0000000000014038                uip_ds6_nbr_rm
                0x0000000000014074                uip_ds6_nbr_get_ipaddr
                0x0000000000014089                uip_ds6_nbr_get_ll
                0x00000000000140a5                uip_ds6_nbr_num
                0x00000000000140ea                uip_ds6_nbr_lookup
                0x000000000001414f                uip_ds6_nbr_ll_lookup
                0x000000000001416b                uip_ds6_nbr_ipaddr_from_lladdr
                0x0000000000014191                uip_ds6_nbr_lladdr_from_ipaddr
                0x00000000000141bf                uip_ds6_link_neighbor_callback
                0x0000000000014208                uip_ds6_neighbor_periodic
                0x000000000001444c                uip_ds6_get_least_lifetime_neighbor
 .text          0x00000000000144c7      0x8ae obj_cooja/mtype637.a(uip-ds6-route.o)
                0x000000000001453e                uip_ds6_notification_add
                0x000000000001456f                uip_ds6_notification_rm
                0x000000000001458b                uip_ds6_route_init
                0x0000000000014613                uip_ds6_route_nexthop
                0x000000000001463b                uip_ds6_route_head
                0x0000000000014650                uip_ds6_route_next
                0x0000000000014676                uip_ds6_route_num_routes
                0x0000000000014680                uip_ds6_route_lookup
                0x0000000000014742                uip_ds6_route_add
                0x000000000001494d                uip_ds6_route_rm
                0x0000000000014ae1                uip_ds6_route_rm_by_nexthop
                0x0000000000014b19                uip_ds6_defrt_add
                0x0000000000014bca                uip_ds6_defrt_rm
                0x0000000000014c49                uip_ds6_defrt_lookup
                0x0000000000014ca2                uip_ds6_defrt_choose
                0x0000000000014d0d                uip_ds6_defrt_periodic
 .text          0x0000000000014d75      0xb9c obj_cooja/mtype637.a(uip-ds6.o)
                0x0000000000014d75                uip_ds6_init
                0x0000000000014f48                uip_ds6_periodic
                0x0000000000014fc6                uip_ds6_list_loop
                0x000000000001506d                uip_ds6_prefix_add
                0x000000000001512b                uip_ds6_prefix_rm
                0x000000000001513d                uip_ds6_prefix_lookup
                0x000000000001518e                uip_ds6_is_addr_onlink
                0x0000000000015202                uip_ds6_addr_add
                0x0000000000015330                uip_ds6_addr_rm
                0x00000000000153d0                uip_ds6_addr_lookup
                0x000000000001541b                uip_ds6_get_link_local
                0x000000000001549a                uip_ds6_get_global
                0x0000000000015519                uip_ds6_maddr_add
                0x000000000001558b                uip_ds6_maddr_rm
                0x000000000001559d                uip_ds6_maddr_lookup
                0x00000000000155e8                uip_ds6_aaddr_add
                0x000000000001565a                uip_ds6_aaddr_rm
                0x000000000001566c                uip_ds6_aaddr_lookup
                0x00000000000156b7                uip_ds6_select_src
                0x00000000000157fc                uip_ds6_set_addr_iid
                0x0000000000015833                get_match_length
                0x00000000000158c5                uip_ds6_compute_reachable_time
 .text          0x0000000000015911      0xd88 obj_cooja/mtype637.a(uip-nd6.o)
                0x0000000000015f1b                uip_nd6_ns_output
                0x0000000000016679                uip_nd6_init
 .text          0x0000000000016699     0x292c obj_cooja/mtype637.a(uip6.o)
                0x0000000000016699                uip_add32
                0x0000000000016832                uip_chksum
                0x0000000000016920                uip_icmp6chksum
                0x0000000000016934                uip_tcpchksum
                0x0000000000016948                uip_udpchksum
                0x000000000001695c                uip_init
                0x0000000000016a2c                uip_connect
                0x0000000000016bdb                remove_ext_hdr
                0x0000000000016cb0                uip_udp_new
                0x0000000000016e0c                uip_unlisten
                0x0000000000016e6c                uip_listen
                0x000000000001712e                uip_process
                0x0000000000018eb9                uip_htons
                0x0000000000018edb                uip_htonl
                0x0000000000018f1b                uip_send
 .text          0x0000000000018fc5      0x3b5 obj_cooja/mtype637.a(simple-udp.o)
                0x0000000000018ff3                simple_udp_send
                0x0000000000019060                simple_udp_sendto
                0x00000000000190c5                simple_udp_sendto_port
                0x0000000000019128                simple_udp_register
 .text          0x000000000001937a      0xbbc obj_cooja/mtype637.a(tcpip.o)
                0x000000000001937a                tcpip_output
                0x00000000000193a8                tcpip_set_outputfunc
                0x000000000001943c                tcp_connect
                0x0000000000019491                tcp_unlisten
                0x00000000000194ff                tcp_listen
                0x000000000001956b                tcp_attach
                0x0000000000019590                udp_attach
                0x00000000000195b5                udp_new
                0x0000000000019607                udp_broadcast_new
                0x00000000000198b1                tcpip_input
                0x00000000000198e5                tcpip_ipv6_output
                0x0000000000019d4d                tcpip_poll_udp
                0x0000000000019d70                tcpip_poll_tcp
                0x0000000000019d93                tcpip_uipcall
 .text          0x0000000000019f36      0x127 obj_cooja/mtype637.a(uip-debug.o)
                0x0000000000019f36                uip_debug_ipaddr_print
                0x0000000000019ffe                uip_debug_lladdr_print
 .text          0x000000000001a05d      0x141 obj_cooja/mtype637.a(uip-packetqueue)
                0x000000000001a089                uip_packetqueue_new
                0x000000000001a097                uip_packetqueue_alloc
                0x000000000001a0f7                uip_packetqueue_free
                0x000000000001a138                uip_packetqueue_buf
                0x000000000001a155                uip_packetqueue_buflen
                0x000000000001a176                uip_packetqueue_set_buflen
 .text          0x000000000001a19e      0x131 obj_cooja/mtype637.a(uip-udp-packet.)
                0x000000000001a19e                uip_udp_packet_send
                0x000000000001a1fe                uip_udp_packet_sendto
 .text          0x000000000001a2cf     0x227b obj_cooja/mtype637.a(rpl-dag.o)
                0x000000000001a2cf                rpl_print_neighbor_list
                0x000000000001a47c                rpl_get_nbr
                0x000000000001a4d6                rpl_dag_init
                0x000000000001a4f3                rpl_get_parent
                0x000000000001a515                rpl_get_parent_rank
                0x000000000001a548                rpl_get_parent_link_metric
                0x000000000001a57b                rpl_get_parent_ipaddr
                0x000000000001a887                rpl_set_root
                0x000000000001aab5                rpl_repair_root
                0x000000000001acf1                rpl_set_prefix
                0x000000000001adf0                rpl_set_default_route
                0x000000000001ae95                rpl_alloc_instance
                0x000000000001af28                rpl_alloc_dag
                0x000000000001afd9                rpl_set_default_instance
                0x000000000001afe6                rpl_get_default_instance
                0x000000000001aff0                rpl_free_instance
                0x000000000001b09f                rpl_free_dag
                0x000000000001b105                rpl_add_parent
                0x000000000001b1cd                rpl_find_parent
                0x000000000001b227                rpl_find_parent_any_dag
                0x000000000001b265                rpl_select_dag
                0x000000000001b603                rpl_select_parent
                0x000000000001b665                rpl_remove_parent
                0x000000000001b68c                rpl_nullify_parent
                0x000000000001b72b                rpl_move_parent
                0x000000000001b7c9                rpl_get_any_dag
                0x000000000001b82b                rpl_get_instance
                0x000000000001b88e                rpl_find_of
                0x000000000001b8cb                rpl_join_instance
                0x000000000001bb5b                rpl_add_dag
                0x000000000001bf2a                rpl_local_repair
                0x000000000001bfb7                rpl_recalculate_ranks
                0x000000000001c040                rpl_process_parent_event
                0x000000000001c0c1                rpl_process_dio
                0x000000000001c52e                rpl_lock_parent
 .text          0x000000000001c54a      0xb5f obj_cooja/mtype637.a(rpl-ext-header.)
                0x000000000001c567                rpl_verify_header
                0x000000000001c94c                rpl_update_header_empty
                0x000000000001cc63                rpl_update_header_final
                0x000000000001cdf3                rpl_remove_header
                0x000000000001cefd                rpl_invert_header
                0x000000000001d087                rpl_insert_header
 .text          0x000000000001d0a9     0x17dd obj_cooja/mtype637.a(rpl-icmp6.o)
                0x000000000001d30a                dis_output
                0x000000000001d9be                dio_output
                0x000000000001e4e1                dao_output
                0x000000000001e53a                dao_output_target
                0x000000000001e7db                dao_ack_output
                0x000000000001e84e                rpl_icmp6_register_handlers
 .text          0x000000000001e886      0x292 obj_cooja/mtype637.a(rpl-mrhof.o)
 .text          0x000000000001eb18      0x740 obj_cooja/mtype637.a(rpl-timers.o)
                0x000000000001ed68                rpl_reset_periodic_timer
                0x000000000001edbd                rpl_reset_dio_timer
                0x000000000001efd9                rpl_schedule_dao
                0x000000000001eff4                rpl_schedule_dao_immediately
                0x000000000001f00f                rpl_cancel_dao
                0x000000000001f200                rpl_schedule_probing
 .text          0x000000000001f258      0x5a1 obj_cooja/mtype637.a(rpl.o)
                0x000000000001f258                rpl_get_mode
                0x000000000001f262                rpl_set_mode
                0x000000000001f2e1                rpl_purge_routes
                0x000000000001f410                rpl_remove_routes
                0x000000000001f456                rpl_remove_routes_by_nexthop
                0x000000000001f4dc                rpl_add_route
                0x000000000001f599                rpl_link_neighbor_callback
                0x000000000001f6ad                rpl_ipv6_neighbor_callback
                0x000000000001f767                rpl_init
 .text          0x000000000001f7f9       0x67 obj_cooja/mtype637.a(linkaddr.o)
                0x000000000001f7f9                linkaddr_copy
                0x000000000001f81b                linkaddr_cmp
                0x000000000001f845                linkaddr_set_node_addr
 .text          0x000000000001f860      0x6dc obj_cooja/mtype637.a(nbr-table.o)
                0x000000000001fc3f                nbr_table_register
                0x000000000001fc87                nbr_table_head
                0x000000000001fce3                nbr_table_next
                0x000000000001fd4a                nbr_table_add_lladdr
                0x000000000001fe19                nbr_table_get_from_lladdr
                0x000000000001fe66                nbr_table_remove
                0x000000000001feb8                nbr_table_lock
                0x000000000001fee2                nbr_table_unlock
                0x000000000001ff0c                nbr_table_get_lladdr
 .text          0x000000000001ff3c       0x24 obj_cooja/mtype637.a(netstack.o)
                0x000000000001ff3c                netstack_init
 .text          0x000000000001ff60      0x46c obj_cooja/mtype637.a(packetbuf.o)
                0x000000000001ff60                packetbuf_clear
                0x000000000001ff97                packetbuf_clear_hdr
                0x000000000001ffa3                packetbuf_copyfrom
                0x000000000001fff5                packetbuf_compact
                0x0000000000020061                packetbuf_copyto_hdr
                0x00000000000200b4                packetbuf_copyto
                0x0000000000020186                packetbuf_hdralloc
                0x00000000000201d0                packetbuf_hdr_remove
                0x00000000000201e8                packetbuf_hdrreduce
                0x0000000000020230                packetbuf_set_datalen
                0x0000000000020249                packetbuf_dataptr
                0x0000000000020262                packetbuf_hdrptr
                0x0000000000020279                packetbuf_datalen
                0x0000000000020285                packetbuf_hdrlen
                0x00000000000202b3                packetbuf_totlen
                0x00000000000202c9                packetbuf_attr_clear
                0x000000000002031f                packetbuf_attr_copyto
                0x0000000000020368                packetbuf_attr_copyfrom
                0x00000000000203b0                packetbuf_holds_broadcast
 .text          0x00000000000203cc      0x2b4 obj_cooja/mtype637.a(queuebuf.o)
                0x00000000000203d6                queuebuf_init
                0x00000000000203f6                queuebuf_numfree
                0x000000000002040a                queuebuf_new_from_packetbuf
                0x000000000002049a                queuebuf_update_attr_from_packetbuf
                0x00000000000204cd                queuebuf_update_from_packetbuf
                0x0000000000020517                queuebuf_free
                0x000000000002055e                queuebuf_to_packetbuf
                0x00000000000205c4                queuebuf_dataptr
                0x00000000000205fb                queuebuf_datalen
                0x000000000002061e                queuebuf_addr
                0x0000000000020650                queuebuf_attr
                0x000000000002067b                queuebuf_debug_print
 .text          0x0000000000020680      0x734 obj_cooja/mtype637.a(csma.o)
 .text          0x0000000000020db4      0x400 obj_cooja/mtype637.a(framer-802154.o)
 .text          0x00000000000211b4       0x32 obj_cooja/mtype637.a(framer.o)
                0x00000000000211b4                framer_canonical_create_and_secure
 .text          0x00000000000211e6       0x3c obj_cooja/mtype637.a(mac.o)
                0x00000000000211e6                mac_call_sent_callback
 .text          0x0000000000021222      0x41b obj_cooja/mtype637.a(nullrdc.o)
 .text          0x000000000002163d       0x8a obj_cooja/mtype637.a(nullsec.o)
 .text          0x00000000000216c7       0x19 obj_cooja/mtype637.a(watchdog.o)
                0x00000000000216c7                watchdog_init
                0x00000000000216cc                watchdog_start
                0x00000000000216d1                watchdog_periodic
                0x00000000000216d6                watchdog_stop
                0x00000000000216db                watchdog_reboot
 .text          0x00000000000216e0        0x0 obj_cooja/mtype637.a(rimestats.o)
 .text          0x00000000000216e0       0xa3 obj_cooja/mtype637.a(stimer.o)
                0x00000000000216e0                stimer_set
                0x00000000000216fb                stimer_reset
                0x0000000000021712                stimer_restart
                0x0000000000021724                stimer_expired
                0x000000000002174b                stimer_remaining
                0x000000000002176f                stimer_elapsed
 .text          0x0000000000021783      0xa8f obj_cooja/mtype637.a(uip-icmp6.o)
                0x00000000000217f1                uip_icmp6_input
                0x0000000000021847                uip_icmp6_register_input_handler
                0x0000000000021b0f                uip_icmp6_error_output
                0x0000000000021e38                uip_icmp6_send
                0x00000000000221a5                uip_icmp6_echo_reply_callback_add
                0x00000000000221d6                uip_icmp6_echo_reply_callback_rm
                0x00000000000221f2                uip_icmp6_init
 .text          0x0000000000022212      0x59e obj_cooja/mtype637.a(frame802154.o)
                0x0000000000022317                frame802154_hdrlen
                0x000000000002235f                frame802154_create
                0x0000000000022519                frame802154_parse
 .text          0x00000000000227b0      0x181 obj_cooja/mtype637.a(mac-sequence.o)
                0x00000000000227e7                mac_sequence_is_duplicate
                0x000000000002286a                mac_sequence_register_seqno
 .text          0x0000000000022931        0x0 /usr/lib/gcc/i686-linux-gnu/4.8/crtendS.o
 .text          0x0000000000022931        0x0 /usr/lib/gcc/i686-linux-gnu/4.8/../../../i386-linux-gnu/crtn.o
 *(.gnu.warning)

.fini           0x0000000000022934       0x14
 *(SORT(.fini))
 .fini          0x0000000000022934        0xf /usr/lib/gcc/i686-linux-gnu/4.8/../../../i386-linux-gnu/crti.o
                0x0000000000022934                _fini
 .fini          0x0000000000022943        0x5 /usr/lib/gcc/i686-linux-gnu/4.8/../../../i386-linux-gnu/crtn.o
                0x0000000000022948                PROVIDE (__etext, .)
                0x0000000000022948                PROVIDE (_etext, .)
                0x0000000000022948                PROVIDE (etext, .)

.rodata         0x0000000000022960      0x840
 *(.rodata .rodata.* .gnu.linkonce.r.*)
 .rodata        0x0000000000022960       0xa6 unicast-sender.co
                0x0000000000022980                autostart_processes
 *fill*         0x0000000000022a06        0x2 
 .rodata        0x0000000000022a08      0x133 obj_cooja/mtype637.o
 *fill*         0x0000000000022b3b        0x1 
 .rodata        0x0000000000022b3c       0x9d obj_cooja/mtype637.a(servreg-hack.o)
 *fill*         0x0000000000022bd9        0x3 
 .rodata        0x0000000000022bdc        0x8 obj_cooja/mtype637.a(beep.o)
                0x0000000000022bdc                beep_interface
 .rodata        0x0000000000022be4       0x20 obj_cooja/mtype637.a(button-sensor.o)
                0x0000000000022be4                button_interface
                0x0000000000022bf4                button_sensor
 .rodata        0x0000000000022c04        0x8 obj_cooja/mtype637.a(leds-arch.o)
                0x0000000000022c04                leds_interface
 .rodata        0x0000000000022c0c        0x8 obj_cooja/mtype637.a(moteid.o)
                0x0000000000022c0c                moteid_interface
 .rodata        0x0000000000022c14       0x1c obj_cooja/mtype637.a(pir-sensor.o)
                0x0000000000022c14                pir_interface
                0x0000000000022c20                pir_sensor
 .rodata        0x0000000000022c30        0xe obj_cooja/mtype637.a(rs232.o)
                0x0000000000022c30                rs232_interface
 *fill*         0x0000000000022c3e        0x2 
 .rodata        0x0000000000022c40       0x24 obj_cooja/mtype637.a(vib-sensor.o)
                0x0000000000022c40                vib_interface
                0x0000000000022c54                vib_sensor
 .rodata        0x0000000000022c64        0x8 obj_cooja/mtype637.a(clock.o)
                0x0000000000022c64                clock_interface
 .rodata        0x0000000000022c6c        0x8 obj_cooja/mtype637.a(log.o)
                0x0000000000022c6c                simlog_interface
 .rodata        0x0000000000022c74       0x2f obj_cooja/mtype637.a(cfs-cooja.o)
                0x0000000000022c74                cfs_interface
 *fill*         0x0000000000022ca3       0x1d 
 .rodata        0x0000000000022cc0       0x58 obj_cooja/mtype637.a(cooja-radio.o)
                0x0000000000022cc0                radio_interface
                0x0000000000022ce0                cooja_radio_driver
 .rodata        0x0000000000022d18        0x8 obj_cooja/mtype637.a(eeprom.o)
                0x0000000000022d18                eeprom_interface
 .rodata        0x0000000000022d20        0x8 obj_cooja/mtype637.a(sensors.o)
 .rodata        0x0000000000022d28        0xf obj_cooja/mtype637.a(ctimer.o)
 .rodata        0x0000000000022d37        0xc obj_cooja/mtype637.a(etimer.o)
 .rodata        0x0000000000022d43        0xe obj_cooja/mtype637.a(serial-line.o)
 *fill*         0x0000000000022d51        0x3 
 .rodata        0x0000000000022d54       0x2c obj_cooja/mtype637.a(sicslowpan.o)
                0x0000000000022d54                unc_llconf
                0x0000000000022d58                unc_ctxconf
                0x0000000000022d5c                unc_mxconf
                0x0000000000022d60                llprefix
                0x0000000000022d74                sicslowpan_driver
 .rodata        0x0000000000022d80      0x13c obj_cooja/mtype637.a(uip6.o)
 .rodata        0x0000000000022ebc       0x13 obj_cooja/mtype637.a(simple-udp.o)
 .rodata        0x0000000000022ecf       0x29 obj_cooja/mtype637.a(tcpip.o)
 .rodata        0x0000000000022ef8       0x2b obj_cooja/mtype637.a(uip-debug.o)
 *fill*         0x0000000000022f23        0x1 
 .rodata        0x0000000000022f24       0x70 obj_cooja/mtype637.a(rpl-dag.o)
 .rodata        0x0000000000022f94      0x16c obj_cooja/mtype637.a(rpl.o)
 .rodata        0x0000000000023100        0x8 obj_cooja/mtype637.a(linkaddr.o)
                0x0000000000023100                linkaddr_null
 .rodata        0x0000000000023108       0x24 obj_cooja/mtype637.a(csma.o)
                0x0000000000023110                csma_driver
 .rodata        0x000000000002312c       0x14 obj_cooja/mtype637.a(framer-802154.o)
                0x0000000000023130                framer_802154
 .rodata        0x0000000000023140       0x40 obj_cooja/mtype637.a(nullrdc.o)
                0x0000000000023160                nullrdc_driver
 .rodata        0x0000000000023180       0x20 obj_cooja/mtype637.a(nullsec.o)
                0x0000000000023188                nullsec_driver

.rodata1
 *(.rodata1)

.eh_frame_hdr   0x00000000000231a0     0x1264
 *(.eh_frame_hdr)
 .eh_frame_hdr  0x00000000000231a0     0x1264 unicast-sender.co

.eh_frame       0x0000000000024404     0x4ad0
 *(.eh_frame)
 .eh_frame      0x0000000000024404       0x3c /usr/lib/gcc/i686-linux-gnu/4.8/../../../i386-linux-gnu/crti.o
                                         0x40 (size before relaxing)
 .eh_frame      0x0000000000024440       0x60 unicast-sender.co
                                         0x78 (size before relaxing)
 .eh_frame      0x00000000000244a0      0x148 obj_cooja/mtype637.o
                                        0x160 (size before relaxing)
 .eh_frame      0x00000000000245e8      0x16c obj_cooja/mtype637.a(servreg-hack.o)
                                        0x184 (size before relaxing)
 .eh_frame      0x0000000000024754       0x40 obj_cooja/mtype637.a(simEnvChange.o)
                                         0x58 (size before relaxing)
 .eh_frame      0x0000000000024794       0xc0 obj_cooja/mtype637.a(cooja_mt.o)
                                         0xd8 (size before relaxing)
 .eh_frame      0x0000000000024854      0x120 obj_cooja/mtype637.a(cooja_mtarch.o)
                                        0x138 (size before relaxing)
 .eh_frame      0x0000000000024974       0xc0 obj_cooja/mtype637.a(rtimer-arch.o)
                                         0xd8 (size before relaxing)
 .eh_frame      0x0000000000024a34      0x160 obj_cooja/mtype637.a(beep.o)
                                        0x178 (size before relaxing)
 .eh_frame      0x0000000000024b94       0xa0 obj_cooja/mtype637.a(button-sensor.o)
                                         0xb8 (size before relaxing)
 .eh_frame      0x0000000000024c34       0xa0 obj_cooja/mtype637.a(leds-arch.o)
                                         0xb8 (size before relaxing)
 .eh_frame      0x0000000000024cd4       0x40 obj_cooja/mtype637.a(moteid.o)
                                         0x58 (size before relaxing)
 .eh_frame      0x0000000000024d14       0xa0 obj_cooja/mtype637.a(pir-sensor.o)
                                         0xb8 (size before relaxing)
 .eh_frame      0x0000000000024db4      0x100 obj_cooja/mtype637.a(rs232.o)
                                        0x118 (size before relaxing)
 .eh_frame      0x0000000000024eb4       0xa0 obj_cooja/mtype637.a(vib-sensor.o)
                                         0xb8 (size before relaxing)
 .eh_frame      0x0000000000024f54       0xc0 obj_cooja/mtype637.a(clock.o)
                                         0xd8 (size before relaxing)
 .eh_frame      0x0000000000025014      0x120 obj_cooja/mtype637.a(log.o)
                                        0x138 (size before relaxing)
 .eh_frame      0x0000000000025134      0x160 obj_cooja/mtype637.a(cfs-cooja.o)
                                        0x178 (size before relaxing)
 .eh_frame      0x0000000000025294      0x2e0 obj_cooja/mtype637.a(cooja-radio.o)
                                        0x2f8 (size before relaxing)
 .eh_frame      0x0000000000025574       0xa0 obj_cooja/mtype637.a(eeprom.o)
                                         0xb8 (size before relaxing)
 .eh_frame      0x0000000000025614       0x40 obj_cooja/mtype637.a(random.o)
                                         0x58 (size before relaxing)
 .eh_frame      0x0000000000025654       0xc0 obj_cooja/mtype637.a(sensors.o)
                                         0xd8 (size before relaxing)
 .eh_frame      0x0000000000025714       0x40 obj_cooja/mtype637.a(autostart.o)
                                         0x58 (size before relaxing)
 .eh_frame      0x0000000000025754       0xe0 obj_cooja/mtype637.a(ctimer.o)
                                         0xf8 (size before relaxing)
 .eh_frame      0x0000000000025834      0x1c0 obj_cooja/mtype637.a(etimer.o)
                                        0x1d8 (size before relaxing)
 .eh_frame      0x00000000000259f4      0x1c8 obj_cooja/mtype637.a(process.o)
                                        0x1e0 (size before relaxing)
 .eh_frame      0x0000000000025bbc       0x60 obj_cooja/mtype637.a(rtimer.o)
                                         0x78 (size before relaxing)
 .eh_frame      0x0000000000025c1c       0xa4 obj_cooja/mtype637.a(timer.o)
                                         0xbc (size before relaxing)
 .eh_frame      0x0000000000025cc0       0x60 obj_cooja/mtype637.a(serial-line.o)
                                         0x78 (size before relaxing)
 .eh_frame      0x0000000000025d20      0x180 obj_cooja/mtype637.a(list.o)
                                        0x198 (size before relaxing)
 .eh_frame      0x0000000000025ea0       0xa0 obj_cooja/mtype637.a(memb.o)
                                         0xb8 (size before relaxing)
 .eh_frame      0x0000000000025f40       0xa0 obj_cooja/mtype637.a(ringbuf.o)
                                         0xb8 (size before relaxing)
 .eh_frame      0x0000000000025fe0      0x2a4 obj_cooja/mtype637.a(sicslowpan.o)
                                        0x2bc (size before relaxing)
 .eh_frame      0x0000000000026284      0x1c0 obj_cooja/mtype637.a(uip-ds6-nbr.o)
                                        0x1d8 (size before relaxing)
 .eh_frame      0x0000000000026444      0x280 obj_cooja/mtype637.a(uip-ds6-route.o)
                                        0x298 (size before relaxing)
 .eh_frame      0x00000000000266c4      0x2c8 obj_cooja/mtype637.a(uip-ds6.o)
                                        0x2e0 (size before relaxing)
 .eh_frame      0x000000000002698c       0xb8 obj_cooja/mtype637.a(uip-nd6.o)
                                         0xd0 (size before relaxing)
 .eh_frame      0x0000000000026a44      0x27c obj_cooja/mtype637.a(uip6.o)
                                        0x294 (size before relaxing)
 .eh_frame      0x0000000000026cc0       0xd0 obj_cooja/mtype637.a(simple-udp.o)
                                         0xe8 (size before relaxing)
 .eh_frame      0x0000000000026d90      0x270 obj_cooja/mtype637.a(tcpip.o)
                                        0x288 (size before relaxing)
 .eh_frame      0x0000000000027000       0x40 obj_cooja/mtype637.a(uip-debug.o)
                                         0x58 (size before relaxing)
 .eh_frame      0x0000000000027040       0xe0 obj_cooja/mtype637.a(uip-packetqueue)
                                         0xf8 (size before relaxing)
 .eh_frame      0x0000000000027120       0x40 obj_cooja/mtype637.a(uip-udp-packet.)
                                         0x58 (size before relaxing)
 .eh_frame      0x0000000000027160      0x63c obj_cooja/mtype637.a(rpl-dag.o)
                                        0x654 (size before relaxing)
 .eh_frame      0x000000000002779c      0x10c obj_cooja/mtype637.a(rpl-ext-header.)
                                        0x124 (size before relaxing)
 .eh_frame      0x00000000000278a8      0x218 obj_cooja/mtype637.a(rpl-icmp6.o)
                                        0x230 (size before relaxing)
 .eh_frame      0x0000000000027ac0       0xe0 obj_cooja/mtype637.a(rpl-mrhof.o)
                                         0xf8 (size before relaxing)
 .eh_frame      0x0000000000027ba0      0x1cc obj_cooja/mtype637.a(rpl-timers.o)
                                        0x1e4 (size before relaxing)
 .eh_frame      0x0000000000027d6c      0x120 obj_cooja/mtype637.a(rpl.o)
                                        0x138 (size before relaxing)
 .eh_frame      0x0000000000027e8c       0x60 obj_cooja/mtype637.a(linkaddr.o)
                                         0x78 (size before relaxing)
 .eh_frame      0x0000000000027eec      0x26c obj_cooja/mtype637.a(nbr-table.o)
                                        0x284 (size before relaxing)
 .eh_frame      0x0000000000028158       0x20 obj_cooja/mtype637.a(netstack.o)
                                         0x38 (size before relaxing)
 .eh_frame      0x0000000000028178      0x26c obj_cooja/mtype637.a(packetbuf.o)
                                        0x284 (size before relaxing)
 .eh_frame      0x00000000000283e4      0x1a0 obj_cooja/mtype637.a(queuebuf.o)
                                        0x1b8 (size before relaxing)
 .eh_frame      0x0000000000028584      0x1c8 obj_cooja/mtype637.a(csma.o)
                                        0x1e0 (size before relaxing)
 .eh_frame      0x000000000002874c      0x128 obj_cooja/mtype637.a(framer-802154.o)
                                        0x140 (size before relaxing)
 .eh_frame      0x0000000000028874       0x20 obj_cooja/mtype637.a(framer.o)
                                         0x38 (size before relaxing)
 .eh_frame      0x0000000000028894       0x20 obj_cooja/mtype637.a(mac.o)
                                         0x38 (size before relaxing)
 .eh_frame      0x00000000000288b4      0x16c obj_cooja/mtype637.a(nullrdc.o)
                                        0x184 (size before relaxing)
 .eh_frame      0x0000000000028a20       0xc0 obj_cooja/mtype637.a(nullsec.o)
                                         0xd8 (size before relaxing)
 .eh_frame      0x0000000000028ae0       0xa0 obj_cooja/mtype637.a(watchdog.o)
                                         0xb8 (size before relaxing)
 .eh_frame      0x0000000000028b80       0xc4 obj_cooja/mtype637.a(stimer.o)
                                         0xdc (size before relaxing)
 .eh_frame      0x0000000000028c44      0x164 obj_cooja/mtype637.a(uip-icmp6.o)
                                        0x17c (size before relaxing)
 .eh_frame      0x0000000000028da8       0xa0 obj_cooja/mtype637.a(frame802154.o)
                                         0xb8 (size before relaxing)
 .eh_frame      0x0000000000028e48       0x88 obj_cooja/mtype637.a(mac-sequence.o)
                                         0xa0 (size before relaxing)
 .eh_frame      0x0000000000028ed0        0x4 /usr/lib/gcc/i686-linux-gnu/4.8/crtendS.o

.gcc_except_table
 *(.gcc_except_table .gcc_except_table.*)

.exception_ranges
 *(.exception_ranges .exception_ranges*)
                0x0000000000028ed4                . = (ALIGN (0x1000) - ((0x1000 - .) & 0xfff))
                0x0000000000029ef8                . = DATA_SEGMENT_ALIGN (0x1000, 0x1000)

.eh_frame
 *(.eh_frame)

.gcc_except_table
 *(.gcc_except_table .gcc_except_table.*)

.exception_ranges
 *(.exception_ranges .exception_ranges*)

.tdata
 *(.tdata .tdata.* .gnu.linkonce.td.*)

.tbss
 *(.tbss .tbss.* .gnu.linkonce.tb.*)
 *(.tcommon)

.preinit_array
 *(.preinit_array)

.init_array     0x0000000000029ef8        0x4
 *(SORT(.init_array.*) SORT(.ctors.*))
 *(.init_array EXCLUDE_FILE(*crtend?.o *crtend.o *crtbegin?.o *crtbegin.o) .ctors)
 .init_array    0x0000000000029ef8        0x4 /usr/lib/gcc/i686-linux-gnu/4.8/crtbeginS.o

.fini_array     0x0000000000029efc        0x4
 *(SORT(.fini_array.*) SORT(.dtors.*))
 *(.fini_array EXCLUDE_FILE(*crtend?.o *crtend.o *crtbegin?.o *crtbegin.o) .dtors)
 .fini_array    0x0000000000029efc        0x4 /usr/lib/gcc/i686-linux-gnu/4.8/crtbeginS.o

.ctors
 *crtbegin.o(.ctors)
 *crtbegin?.o(.ctors)
 *(EXCLUDE_FILE(*crtend?.o *crtend.o) .ctors)
 *(SORT(.ctors.*))
 *(.ctors)

.dtors
 *crtbegin.o(.dtors)
 *crtbegin?.o(.dtors)
 *(EXCLUDE_FILE(*crtend?.o *crtend.o) .dtors)
 *(SORT(.dtors.*))
 *(.dtors)

.jcr            0x0000000000029f00        0x4
 *(.jcr)
 .jcr           0x0000000000029f00        0x0 /usr/lib/gcc/i686-linux-gnu/4.8/crtbeginS.o
 .jcr           0x0000000000029f00        0x4 /usr/lib/gcc/i686-linux-gnu/4.8/crtendS.o

.data.rel.ro
 *(.data.rel.ro.local* .gnu.linkonce.d.rel.ro.local.*)
 *(.data.rel.ro .data.rel.ro.* .gnu.linkonce.d.rel.ro.*)

.dynamic        0x0000000000029f04       0xe8
 *(.dynamic)
 .dynamic       0x0000000000029f04       0xe8 /usr/lib/gcc/i686-linux-gnu/4.8/../../../i386-linux-gnu/crti.o
                0x0000000000029f04                _DYNAMIC

.got            0x0000000000029fec       0x14
 *(.got)
 .got           0x0000000000029fec       0x14 /usr/lib/gcc/i686-linux-gnu/4.8/../../../i386-linux-gnu/crti.o
 *(.igot)
                0x000000000002aff4                . = DATA_SEGMENT_RELRO_END (., (SIZEOF (.got.plt) >= 0xc)?0xc:0x0)

.got.plt        0x000000000002a000       0x14
 *(.got.plt)
 .got.plt       0x000000000002a000       0x14 /usr/lib/gcc/i686-linux-gnu/4.8/../../../i386-linux-gnu/crti.o
                0x000000000002a000                _GLOBAL_OFFSET_TABLE_
 *(.igot.plt)

.data           0x000000000002a020      0x268
 *(.data .data.* .gnu.linkonce.d.*)
 .data          0x000000000002a020        0x0 /usr/lib/gcc/i686-linux-gnu/4.8/../../../i386-linux-gnu/crti.o
 .data          0x000000000002a020        0x0 /usr/lib/gcc/i686-linux-gnu/4.8/crtbeginS.o
 .data.rel      0x000000000002a020        0x4 /usr/lib/gcc/i686-linux-gnu/4.8/crtbeginS.o
                0x000000000002a020                __dso_handle
 .data          0x000000000002a024       0x10 unicast-sender.co
                0x000000000002a024                unicast_sender_process
 *fill*         0x000000000002a034        0xc 
 .data          0x000000000002a040       0x44 obj_cooja/mtype637.o
                0x000000000002a040                simInterfaces
                0x000000000002a074                sensors
 .data          0x000000000002a084       0x24 obj_cooja/mtype637.a(servreg-hack.o)
                0x000000000002a098                servreg_hack_process
 .data          0x000000000002a0a8        0x0 obj_cooja/mtype637.a(simEnvChange.o)
 .data          0x000000000002a0a8        0x0 obj_cooja/mtype637.a(cooja_mt.o)
 .data          0x000000000002a0a8        0x0 obj_cooja/mtype637.a(cooja_mtarch.o)
 .data          0x000000000002a0a8        0x0 obj_cooja/mtype637.a(rtimer-arch.o)
 .data          0x000000000002a0a8        0x0 obj_cooja/mtype637.a(beep.o)
 .data          0x000000000002a0a8        0x0 obj_cooja/mtype637.a(button-sensor.o)
 .data          0x000000000002a0a8        0x0 obj_cooja/mtype637.a(leds-arch.o)
 .data          0x000000000002a0a8        0x0 obj_cooja/mtype637.a(moteid.o)
 .data          0x000000000002a0a8        0x0 obj_cooja/mtype637.a(pir-sensor.o)
 .data          0x000000000002a0a8        0x0 obj_cooja/mtype637.a(rs232.o)
 .data          0x000000000002a0a8        0x0 obj_cooja/mtype637.a(vib-sensor.o)
 .data          0x000000000002a0a8        0x0 obj_cooja/mtype637.a(clock.o)
 .data          0x000000000002a0a8        0x0 obj_cooja/mtype637.a(log.o)
 .data          0x000000000002a0a8        0x0 obj_cooja/mtype637.a(cfs-cooja.o)
 .data          0x000000000002a0a8       0x28 obj_cooja/mtype637.a(cooja-radio.o)
                0x000000000002a0a8                simRadioHWOn
                0x000000000002a0ac                simSignalStrength
                0x000000000002a0b0                simLastSignalStrength
                0x000000000002a0b4                simPower
                0x000000000002a0b8                simRadioChannel
                0x000000000002a0bc                simLQI
                0x000000000002a0c0                cooja_radio_process
 .data          0x000000000002a0d0        0x0 obj_cooja/mtype637.a(eeprom.o)
 .data          0x000000000002a0d0        0x0 obj_cooja/mtype637.a(random.o)
 .data          0x000000000002a0d0       0x10 obj_cooja/mtype637.a(sensors.o)
                0x000000000002a0d0                sensors_process
 .data          0x000000000002a0e0        0x0 obj_cooja/mtype637.a(autostart.o)
 .data          0x000000000002a0e0       0x14 obj_cooja/mtype637.a(ctimer.o)
                0x000000000002a0e4                ctimer_process
 .data          0x000000000002a0f4       0x10 obj_cooja/mtype637.a(etimer.o)
                0x000000000002a0f4                etimer_process
 .data          0x000000000002a104        0x0 obj_cooja/mtype637.a(process.o)
 .data          0x000000000002a104        0x0 obj_cooja/mtype637.a(rtimer.o)
 .data          0x000000000002a104        0x0 obj_cooja/mtype637.a(timer.o)
 .data          0x000000000002a104       0x10 obj_cooja/mtype637.a(serial-line.o)
                0x000000000002a104                serial_line_process
 .data          0x000000000002a114        0x0 obj_cooja/mtype637.a(list.o)
 .data          0x000000000002a114        0x0 obj_cooja/mtype637.a(memb.o)
 .data          0x000000000002a114        0x0 obj_cooja/mtype637.a(ringbuf.o)
 .data          0x000000000002a114        0x0 obj_cooja/mtype637.a(sicslowpan.o)
 .data          0x000000000002a114       0x14 obj_cooja/mtype637.a(uip-ds6-nbr.o)
                0x000000000002a124                ds6_neighbors
 .data          0x000000000002a128       0x44 obj_cooja/mtype637.a(uip-ds6-route.o)
 .data          0x000000000002a16c        0x0 obj_cooja/mtype637.a(uip-ds6.o)
 .data          0x000000000002a16c       0x18 obj_cooja/mtype637.a(uip-nd6.o)
 .data          0x000000000002a184        0x0 obj_cooja/mtype637.a(uip6.o)
 .data          0x000000000002a184       0x10 obj_cooja/mtype637.a(simple-udp.o)
                0x000000000002a184                simple_udp_process
 .data          0x000000000002a194       0x10 obj_cooja/mtype637.a(tcpip.o)
                0x000000000002a194                tcpip_process
 .data          0x000000000002a1a4        0x0 obj_cooja/mtype637.a(uip-debug.o)
 .data          0x000000000002a1a4        0xc obj_cooja/mtype637.a(uip-packetqueue)
 .data          0x000000000002a1b0        0x0 obj_cooja/mtype637.a(uip-udp-packet.)
 .data          0x000000000002a1b0       0x14 obj_cooja/mtype637.a(rpl-dag.o)
                0x000000000002a1c0                rpl_parents
 .data          0x000000000002a1c4        0x0 obj_cooja/mtype637.a(rpl-ext-header.)
 .data          0x000000000002a1c4       0x34 obj_cooja/mtype637.a(rpl-icmp6.o)
 .data          0x000000000002a1f8       0x1c obj_cooja/mtype637.a(rpl-mrhof.o)
                0x000000000002a1f8                rpl_mrhof
 .data          0x000000000002a214        0x0 obj_cooja/mtype637.a(rpl-timers.o)
 .data          0x000000000002a214        0x0 obj_cooja/mtype637.a(rpl.o)
 .data          0x000000000002a214        0x0 obj_cooja/mtype637.a(linkaddr.o)
 .data          0x000000000002a214       0x10 obj_cooja/mtype637.a(nbr-table.o)
 .data          0x000000000002a224        0x0 obj_cooja/mtype637.a(netstack.o)
 .data          0x000000000002a224        0x4 obj_cooja/mtype637.a(packetbuf.o)
 .data          0x000000000002a228       0x18 obj_cooja/mtype637.a(queuebuf.o)
 .data          0x000000000002a240       0x28 obj_cooja/mtype637.a(csma.o)
 .data          0x000000000002a268        0x0 obj_cooja/mtype637.a(framer-802154.o)
 .data          0x000000000002a268        0x0 obj_cooja/mtype637.a(framer.o)
 .data          0x000000000002a268        0x0 obj_cooja/mtype637.a(mac.o)
 .data          0x000000000002a268        0x0 obj_cooja/mtype637.a(nullrdc.o)
 .data          0x000000000002a268        0x0 obj_cooja/mtype637.a(nullsec.o)
 .data          0x000000000002a268        0x0 obj_cooja/mtype637.a(watchdog.o)
 .data          0x000000000002a268        0x0 obj_cooja/mtype637.a(rimestats.o)
 .data          0x000000000002a268        0x0 obj_cooja/mtype637.a(stimer.o)
 .data          0x000000000002a268       0x20 obj_cooja/mtype637.a(uip-icmp6.o)
 .data          0x000000000002a288        0x0 obj_cooja/mtype637.a(frame802154.o)
 .data          0x000000000002a288        0x0 obj_cooja/mtype637.a(mac-sequence.o)
 .data          0x000000000002a288        0x0 /usr/lib/gcc/i686-linux-gnu/4.8/crtendS.o
 .data          0x000000000002a288        0x0 /usr/lib/gcc/i686-linux-gnu/4.8/../../../i386-linux-gnu/crtn.o

.tm_clone_table
                0x000000000002a288        0x0
 .tm_clone_table
                0x000000000002a288        0x0 /usr/lib/gcc/i686-linux-gnu/4.8/crtbeginS.o
 .tm_clone_table
                0x000000000002a288        0x0 /usr/lib/gcc/i686-linux-gnu/4.8/crtendS.o

.data1
 *(.data1)
                0x000000000002a288                _edata = .
                0x000000000002a288                PROVIDE (edata, .)
                0x000000000002a288                . = .
                0x000000000002a288                __bss_start = .

.bss            0x000000000002a2a0    0x120e8
 *(.dynbss)
 .dynbss        0x0000000000000000        0x0 /usr/lib/gcc/i686-linux-gnu/4.8/../../../i386-linux-gnu/crti.o
 *(.bss .bss.* .gnu.linkonce.b.*)
 .bss           0x000000000002a2a0        0x0 /usr/lib/gcc/i686-linux-gnu/4.8/../../../i386-linux-gnu/crti.o
 .bss           0x000000000002a2a0        0x1 /usr/lib/gcc/i686-linux-gnu/4.8/crtbeginS.o
 *fill*         0x000000000002a2a1       0x1f 
 .bss           0x000000000002a2c0       0x48 unicast-sender.co
 *fill*         0x000000000002a308       0x18 
 .bss           0x000000000002a320     0x2030 obj_cooja/mtype637.o
 *fill*         0x000000000002c350       0x10 
 .bss           0x000000000002c360      0x24c obj_cooja/mtype637.a(servreg-hack.o)
 .bss           0x000000000002c5ac        0x1 obj_cooja/mtype637.a(simEnvChange.o)
                0x000000000002c5ac                simDontFallAsleep
 *fill*         0x000000000002c5ad        0x3 
 .bss           0x000000000002c5b0        0x4 obj_cooja/mtype637.a(cooja_mt.o)
 .bss           0x000000000002c5b4        0x4 obj_cooja/mtype637.a(cooja_mtarch.o)
 .bss           0x000000000002c5b8        0xc obj_cooja/mtype637.a(rtimer-arch.o)
 .bss           0x000000000002c5c4        0x0 obj_cooja/mtype637.a(beep.o)
 .bss           0x000000000002c5c4        0x8 obj_cooja/mtype637.a(button-sensor.o)
 .bss           0x000000000002c5cc        0x0 obj_cooja/mtype637.a(leds-arch.o)
 .bss           0x000000000002c5cc        0x0 obj_cooja/mtype637.a(moteid.o)
 .bss           0x000000000002c5cc        0x1 obj_cooja/mtype637.a(pir-sensor.o)
                0x000000000002c5cc                simPirValue
 *fill*         0x000000000002c5cd        0x3 
 .bss           0x000000000002c5d0        0x4 obj_cooja/mtype637.a(rs232.o)
 .bss           0x000000000002c5d4        0x1 obj_cooja/mtype637.a(vib-sensor.o)
                0x000000000002c5d4                simVibValue
 .bss           0x000000000002c5d5        0x0 obj_cooja/mtype637.a(clock.o)
 *fill*         0x000000000002c5d5        0xb 
 .bss           0x000000000002c5e0      0x420 obj_cooja/mtype637.a(log.o)
 .bss           0x000000000002ca00      0xfbc obj_cooja/mtype637.a(cfs-cooja.o)
                0x000000000002ca00                simCFSData
                0x000000000002d9a0                simCFSChanged
                0x000000000002d9a4                simCFSRead
                0x000000000002d9a8                simCFSWritten
 .bss           0x000000000002d9bc       0x10 obj_cooja/mtype637.a(cooja-radio.o)
                0x000000000002d9bc                simReceiving
                0x000000000002d9c0                simInSize
                0x000000000002d9c4                simOutSize
 .bss           0x000000000002d9cc        0xc obj_cooja/mtype637.a(eeprom.o)
                0x000000000002d9cc                simEEPROMChanged
                0x000000000002d9d0                simEEPROMRead
                0x000000000002d9d4                simEEPROMWritten
 .bss           0x000000000002d9d8        0x0 obj_cooja/mtype637.a(random.o)
 .bss           0x000000000002d9d8        0xc obj_cooja/mtype637.a(sensors.o)
 .bss           0x000000000002d9e4        0x0 obj_cooja/mtype637.a(autostart.o)
 .bss           0x000000000002d9e4        0x5 obj_cooja/mtype637.a(ctimer.o)
 *fill*         0x000000000002d9e9        0x3 
 .bss           0x000000000002d9ec        0x8 obj_cooja/mtype637.a(etimer.o)
 *fill*         0x000000000002d9f4        0xc 
 .bss           0x000000000002da00      0x1b1 obj_cooja/mtype637.a(process.o)
                0x000000000002da00                process_list
                0x000000000002da04                process_current
 *fill*         0x000000000002dbb1        0x3 
 .bss           0x000000000002dbb4        0x4 obj_cooja/mtype637.a(rtimer.o)
 .bss           0x000000000002dbb8        0x0 obj_cooja/mtype637.a(timer.o)
 *fill*         0x000000000002dbb8        0x8 
 .bss           0x000000000002dbc0      0x140 obj_cooja/mtype637.a(serial-line.o)
 .bss           0x000000000002dd00        0x0 obj_cooja/mtype637.a(list.o)
 .bss           0x000000000002dd00        0x0 obj_cooja/mtype637.a(memb.o)
 .bss           0x000000000002dd00        0x0 obj_cooja/mtype637.a(ringbuf.o)
 .bss           0x000000000002dd00      0x694 obj_cooja/mtype637.a(sicslowpan.o)
 *fill*         0x000000000002e394        0xc 
 .bss           0x000000000002e3a0     0x3390 obj_cooja/mtype637.a(uip-ds6-nbr.o)
 *fill*         0x0000000000031730       0x10 
 .bss           0x0000000000031740     0x44a8 obj_cooja/mtype637.a(uip-ds6-route.o)
 .bss           0x0000000000035be8       0x20 obj_cooja/mtype637.a(uip-ds6.o)
 .bss           0x0000000000035c08       0x14 obj_cooja/mtype637.a(uip-nd6.o)
 .bss           0x0000000000035c1c        0xe obj_cooja/mtype637.a(uip6.o)
                0x0000000000035c1c                uip_ext_bitmap
                0x0000000000035c1d                uip_ext_len
                0x0000000000035c1e                uip_ext_opt_offset
 *fill*         0x0000000000035c2a       0x16 
 .bss           0x0000000000035c40      0x660 obj_cooja/mtype637.a(simple-udp.o)
 .bss           0x00000000000362a0       0x6f obj_cooja/mtype637.a(tcpip.o)
 .bss           0x000000000003630f        0x0 obj_cooja/mtype637.a(uip-debug.o)
 *fill*         0x000000000003630f       0x11 
 .bss           0x0000000000036320      0xcf8 obj_cooja/mtype637.a(uip-packetqueue)
 .bss           0x0000000000037018        0x0 obj_cooja/mtype637.a(uip-udp-packet.)
 *fill*         0x0000000000037018        0x8 
 .bss           0x0000000000037020     0x1770 obj_cooja/mtype637.a(rpl-dag.o)
 .bss           0x0000000000038790        0x0 obj_cooja/mtype637.a(rpl-ext-header.)
 .bss           0x0000000000038790        0x0 obj_cooja/mtype637.a(rpl-icmp6.o)
 .bss           0x0000000000038790        0x0 obj_cooja/mtype637.a(rpl-mrhof.o)
 *fill*         0x0000000000038790       0x10 
 .bss           0x00000000000387a0       0x23 obj_cooja/mtype637.a(rpl-timers.o)
 *fill*         0x00000000000387c3        0x1 
 .bss           0x00000000000387c4        0x4 obj_cooja/mtype637.a(rpl.o)
 .bss           0x00000000000387c8        0x0 obj_cooja/mtype637.a(linkaddr.o)
 *fill*         0x00000000000387c8       0x18 
 .bss           0x00000000000387e0     0x1214 obj_cooja/mtype637.a(nbr-table.o)
 .bss           0x00000000000399f4        0x0 obj_cooja/mtype637.a(netstack.o)
 *fill*         0x00000000000399f4        0xc 
 .bss           0x0000000000039a00       0xd4 obj_cooja/mtype637.a(packetbuf.o)
 *fill*         0x0000000000039ad4        0xc 
 .bss           0x0000000000039ae0      0xb80 obj_cooja/mtype637.a(queuebuf.o)
 .bss           0x000000000003a660      0x248 obj_cooja/mtype637.a(csma.o)
 .bss           0x000000000003a8a8        0x2 obj_cooja/mtype637.a(framer-802154.o)
 .bss           0x000000000003a8aa        0x0 obj_cooja/mtype637.a(framer.o)
 .bss           0x000000000003a8aa        0x0 obj_cooja/mtype637.a(mac.o)
 .bss           0x000000000003a8aa        0x0 obj_cooja/mtype637.a(nullrdc.o)
 .bss           0x000000000003a8aa        0x0 obj_cooja/mtype637.a(nullsec.o)
 .bss           0x000000000003a8aa        0x0 obj_cooja/mtype637.a(watchdog.o)
 .bss           0x000000000003a8aa        0x0 obj_cooja/mtype637.a(rimestats.o)
 .bss           0x000000000003a8aa        0x0 obj_cooja/mtype637.a(stimer.o)
 *fill*         0x000000000003a8aa        0x2 
 .bss           0x000000000003a8ac       0x18 obj_cooja/mtype637.a(uip-icmp6.o)
 .bss           0x000000000003a8c4        0x0 obj_cooja/mtype637.a(frame802154.o)
 *fill*         0x000000000003a8c4       0x1c 
 .bss           0x000000000003a8e0       0x90 obj_cooja/mtype637.a(mac-sequence.o)
 .bss           0x000000000003a970        0x0 /usr/lib/gcc/i686-linux-gnu/4.8/crtendS.o
 .bss           0x000000000003a970        0x0 /usr/lib/gcc/i686-linux-gnu/4.8/../../../i386-linux-gnu/crtn.o
 *(COMMON)
 COMMON         0x000000000003a970        0x8 obj_cooja/mtype637.o
                0x000000000003a970                referenceVar
                0x000000000003a974                sensors_flags
 COMMON         0x000000000003a978        0xc obj_cooja/mtype637.a(simEnvChange.o)
                0x000000000003a978                simEtimerPending
                0x000000000003a97c                simProcessRunValue
                0x000000000003a980                simNextExpirationTime
 COMMON         0x000000000003a984        0x1 obj_cooja/mtype637.a(beep.o)
                0x000000000003a984                simBeeped
 COMMON         0x000000000003a985        0x3 obj_cooja/mtype637.a(button-sensor.o)
                0x000000000003a985                simButtonIsActive
                0x000000000003a986                simButtonIsDown
                0x000000000003a987                simButtonChanged
 COMMON         0x000000000003a988        0x1 obj_cooja/mtype637.a(leds-arch.o)
                0x000000000003a988                simLedsValue
 *fill*         0x000000000003a989        0x3 
 COMMON         0x000000000003a98c        0xc obj_cooja/mtype637.a(moteid.o)
                0x000000000003a98c                simRandomSeed
                0x000000000003a990                simMoteIDChanged
                0x000000000003a994                simMoteID
 COMMON         0x000000000003a998        0x2 obj_cooja/mtype637.a(pir-sensor.o)
                0x000000000003a998                simPirIsActive
                0x000000000003a999                simPirChanged
 *fill*         0x000000000003a99a        0x6 
 COMMON         0x000000000003a9a0      0x420 obj_cooja/mtype637.a(rs232.o)
                0x000000000003a9a0                simSerialReceivingFlag
                0x000000000003a9a4                simSerialReceivingLength
                0x000000000003a9c0                simSerialReceivingData
 COMMON         0x000000000003adc0        0x2 obj_cooja/mtype637.a(vib-sensor.o)
                0x000000000003adc0                simVibChanged
                0x000000000003adc1                simVibIsActive
 *fill*         0x000000000003adc2        0x2 
 COMMON         0x000000000003adc4        0x4 obj_cooja/mtype637.a(clock.o)
                0x000000000003adc4                simCurrentTime
 *fill*         0x000000000003adc8       0x18 
 COMMON         0x000000000003ade0      0x420 obj_cooja/mtype637.a(log.o)
                0x000000000003ade0                simLoggedLength
                0x000000000003ade4                simLoggedFlag
                0x000000000003ae00                simLoggedData
 COMMON         0x000000000003b200      0x100 obj_cooja/mtype637.a(cooja-radio.o)
                0x000000000003b200                simOutDataBuffer
                0x000000000003b280                simInDataBuffer
 COMMON         0x000000000003b300      0x400 obj_cooja/mtype637.a(eeprom.o)
                0x000000000003b300                simEEPROMData
 COMMON         0x000000000003b700        0x1 obj_cooja/mtype637.a(sensors.o)
                0x000000000003b700                sensors_event
 COMMON         0x000000000003b701        0x1 obj_cooja/mtype637.a(serial-line.o)
                0x000000000003b701                serial_line_event_message
 COMMON         0x000000000003b702        0x8 obj_cooja/mtype637.a(sicslowpan.o)
                0x000000000003b702                frag_sender
 *fill*         0x000000000003b70a       0x16 
 COMMON         0x000000000003b720      0x181 obj_cooja/mtype637.a(uip-ds6.o)
                0x000000000003b720                uip_ds6_prefix_list
                0x000000000003b780                uip_ds6_timer_periodic
                0x000000000003b790                uip_ds6_netif_addr_list_offset
                0x000000000003b7a0                uip_ds6_if
                0x000000000003b898                uip_ds6_timer_ra
                0x000000000003b8a0                uip_ds6_addr_size
 *fill*         0x000000000003b8a1       0x1f 
 COMMON         0x000000000003b8c0      0x8ec obj_cooja/mtype637.a(uip6.o)
                0x000000000003b8c0                uip_slen
                0x000000000003b8c2                uip_acc32
                0x000000000003b8e0                uip_conns
                0x000000000003b9a0                uip_lladdr
                0x000000000003b9a8                uip_appdata
                0x000000000003b9ac                uip_flags
                0x000000000003b9c0                uip_aligned_buf
                0x000000000003c000                uip_listenports
                0x000000000003c010                uip_len
                0x000000000003c014                uip_sappdata
                0x000000000003c020                uip_udp_conns
                0x000000000003c1a0                uip_udp_conn
                0x000000000003c1a4                uip_next_hdr
                0x000000000003c1a8                uip_conn
 COMMON         0x000000000003c1ac        0x1 obj_cooja/mtype637.a(tcpip.o)
                0x000000000003c1ac                tcpip_event
 *fill*         0x000000000003c1ad       0x13 
 COMMON         0x000000000003c1c0      0x144 obj_cooja/mtype637.a(rpl-dag.o)
                0x000000000003c1c0                default_instance
                0x000000000003c1e0                instance_table
 COMMON         0x000000000003c304        0x8 obj_cooja/mtype637.a(linkaddr.o)
                0x000000000003c304                linkaddr_node_addr
 COMMON         0x000000000003c30c       0x2e obj_cooja/mtype637.a(packetbuf.o)
                0x000000000003c30c                packetbuf_attrs
                0x000000000003c32a                packetbuf_addrs
 *fill*         0x000000000003c33a        0x6 
 COMMON         0x000000000003c340       0x48 obj_cooja/mtype637.a(rimestats.o)
                0x000000000003c340                rimestats
                0x000000000003c388                . = ALIGN ((. != 0x0)?0x4:0x1)
                0x000000000003c388                . = ALIGN (0x4)
                0x000000000003c388                . = SEGMENT_START ("ldata-segment", .)
                0x000000000003c388                . = ALIGN (0x4)
                0x000000000003c388                _end = .
                0x000000000003c388                PROVIDE (end, .)
                0x000000000003c388                . = DATA_SEGMENT_END (.)

.stab
 *(.stab)

.stabstr
 *(.stabstr)

.stab.excl
 *(.stab.excl)

.stab.exclstr
 *(.stab.exclstr)

.stab.index
 *(.stab.index)

.stab.indexstr
 *(.stab.indexstr)

.comment        0x0000000000000000       0x29
 *(.comment)
 .comment       0x0000000000000000       0x29 /usr/lib/gcc/i686-linux-gnu/4.8/crtbeginS.o
                                         0x2a (size before relaxing)
 .comment       0x0000000000000000       0x2a unicast-sender.co
 .comment       0x0000000000000000       0x2a obj_cooja/mtype637.o
 .comment       0x0000000000000000       0x2a obj_cooja/mtype637.a(servreg-hack.o)
 .comment       0x0000000000000000       0x2a obj_cooja/mtype637.a(simEnvChange.o)
 .comment       0x0000000000000000       0x2a obj_cooja/mtype637.a(cooja_mt.o)
 .comment       0x0000000000000000       0x2a obj_cooja/mtype637.a(cooja_mtarch.o)
 .comment       0x0000000000000000       0x2a obj_cooja/mtype637.a(rtimer-arch.o)
 .comment       0x0000000000000000       0x2a obj_cooja/mtype637.a(beep.o)
 .comment       0x0000000000000000       0x2a obj_cooja/mtype637.a(button-sensor.o)
 .comment       0x0000000000000000       0x2a obj_cooja/mtype637.a(leds-arch.o)
 .comment       0x0000000000000000       0x2a obj_cooja/mtype637.a(moteid.o)
 .comment       0x0000000000000000       0x2a obj_cooja/mtype637.a(pir-sensor.o)
 .comment       0x0000000000000000       0x2a obj_cooja/mtype637.a(rs232.o)
 .comment       0x0000000000000000       0x2a obj_cooja/mtype637.a(vib-sensor.o)
 .comment       0x0000000000000000       0x2a obj_cooja/mtype637.a(clock.o)
 .comment       0x0000000000000000       0x2a obj_cooja/mtype637.a(log.o)
 .comment       0x0000000000000000       0x2a obj_cooja/mtype637.a(cfs-cooja.o)
 .comment       0x0000000000000000       0x2a obj_cooja/mtype637.a(cooja-radio.o)
 .comment       0x0000000000000000       0x2a obj_cooja/mtype637.a(eeprom.o)
 .comment       0x0000000000000000       0x2a obj_cooja/mtype637.a(random.o)
 .comment       0x0000000000000000       0x2a obj_cooja/mtype637.a(sensors.o)
 .comment       0x0000000000000000       0x2a obj_cooja/mtype637.a(autostart.o)
 .comment       0x0000000000000000       0x2a obj_cooja/mtype637.a(ctimer.o)
 .comment       0x0000000000000000       0x2a obj_cooja/mtype637.a(etimer.o)
 .comment       0x0000000000000000       0x2a obj_cooja/mtype637.a(process.o)
 .comment       0x0000000000000000       0x2a obj_cooja/mtype637.a(rtimer.o)
 .comment       0x0000000000000000       0x2a obj_cooja/mtype637.a(timer.o)
 .comment       0x0000000000000000       0x2a obj_cooja/mtype637.a(serial-line.o)
 .comment       0x0000000000000000       0x2a obj_cooja/mtype637.a(list.o)
 .comment       0x0000000000000000       0x2a obj_cooja/mtype637.a(memb.o)
 .comment       0x0000000000000000       0x2a obj_cooja/mtype637.a(ringbuf.o)
 .comment       0x0000000000000000       0x2a obj_cooja/mtype637.a(sicslowpan.o)
 .comment       0x0000000000000000       0x2a obj_cooja/mtype637.a(uip-ds6-nbr.o)
 .comment       0x0000000000000000       0x2a obj_cooja/mtype637.a(uip-ds6-route.o)
 .comment       0x0000000000000000       0x2a obj_cooja/mtype637.a(uip-ds6.o)
 .comment       0x0000000000000000       0x2a obj_cooja/mtype637.a(uip-nd6.o)
 .comment       0x0000000000000000       0x2a obj_cooja/mtype637.a(uip6.o)
 .comment       0x0000000000000000       0x2a obj_cooja/mtype637.a(simple-udp.o)
 .comment       0x0000000000000000       0x2a obj_cooja/mtype637.a(tcpip.o)
 .comment       0x0000000000000000       0x2a obj_cooja/mtype637.a(uip-debug.o)
 .comment       0x0000000000000000       0x2a obj_cooja/mtype637.a(uip-packetqueue)
 .comment       0x0000000000000000       0x2a obj_cooja/mtype637.a(uip-udp-packet.)
 .comment       0x0000000000000000       0x2a obj_cooja/mtype637.a(rpl-dag.o)
 .comment       0x0000000000000000       0x2a obj_cooja/mtype637.a(rpl-ext-header.)
 .comment       0x0000000000000000       0x2a obj_cooja/mtype637.a(rpl-icmp6.o)
 .comment       0x0000000000000000       0x2a obj_cooja/mtype637.a(rpl-mrhof.o)
 .comment       0x0000000000000000       0x2a obj_cooja/mtype637.a(rpl-timers.o)
 .comment       0x0000000000000000       0x2a obj_cooja/mtype637.a(rpl.o)
 .comment       0x0000000000000000       0x2a obj_cooja/mtype637.a(linkaddr.o)
 .comment       0x0000000000000000       0x2a obj_cooja/mtype637.a(nbr-table.o)
 .comment       0x0000000000000000       0x2a obj_cooja/mtype637.a(netstack.o)
 .comment       0x0000000000000000       0x2a obj_cooja/mtype637.a(packetbuf.o)
 .comment       0x0000000000000000       0x2a obj_cooja/mtype637.a(queuebuf.o)
 .comment       0x0000000000000000       0x2a obj_cooja/mtype637.a(csma.o)
 .comment       0x0000000000000000       0x2a obj_cooja/mtype637.a(framer-802154.o)
 .comment       0x0000000000000000       0x2a obj_cooja/mtype637.a(framer.o)
 .comment       0x0000000000000000       0x2a obj_cooja/mtype637.a(mac.o)
 .comment       0x0000000000000000       0x2a obj_cooja/mtype637.a(nullrdc.o)
 .comment       0x0000000000000000       0x2a obj_cooja/mtype637.a(nullsec.o)
 .comment       0x0000000000000000       0x2a obj_cooja/mtype637.a(watchdog.o)
 .comment       0x0000000000000000       0x2a obj_cooja/mtype637.a(rimestats.o)
 .comment       0x0000000000000000       0x2a obj_cooja/mtype637.a(stimer.o)
 .comment       0x0000000000000000       0x2a obj_cooja/mtype637.a(uip-icmp6.o)
 .comment       0x0000000000000000       0x2a obj_cooja/mtype637.a(frame802154.o)
 .comment       0x0000000000000000       0x2a obj_cooja/mtype637.a(mac-sequence.o)
 .comment       0x0000000000000000       0x2a /usr/lib/gcc/i686-linux-gnu/4.8/crtendS.o

.debug
 *(.debug)

.line
 *(.line)

.debug_srcinfo
 *(.debug_srcinfo)

.debug_sfnames
 *(.debug_sfnames)

.debug_aranges  0x0000000000000000      0x818
 *(.debug_aranges)
 .debug_aranges
                0x0000000000000000       0x20 unicast-sender.co
 .debug_aranges
                0x0000000000000020       0x20 obj_cooja/mtype637.o
 .debug_aranges
                0x0000000000000040       0x20 obj_cooja/mtype637.a(servreg-hack.o)
 .debug_aranges
                0x0000000000000060       0x20 obj_cooja/mtype637.a(simEnvChange.o)
 .debug_aranges
                0x0000000000000080       0x20 obj_cooja/mtype637.a(cooja_mt.o)
 .debug_aranges
                0x00000000000000a0       0x20 obj_cooja/mtype637.a(cooja_mtarch.o)
 .debug_aranges
                0x00000000000000c0       0x20 obj_cooja/mtype637.a(rtimer-arch.o)
 .debug_aranges
                0x00000000000000e0       0x20 obj_cooja/mtype637.a(beep.o)
 .debug_aranges
                0x0000000000000100       0x20 obj_cooja/mtype637.a(button-sensor.o)
 .debug_aranges
                0x0000000000000120       0x20 obj_cooja/mtype637.a(leds-arch.o)
 .debug_aranges
                0x0000000000000140       0x20 obj_cooja/mtype637.a(moteid.o)
 .debug_aranges
                0x0000000000000160       0x20 obj_cooja/mtype637.a(pir-sensor.o)
 .debug_aranges
                0x0000000000000180       0x20 obj_cooja/mtype637.a(rs232.o)
 .debug_aranges
                0x00000000000001a0       0x20 obj_cooja/mtype637.a(vib-sensor.o)
 .debug_aranges
                0x00000000000001c0       0x20 obj_cooja/mtype637.a(clock.o)
 .debug_aranges
                0x00000000000001e0       0x20 obj_cooja/mtype637.a(log.o)
 .debug_aranges
                0x0000000000000200       0x20 obj_cooja/mtype637.a(cfs-cooja.o)
 .debug_aranges
                0x0000000000000220       0x20 obj_cooja/mtype637.a(cooja-radio.o)
 .debug_aranges
                0x0000000000000240       0x20 obj_cooja/mtype637.a(eeprom.o)
 .debug_aranges
                0x0000000000000260       0x20 obj_cooja/mtype637.a(random.o)
 .debug_aranges
                0x0000000000000280       0x20 obj_cooja/mtype637.a(sensors.o)
 .debug_aranges
                0x00000000000002a0       0x20 obj_cooja/mtype637.a(autostart.o)
 .debug_aranges
                0x00000000000002c0       0x20 obj_cooja/mtype637.a(ctimer.o)
 .debug_aranges
                0x00000000000002e0       0x20 obj_cooja/mtype637.a(etimer.o)
 .debug_aranges
                0x0000000000000300       0x20 obj_cooja/mtype637.a(process.o)
 .debug_aranges
                0x0000000000000320       0x20 obj_cooja/mtype637.a(rtimer.o)
 .debug_aranges
                0x0000000000000340       0x20 obj_cooja/mtype637.a(timer.o)
 .debug_aranges
                0x0000000000000360       0x20 obj_cooja/mtype637.a(serial-line.o)
 .debug_aranges
                0x0000000000000380       0x20 obj_cooja/mtype637.a(list.o)
 .debug_aranges
                0x00000000000003a0       0x20 obj_cooja/mtype637.a(memb.o)
 .debug_aranges
                0x00000000000003c0       0x20 obj_cooja/mtype637.a(ringbuf.o)
 .debug_aranges
                0x00000000000003e0       0x20 obj_cooja/mtype637.a(sicslowpan.o)
 .debug_aranges
                0x0000000000000400       0x20 obj_cooja/mtype637.a(uip-ds6-nbr.o)
 .debug_aranges
                0x0000000000000420       0x20 obj_cooja/mtype637.a(uip-ds6-route.o)
 .debug_aranges
                0x0000000000000440       0x20 obj_cooja/mtype637.a(uip-ds6.o)
 .debug_aranges
                0x0000000000000460       0x20 obj_cooja/mtype637.a(uip-nd6.o)
 .debug_aranges
                0x0000000000000480       0x20 obj_cooja/mtype637.a(uip6.o)
 .debug_aranges
                0x00000000000004a0       0x20 obj_cooja/mtype637.a(simple-udp.o)
 .debug_aranges
                0x00000000000004c0       0x20 obj_cooja/mtype637.a(tcpip.o)
 .debug_aranges
                0x00000000000004e0       0x20 obj_cooja/mtype637.a(uip-debug.o)
 .debug_aranges
                0x0000000000000500       0x20 obj_cooja/mtype637.a(uip-packetqueue)
 .debug_aranges
                0x0000000000000520       0x20 obj_cooja/mtype637.a(uip-udp-packet.)
 .debug_aranges
                0x0000000000000540       0x20 obj_cooja/mtype637.a(rpl-dag.o)
 .debug_aranges
                0x0000000000000560       0x20 obj_cooja/mtype637.a(rpl-ext-header.)
 .debug_aranges
                0x0000000000000580       0x20 obj_cooja/mtype637.a(rpl-icmp6.o)
 .debug_aranges
                0x00000000000005a0       0x20 obj_cooja/mtype637.a(rpl-mrhof.o)
 .debug_aranges
                0x00000000000005c0       0x20 obj_cooja/mtype637.a(rpl-timers.o)
 .debug_aranges
                0x00000000000005e0       0x20 obj_cooja/mtype637.a(rpl.o)
 .debug_aranges
                0x0000000000000600       0x20 obj_cooja/mtype637.a(linkaddr.o)
 .debug_aranges
                0x0000000000000620       0x20 obj_cooja/mtype637.a(nbr-table.o)
 .debug_aranges
                0x0000000000000640       0x20 obj_cooja/mtype637.a(netstack.o)
 .debug_aranges
                0x0000000000000660       0x20 obj_cooja/mtype637.a(packetbuf.o)
 .debug_aranges
                0x0000000000000680       0x20 obj_cooja/mtype637.a(queuebuf.o)
 .debug_aranges
                0x00000000000006a0       0x20 obj_cooja/mtype637.a(csma.o)
 .debug_aranges
                0x00000000000006c0       0x20 obj_cooja/mtype637.a(framer-802154.o)
 .debug_aranges
                0x00000000000006e0       0x20 obj_cooja/mtype637.a(framer.o)
 .debug_aranges
                0x0000000000000700       0x20 obj_cooja/mtype637.a(mac.o)
 .debug_aranges
                0x0000000000000720       0x20 obj_cooja/mtype637.a(nullrdc.o)
 .debug_aranges
                0x0000000000000740       0x20 obj_cooja/mtype637.a(nullsec.o)
 .debug_aranges
                0x0000000000000760       0x20 obj_cooja/mtype637.a(watchdog.o)
 .debug_aranges
                0x0000000000000780       0x18 obj_cooja/mtype637.a(rimestats.o)
 .debug_aranges
                0x0000000000000798       0x20 obj_cooja/mtype637.a(stimer.o)
 .debug_aranges
                0x00000000000007b8       0x20 obj_cooja/mtype637.a(uip-icmp6.o)
 .debug_aranges
                0x00000000000007d8       0x20 obj_cooja/mtype637.a(frame802154.o)
 .debug_aranges
                0x00000000000007f8       0x20 obj_cooja/mtype637.a(mac-sequence.o)

.debug_pubnames
 *(.debug_pubnames)

.debug_info     0x0000000000000000    0x1a93f
 *(.debug_info .gnu.linkonce.wi.*)
 .debug_info    0x0000000000000000      0x712 unicast-sender.co
 .debug_info    0x0000000000000712     0x3711 obj_cooja/mtype637.o
 .debug_info    0x0000000000003e23      0x806 obj_cooja/mtype637.a(servreg-hack.o)
 .debug_info    0x0000000000004629      0x15a obj_cooja/mtype637.a(simEnvChange.o)
 .debug_info    0x0000000000004783      0x1e2 obj_cooja/mtype637.a(cooja_mt.o)
 .debug_info    0x0000000000004965      0x2e7 obj_cooja/mtype637.a(cooja_mtarch.o)
 .debug_info    0x0000000000004c4c      0x16b obj_cooja/mtype637.a(rtimer-arch.o)
 .debug_info    0x0000000000004db7      0x1f3 obj_cooja/mtype637.a(beep.o)
 .debug_info    0x0000000000004faa      0x257 obj_cooja/mtype637.a(button-sensor.o)
 .debug_info    0x0000000000005201      0x132 obj_cooja/mtype637.a(leds-arch.o)
 .debug_info    0x0000000000005333      0x10a obj_cooja/mtype637.a(moteid.o)
 .debug_info    0x000000000000543d      0x216 obj_cooja/mtype637.a(pir-sensor.o)
 .debug_info    0x0000000000005653      0x22b obj_cooja/mtype637.a(rs232.o)
 .debug_info    0x000000000000587e      0x216 obj_cooja/mtype637.a(vib-sensor.o)
 .debug_info    0x0000000000005a94      0x152 obj_cooja/mtype637.a(clock.o)
 .debug_info    0x0000000000005be6      0x2bb obj_cooja/mtype637.a(log.o)
 .debug_info    0x0000000000005ea1      0x3d5 obj_cooja/mtype637.a(cfs-cooja.o)
 .debug_info    0x0000000000006276      0xba8 obj_cooja/mtype637.a(cooja-radio.o)
 .debug_info    0x0000000000006e1e      0x214 obj_cooja/mtype637.a(eeprom.o)
 .debug_info    0x0000000000007032       0xb3 obj_cooja/mtype637.a(random.o)
 .debug_info    0x00000000000070e5      0x36d obj_cooja/mtype637.a(sensors.o)
 .debug_info    0x0000000000007452      0x1a5 obj_cooja/mtype637.a(autostart.o)
 .debug_info    0x00000000000075f7      0x418 obj_cooja/mtype637.a(ctimer.o)
 .debug_info    0x0000000000007a0f      0x46b obj_cooja/mtype637.a(etimer.o)
 .debug_info    0x0000000000007e7a      0x4ba obj_cooja/mtype637.a(process.o)
 .debug_info    0x0000000000008334      0x1ab obj_cooja/mtype637.a(rtimer.o)
 .debug_info    0x00000000000084df      0x16c obj_cooja/mtype637.a(timer.o)
 .debug_info    0x000000000000864b      0x2de obj_cooja/mtype637.a(serial-line.o)
 .debug_info    0x0000000000008929      0x2ed obj_cooja/mtype637.a(list.o)
 .debug_info    0x0000000000008c16      0x1d7 obj_cooja/mtype637.a(memb.o)
 .debug_info    0x0000000000008ded      0x1aa obj_cooja/mtype637.a(ringbuf.o)
 .debug_info    0x0000000000008f97      0xe39 obj_cooja/mtype637.a(sicslowpan.o)
 .debug_info    0x0000000000009dd0      0xab8 obj_cooja/mtype637.a(uip-ds6-nbr.o)
 .debug_info    0x000000000000a888      0xcc7 obj_cooja/mtype637.a(uip-ds6-route.o)
 .debug_info    0x000000000000b54f      0xa45 obj_cooja/mtype637.a(uip-ds6.o)
 .debug_info    0x000000000000bf94      0x9d6 obj_cooja/mtype637.a(uip-nd6.o)
 .debug_info    0x000000000000c96a      0xe26 obj_cooja/mtype637.a(uip6.o)
 .debug_info    0x000000000000d790      0x71c obj_cooja/mtype637.a(simple-udp.o)
 .debug_info    0x000000000000deac     0x1574 obj_cooja/mtype637.a(tcpip.o)
 .debug_info    0x000000000000f420      0x1b5 obj_cooja/mtype637.a(uip-debug.o)
 .debug_info    0x000000000000f5d5      0x470 obj_cooja/mtype637.a(uip-packetqueue)
 .debug_info    0x000000000000fa45      0x37a obj_cooja/mtype637.a(uip-udp-packet.)
 .debug_info    0x000000000000fdbf     0x1863 obj_cooja/mtype637.a(rpl-dag.o)
 .debug_info    0x0000000000011622      0xd5c obj_cooja/mtype637.a(rpl-ext-header.)
 .debug_info    0x000000000001237e     0x1467 obj_cooja/mtype637.a(rpl-icmp6.o)
 .debug_info    0x00000000000137e5      0xaa8 obj_cooja/mtype637.a(rpl-mrhof.o)
 .debug_info    0x000000000001428d      0xb0f obj_cooja/mtype637.a(rpl-timers.o)
 .debug_info    0x0000000000014d9c      0xc74 obj_cooja/mtype637.a(rpl.o)
 .debug_info    0x0000000000015a10      0x165 obj_cooja/mtype637.a(linkaddr.o)
 .debug_info    0x0000000000015b75      0x812 obj_cooja/mtype637.a(nbr-table.o)
 .debug_info    0x0000000000016387      0x461 obj_cooja/mtype637.a(netstack.o)
 .debug_info    0x00000000000167e8      0x4fa obj_cooja/mtype637.a(packetbuf.o)
 .debug_info    0x0000000000016ce2      0x583 obj_cooja/mtype637.a(queuebuf.o)
 .debug_info    0x0000000000017265      0xaeb obj_cooja/mtype637.a(csma.o)
 .debug_info    0x0000000000017d50      0x643 obj_cooja/mtype637.a(framer-802154.o)
 .debug_info    0x0000000000018393      0x285 obj_cooja/mtype637.a(framer.o)
 .debug_info    0x0000000000018618      0x112 obj_cooja/mtype637.a(mac.o)
 .debug_info    0x000000000001872a      0xc1f obj_cooja/mtype637.a(nullrdc.o)
 .debug_info    0x0000000000019349      0x42c obj_cooja/mtype637.a(nullsec.o)
 .debug_info    0x0000000000019775       0x7b obj_cooja/mtype637.a(watchdog.o)
 .debug_info    0x00000000000197f0      0x119 obj_cooja/mtype637.a(rimestats.o)
 .debug_info    0x0000000000019909      0x179 obj_cooja/mtype637.a(stimer.o)
 .debug_info    0x0000000000019a82      0x780 obj_cooja/mtype637.a(uip-icmp6.o)
 .debug_info    0x000000000001a202      0x4a0 obj_cooja/mtype637.a(frame802154.o)
 .debug_info    0x000000000001a6a2      0x29d obj_cooja/mtype637.a(mac-sequence.o)

.debug_abbrev   0x0000000000000000     0x6b8a
 *(.debug_abbrev)
 .debug_abbrev  0x0000000000000000      0x1aa unicast-sender.co
 .debug_abbrev  0x00000000000001aa      0x2c0 obj_cooja/mtype637.o
 .debug_abbrev  0x000000000000046a      0x292 obj_cooja/mtype637.a(servreg-hack.o)
 .debug_abbrev  0x00000000000006fc       0xc3 obj_cooja/mtype637.a(simEnvChange.o)
 .debug_abbrev  0x00000000000007bf       0xe6 obj_cooja/mtype637.a(cooja_mt.o)
 .debug_abbrev  0x00000000000008a5      0x147 obj_cooja/mtype637.a(cooja_mtarch.o)
 .debug_abbrev  0x00000000000009ec       0xcc obj_cooja/mtype637.a(rtimer-arch.o)
 .debug_abbrev  0x0000000000000ab8       0xe3 obj_cooja/mtype637.a(beep.o)
 .debug_abbrev  0x0000000000000b9b      0x11c obj_cooja/mtype637.a(button-sensor.o)
 .debug_abbrev  0x0000000000000cb7       0xe1 obj_cooja/mtype637.a(leds-arch.o)
 .debug_abbrev  0x0000000000000d98       0x9c obj_cooja/mtype637.a(moteid.o)
 .debug_abbrev  0x0000000000000e34       0xe6 obj_cooja/mtype637.a(pir-sensor.o)
 .debug_abbrev  0x0000000000000f1a      0x160 obj_cooja/mtype637.a(rs232.o)
 .debug_abbrev  0x000000000000107a       0xe6 obj_cooja/mtype637.a(vib-sensor.o)
 .debug_abbrev  0x0000000000001160       0xee obj_cooja/mtype637.a(clock.o)
 .debug_abbrev  0x000000000000124e      0x141 obj_cooja/mtype637.a(log.o)
 .debug_abbrev  0x000000000000138f      0x158 obj_cooja/mtype637.a(cfs-cooja.o)
 .debug_abbrev  0x00000000000014e7      0x2d6 obj_cooja/mtype637.a(cooja-radio.o)
 .debug_abbrev  0x00000000000017bd      0x11b obj_cooja/mtype637.a(eeprom.o)
 .debug_abbrev  0x00000000000018d8       0x6d obj_cooja/mtype637.a(random.o)
 .debug_abbrev  0x0000000000001945      0x1c2 obj_cooja/mtype637.a(sensors.o)
 .debug_abbrev  0x0000000000001b07       0xfb obj_cooja/mtype637.a(autostart.o)
 .debug_abbrev  0x0000000000001c02      0x1a1 obj_cooja/mtype637.a(ctimer.o)
 .debug_abbrev  0x0000000000001da3      0x1f1 obj_cooja/mtype637.a(etimer.o)
 .debug_abbrev  0x0000000000001f94      0x244 obj_cooja/mtype637.a(process.o)
 .debug_abbrev  0x00000000000021d8      0x124 obj_cooja/mtype637.a(rtimer.o)